192.168.0.4 - - [21/Apr/2014:16:29:58 +0100] "GET /horizon HTTP/1.1" 302 1733 "http://192.168.0.10/horizon/auth/login/" "Mozilla/5.0 (Windows NT 6.1; WOW64; rv:28.0) Gecko/20100101 Firefox/28.0"
192.168.0.4 - - [21/Apr/2014:16:29:58 +0100] "GET /horizon/admin/ HTTP/1.1" 200 4719 "http://192.168.0.10/horizon/auth/login/" "Mozilla/5.0 (Windows NT 6.1; WOW64; rv:28.0) Gecko/20100101 Firefox/28.0"
192.168.0.4 - - [21/Apr/2014:16:29:59 +0100] "GET /horizon/i18n/js/horizon/ HTTP/1.1" 200 3829 "http://192.168.0.10/horizon/admin/" "Mozilla/5.0 (Windows NT 6.1; WOW64; rv:28.0) Gecko/20100101 Firefox/28.0"
192.168.0.4 - - [21/Apr/2014:16:30:08 +0100] "GET /horizon/admin/instances/ HTTP/1.1" 200 8357 "http://192.168.0.10/horizon/admin/" "Mozilla/5.0 (Windows NT 6.1; WOW64; rv:28.0) Gecko/20100101 Firefox/28.0"
192.168.0.4 - - [21/Apr/2014:16:30:11 +0100] "GET /horizon/i18n/js/horizon/ HTTP/1.1" 200 3832 "http://192.168.0.10/horizon/admin/instances/" "Mozilla/5.0 (Windows NT 6.1; WOW64; rv:28.0) Gecko/20100101 Firefox/28.0"
192.168.0.4 - - [21/Apr/2014:16:30:18 +0100] "GET /horizon/admin/instances/?marker=c43f8c85-cfdb-4594-b306-211aa05e1838 HTTP/1.1" 200 4823 "http://192.168.0.10/horizon/admin/instances/" "Mozilla/5.0 (Windows NT 6.1; WOW64; rv:28.0) Gecko/20100101 Firefox/28.0"
192.168.0.5 - - [21/Apr/2014:16:30:17 +0100] "POST /horizon/project/instances/launch HTTP/1.1" 200 1843 "http://192.168.0.10/horizon/project/instances/" "Mozilla/5.0 (Windows NT 6.1; WOW64) AppleWebKit/537.36 (KHTML, like Gecko) Chrome/34.0.1847.116 Safari/537.36"
192.168.0.4 - - [21/Apr/2014:16:30:19 +0100] "GET /horizon/i18n/js/horizon/ HTTP/1.1" 200 3830 "http://192.168.0.10/horizon/admin/instances/?marker=c43f8c85-cfdb-4594-b306-211aa05e1838" "Mozilla/5.0 (Windows NT 6.1; WOW64; rv:28.0) Gecko/20100101 Firefox/28.0"
192.168.0.5 - - [21/Apr/2014:16:30:19 +0100] "GET /horizon/project/instances/ HTTP/1.1" 200 5874 "http://192.168.0.10/horizon/project/instances/" "Mozilla/5.0 (Windows NT 6.1; WOW64) AppleWebKit/537.36 (KHTML, like Gecko) Chrome/34.0.1847.116 Safari/537.36"
192.168.0.5 - - [21/Apr/2014:16:30:20 +0100] "GET /horizon/i18n/js/horizon/ HTTP/1.1" 200 3849 "http://192.168.0.10/horizon/project/instances/" "Mozilla/5.0 (Windows NT 6.1; WOW64) AppleWebKit/537.36 (KHTML, like Gecko) Chrome/34.0.1847.116 Safari/537.36"
192.168.0.5 - - [21/Apr/2014:16:30:20 +0100] "GET /horizon/project/instances/?action=row_update&table=instances&obj_id=950337db-08ec-4c93-b0ed-154d960e5740 HTTP/1.1" 200 2384 "http://192.168.0.10/horizon/project/instances/" "Mozilla/5.0 (Windows NT 6.1; WOW64) AppleWebKit/537.36 (KHTML, like Gecko) Chrome/34.0.1847.116 Safari/537.36"
192.168.0.5 - - [21/Apr/2014:16:30:22 +0100] "GET /horizon/project/instances/?action=row_update&table=instances&obj_id=950337db-08ec-4c93-b0ed-154d960e5740 HTTP/1.1" 200 2382 "http://192.168.0.10/horizon/project/instances/" "Mozilla/5.0 (Windows NT 6.1; WOW64) AppleWebKit/537.36 (KHTML, like Gecko) Chrome/34.0.1847.116 Safari/537.36"
192.168.0.5 - - [21/Apr/2014:16:30:25 +0100] "GET /horizon/project/instances/?action=row_update&table=instances&obj_id=950337db-08ec-4c93-b0ed-154d960e5740 HTTP/1.1" 200 2382 "http://192.168.0.10/horizon/project/instances/" "Mozilla/5.0 (Windows NT 6.1; WOW64) AppleWebKit/537.36 (KHTML, like Gecko) Chrome/34.0.1847.116 Safari/537.36"
192.168.0.5 - - [21/Apr/2014:16:30:27 +0100] "GET /horizon/project/instances/?action=row_update&table=instances&obj_id=950337db-08ec-4c93-b0ed-154d960e5740 HTTP/1.1" 200 2385 "http://192.168.0.10/horizon/project/instances/" "Mozilla/5.0 (Windows NT 6.1; WOW64) AppleWebKit/537.36 (KHTML, like Gecko) Chrome/34.0.1847.116 Safari/537.36"
192.168.0.5 - - [21/Apr/2014:16:30:32 +0100] "GET /horizon/project/instances/?action=row_update&table=instances&obj_id=950337db-08ec-4c93-b0ed-154d960e5740 HTTP/1.1" 200 2385 "http://192.168.0.10/horizon/project/instances/" "Mozilla/5.0 (Windows NT 6.1; WOW64) AppleWebKit/537.36 (KHTML, like Gecko) Chrome/34.0.1847.116 Safari/537.36"
192.168.0.4 - - [21/Apr/2014:16:30:34 +0100] "GET /horizon/admin/hypervisors/ HTTP/1.1" 200 3955 "http://192.168.0.10/horizon/admin/instances/?marker=c43f8c85-cfdb-4594-b306-211aa05e1838" "Mozilla/5.0 (Windows NT 6.1; WOW64; rv:28.0) Gecko/20100101 Firefox/28.0"
192.168.0.4 - - [21/Apr/2014:16:30:34 +0100] "GET /horizon/i18n/js/horizon/ HTTP/1.1" 200 3833 "http://192.168.0.10/horizon/admin/hypervisors/" "Mozilla/5.0 (Windows NT 6.1; WOW64; rv:28.0) Gecko/20100101 Firefox/28.0"
192.168.0.5 - - [21/Apr/2014:16:30:40 +0100] "GET /horizon/project/instances/?action=row_update&table=instances&obj_id=950337db-08ec-4c93-b0ed-154d960e5740 HTTP/1.1" 200 2707 "http://192.168.0.10/horizon/project/instances/" "Mozilla/5.0 (Windows NT 6.1; WOW64) AppleWebKit/537.36 (KHTML, like Gecko) Chrome/34.0.1847.116 Safari/537.36"
192.168.0.5 - - [21/Apr/2014:16:30:47 +0100] "GET /horizon/auth/logout/ HTTP/1.1" 302 486 "http://192.168.0.10/horizon/project/instances/" "Mozilla/5.0 (Windows NT 6.1; WOW64) AppleWebKit/537.36 (KHTML, like Gecko) Chrome/34.0.1847.116 Safari/537.36"
192.168.0.4 - - [21/Apr/2014:16:30:47 +0100] "GET /horizon/admin/hypervisors/ HTTP/1.1" 200 3957 "http://192.168.0.10/horizon/admin/hypervisors/" "Mozilla/5.0 (Windows NT 6.1; WOW64; rv:28.0) Gecko/20100101 Firefox/28.0"
192.168.0.5 - - [21/Apr/2014:16:30:47 +0100] "GET /horizon/auth/login/ HTTP/1.1" 200 2354 "http://192.168.0.10/horizon/project/instances/" "Mozilla/5.0 (Windows NT 6.1; WOW64) AppleWebKit/537.36 (KHTML, like Gecko) Chrome/34.0.1847.116 Safari/537.36"
192.168.0.5 - - [21/Apr/2014:16:30:47 +0100] "GET /horizon/i18n/js/horizon/ HTTP/1.1" 200 2649 "http://192.168.0.10/horizon/auth/login/" "Mozilla/5.0 (Windows NT 6.1; WOW64) AppleWebKit/537.36 (KHTML, like Gecko) Chrome/34.0.1847.116 Safari/537.36"
192.168.0.4 - - [21/Apr/2014:16:30:47 +0100] "GET /horizon/i18n/js/horizon/ HTTP/1.1" 200 3832 "http://192.168.0.10/horizon/admin/hypervisors/" "Mozilla/5.0 (Windows NT 6.1; WOW64; rv:28.0) Gecko/20100101 Firefox/28.0"
192.168.0.4 - - [21/Apr/2014:16:30:56 +0100] "GET /horizon/admin/hypervisors/ HTTP/1.1" 200 3955 "http://192.168.0.10/horizon/admin/hypervisors/" "Mozilla/5.0 (Windows NT 6.1; WOW64; rv:28.0) Gecko/20100101 Firefox/28.0"
192.168.0.4 - - [21/Apr/2014:16:30:57 +0100] "GET /horizon/i18n/js/horizon/ HTTP/1.1" 200 3833 "http://192.168.0.10/horizon/admin/hypervisors/" "Mozilla/5.0 (Windows NT 6.1; WOW64; rv:28.0) Gecko/20100101 Firefox/28.0"
192.168.0.5 - - [21/Apr/2014:16:31:04 +0100] "POST /horizon/auth/login/ HTTP/1.1" 302 1866 "http://192.168.0.10/horizon/auth/login/" "Mozilla/5.0 (Windows NT 6.1; WOW64) AppleWebKit/537.36 (KHTML, like Gecko) Chrome/34.0.1847.116 Safari/537.36"
192.168.0.5 - - [21/Apr/2014:16:31:05 +0100] "GET /horizon HTTP/1.1" 302 1743 "http://192.168.0.10/horizon/auth/login/" "Mozilla/5.0 (Windows NT 6.1; WOW64) AppleWebKit/537.36 (KHTML, like Gecko) Chrome/34.0.1847.116 Safari/537.36"
192.168.0.5 - - [21/Apr/2014:16:31:05 +0100] "GET /horizon/project/ HTTP/1.1" 200 4663 "http://192.168.0.10/horizon/auth/login/" "Mozilla/5.0 (Windows NT 6.1; WOW64) AppleWebKit/537.36 (KHTML, like Gecko) Chrome/34.0.1847.116 Safari/537.36"
192.168.0.5 - - [21/Apr/2014:16:31:05 +0100] "GET /horizon/i18n/js/horizon/ HTTP/1.1" 200 3836 "http://192.168.0.10/horizon/project/" "Mozilla/5.0 (Windows NT 6.1; WOW64) AppleWebKit/537.36 (KHTML, like Gecko) Chrome/34.0.1847.116 Safari/537.36"
192.168.0.4 - - [21/Apr/2014:16:31:12 +0100] "GET /horizon/admin/hypervisors/ HTTP/1.1" 200 3957 "http://192.168.0.10/horizon/admin/hypervisors/" "Mozilla/5.0 (Windows NT 6.1; WOW64; rv:28.0) Gecko/20100101 Firefox/28.0"
192.168.0.4 - - [21/Apr/2014:16:31:12 +0100] "GET /horizon/i18n/js/horizon/ HTTP/1.1" 200 3832 "http://192.168.0.10/horizon/admin/hypervisors/" "Mozilla/5.0 (Windows NT 6.1; WOW64; rv:28.0) Gecko/20100101 Firefox/28.0"
192.168.0.5 - - [21/Apr/2014:16:31:12 +0100] "GET /horizon/project/instances/ HTTP/1.1" 200 5528 "http://192.168.0.10/horizon/project/" "Mozilla/5.0 (Windows NT 6.1; WOW64) AppleWebKit/537.36 (KHTML, like Gecko) Chrome/34.0.1847.116 Safari/537.36"
192.168.0.5 - - [21/Apr/2014:16:31:13 +0100] "GET /horizon/i18n/js/horizon/ HTTP/1.1" 200 3838 "http://192.168.0.10/horizon/project/instances/" "Mozilla/5.0 (Windows NT 6.1; WOW64) AppleWebKit/537.36 (KHTML, like Gecko) Chrome/34.0.1847.116 Safari/537.36"
192.168.0.5 - - [21/Apr/2014:16:31:17 +0100] "GET /horizon/project/instances/launch HTTP/1.1" 200 4707 "http://192.168.0.10/horizon/project/instances/" "Mozilla/5.0 (Windows NT 6.1; WOW64) AppleWebKit/537.36 (KHTML, like Gecko) Chrome/34.0.1847.116 Safari/537.36"
192.168.0.4 - - [21/Apr/2014:16:31:20 +0100] "GET /horizon/admin/hypervisors/ HTTP/1.1" 200 3955 "http://192.168.0.10/horizon/admin/hypervisors/" "Mozilla/5.0 (Windows NT 6.1; WOW64; rv:28.0) Gecko/20100101 Firefox/28.0"
192.168.0.4 - - [21/Apr/2014:16:31:21 +0100] "GET /horizon/i18n/js/horizon/ HTTP/1.1" 200 3833 "http://192.168.0.10/horizon/admin/hypervisors/" "Mozilla/5.0 (Windows NT 6.1; WOW64; rv:28.0) Gecko/20100101 Firefox/28.0"
192.168.0.5 - - [21/Apr/2014:16:31:33 +0100] "POST /horizon/project/instances/launch HTTP/1.1" 200 1827 "http://192.168.0.10/horizon/project/instances/" "Mozilla/5.0 (Windows NT 6.1; WOW64) AppleWebKit/537.36 (KHTML, like Gecko) Chrome/34.0.1847.116 Safari/537.36"
192.168.0.5 - - [21/Apr/2014:16:31:34 +0100] "GET /horizon/project/instances/ HTTP/1.1" 200 5846 "http://192.168.0.10/horizon/project/instances/" "Mozilla/5.0 (Windows NT 6.1; WOW64) AppleWebKit/537.36 (KHTML, like Gecko) Chrome/34.0.1847.116 Safari/537.36"
192.168.0.5 - - [21/Apr/2014:16:31:34 +0100] "GET /horizon/i18n/js/horizon/ HTTP/1.1" 200 3837 "http://192.168.0.10/horizon/project/instances/" "Mozilla/5.0 (Windows NT 6.1; WOW64) AppleWebKit/537.36 (KHTML, like Gecko) Chrome/34.0.1847.116 Safari/537.36"
192.168.0.5 - - [21/Apr/2014:16:31:34 +0100] "GET /horizon/project/instances/?action=row_update&table=instances&obj_id=ee8ff5e4-47e0-4c2c-a113-b542d39b141b HTTP/1.1" 200 2369 "http://192.168.0.10/horizon/project/instances/" "Mozilla/5.0 (Windows NT 6.1; WOW64) AppleWebKit/537.36 (KHTML, like Gecko) Chrome/34.0.1847.116 Safari/537.36"
192.168.0.4 - - [21/Apr/2014:16:31:36 +0100] "GET /horizon/admin/hypervisors/ HTTP/1.1" 200 3956 "http://192.168.0.10/horizon/admin/hypervisors/" "Mozilla/5.0 (Windows NT 6.1; WOW64; rv:28.0) Gecko/20100101 Firefox/28.0"
192.168.0.4 - - [21/Apr/2014:16:31:36 +0100] "GET /horizon/i18n/js/horizon/ HTTP/1.1" 200 3830 "http://192.168.0.10/horizon/admin/hypervisors/" "Mozilla/5.0 (Windows NT 6.1; WOW64; rv:28.0) Gecko/20100101 Firefox/28.0"
192.168.0.5 - - [21/Apr/2014:16:31:37 +0100] "GET /horizon/project/instances/?action=row_update&table=instances&obj_id=ee8ff5e4-47e0-4c2c-a113-b542d39b141b HTTP/1.1" 200 2368 "http://192.168.0.10/horizon/project/instances/" "Mozilla/5.0 (Windows NT 6.1; WOW64) AppleWebKit/537.36 (KHTML, like Gecko) Chrome/34.0.1847.116 Safari/537.36"
192.168.0.5 - - [21/Apr/2014:16:31:39 +0100] "GET /horizon/project/instances/?action=row_update&table=instances&obj_id=ee8ff5e4-47e0-4c2c-a113-b542d39b141b HTTP/1.1" 200 2368 "http://192.168.0.10/horizon/project/instances/" "Mozilla/5.0 (Windows NT 6.1; WOW64) AppleWebKit/537.36 (KHTML, like Gecko) Chrome/34.0.1847.116 Safari/537.36"
192.168.0.5 - - [21/Apr/2014:16:31:42 +0100] "GET /horizon/project/instances/?action=row_update&table=instances&obj_id=ee8ff5e4-47e0-4c2c-a113-b542d39b141b HTTP/1.1" 200 2367 "http://192.168.0.10/horizon/project/instances/" "Mozilla/5.0 (Windows NT 6.1; WOW64) AppleWebKit/537.36 (KHTML, like Gecko) Chrome/34.0.1847.116 Safari/537.36"
192.168.0.5 - - [21/Apr/2014:16:31:46 +0100] "GET /horizon/project/ HTTP/1.1" 200 4660 "http://192.168.0.10/horizon/project/instances/" "Mozilla/5.0 (Windows NT 6.1; WOW64) AppleWebKit/537.36 (KHTML, like Gecko) Chrome/34.0.1847.116 Safari/537.36"
192.168.0.5 - - [21/Apr/2014:16:31:47 +0100] "GET /horizon/i18n/js/horizon/ HTTP/1.1" 200 3834 "http://192.168.0.10/horizon/project/" "Mozilla/5.0 (Windows NT 6.1; WOW64) AppleWebKit/537.36 (KHTML, like Gecko) Chrome/34.0.1847.116 Safari/537.36"
192.168.0.5 - - [21/Apr/2014:16:31:50 +0100] "GET /horizon/project/instances/ HTTP/1.1" 200 5714 "http://192.168.0.10/horizon/project/" "Mozilla/5.0 (Windows NT 6.1; WOW64) AppleWebKit/537.36 (KHTML, like Gecko) Chrome/34.0.1847.116 Safari/537.36"
192.168.0.5 - - [21/Apr/2014:16:31:51 +0100] "GET /horizon/i18n/js/horizon/ HTTP/1.1" 200 3837 "http://192.168.0.10/horizon/project/instances/" "Mozilla/5.0 (Windows NT 6.1; WOW64) AppleWebKit/537.36 (KHTML, like Gecko) Chrome/34.0.1847.116 Safari/537.36"
192.168.0.5 - - [21/Apr/2014:16:31:51 +0100] "GET /horizon/project/instances/?action=row_update&table=instances&obj_id=ee8ff5e4-47e0-4c2c-a113-b542d39b141b HTTP/1.1" 200 2371 "http://192.168.0.10/horizon/project/instances/" "Mozilla/5.0 (Windows NT 6.1; WOW64) AppleWebKit/537.36 (KHTML, like Gecko) Chrome/34.0.1847.116 Safari/537.36"
192.168.0.5 - - [21/Apr/2014:16:31:54 +0100] "GET /horizon/project/instances/?action=row_update&table=instances&obj_id=ee8ff5e4-47e0-4c2c-a113-b542d39b141b HTTP/1.1" 200 2688 "http://192.168.0.10/horizon/project/instances/" "Mozilla/5.0 (Windows NT 6.1; WOW64) AppleWebKit/537.36 (KHTML, like Gecko) Chrome/34.0.1847.116 Safari/537.36"
192.168.0.5 - - [21/Apr/2014:16:32:09 +0100] "GET /horizon/project/volumes/ HTTP/1.1" 200 4113 "http://192.168.0.10/horizon/project/instances/" "Mozilla/5.0 (Windows NT 6.1; WOW64) AppleWebKit/537.36 (KHTML, like Gecko) Chrome/34.0.1847.116 Safari/537.36"
192.168.0.5 - - [21/Apr/2014:16:32:10 +0100] "GET /horizon/i18n/js/horizon/ HTTP/1.1" 200 3819 "http://192.168.0.10/horizon/project/volumes/" "Mozilla/5.0 (Windows NT 6.1; WOW64) AppleWebKit/537.36 (KHTML, like Gecko) Chrome/34.0.1847.116 Safari/537.36"
192.168.0.5 - - [21/Apr/2014:16:32:14 +0100] "GET /horizon/project/images_and_snapshots/ HTTP/1.1" 200 4866 "http://192.168.0.10/horizon/project/volumes/" "Mozilla/5.0 (Windows NT 6.1; WOW64) AppleWebKit/537.36 (KHTML, like Gecko) Chrome/34.0.1847.116 Safari/537.36"
192.168.0.5 - - [21/Apr/2014:16:32:14 +0100] "GET /horizon/i18n/js/horizon/ HTTP/1.1" 200 3834 "http://192.168.0.10/horizon/project/images_and_snapshots/" "Mozilla/5.0 (Windows NT 6.1; WOW64) AppleWebKit/537.36 (KHTML, like Gecko) Chrome/34.0.1847.116 Safari/537.36"
192.168.0.5 - - [21/Apr/2014:16:32:16 +0100] "GET /horizon/project/access_and_security/ HTTP/1.1" 200 4938 "http://192.168.0.10/horizon/project/images_and_snapshots/" "Mozilla/5.0 (Windows NT 6.1; WOW64) AppleWebKit/537.36 (KHTML, like Gecko) Chrome/34.0.1847.116 Safari/537.36"
192.168.0.5 - - [21/Apr/2014:16:32:17 +0100] "GET /horizon/i18n/js/horizon/ HTTP/1.1" 200 3858 "http://192.168.0.10/horizon/project/access_and_security/" "Mozilla/5.0 (Windows NT 6.1; WOW64) AppleWebKit/537.36 (KHTML, like Gecko) Chrome/34.0.1847.116 Safari/537.36"
192.168.0.5 - - [21/Apr/2014:16:32:23 +0100] "GET /horizon/auth/logout/ HTTP/1.1" 302 486 "http://192.168.0.10/horizon/project/access_and_security/" "Mozilla/5.0 (Windows NT 6.1; WOW64) AppleWebKit/537.36 (KHTML, like Gecko) Chrome/34.0.1847.116 Safari/537.36"
192.168.0.5 - - [21/Apr/2014:16:32:23 +0100] "GET /horizon/auth/login/ HTTP/1.1" 200 2354 "http://192.168.0.10/horizon/project/access_and_security/" "Mozilla/5.0 (Windows NT 6.1; WOW64) AppleWebKit/537.36 (KHTML, like Gecko) Chrome/34.0.1847.116 Safari/537.36"
192.168.0.5 - - [21/Apr/2014:16:32:23 +0100] "GET /horizon/i18n/js/horizon/ HTTP/1.1" 200 2649 "http://192.168.0.10/horizon/auth/login/" "Mozilla/5.0 (Windows NT 6.1; WOW64) AppleWebKit/537.36 (KHTML, like Gecko) Chrome/34.0.1847.116 Safari/537.36"
192.168.0.5 - - [21/Apr/2014:16:32:37 +0100] "POST /horizon/auth/login/ HTTP/1.1" 302 1854 "http://192.168.0.10/horizon/auth/login/" "Mozilla/5.0 (Windows NT 6.1; WOW64) AppleWebKit/537.36 (KHTML, like Gecko) Chrome/34.0.1847.116 Safari/537.36"
192.168.0.5 - - [21/Apr/2014:16:32:37 +0100] "GET /horizon HTTP/1.1" 302 1731 "http://192.168.0.10/horizon/auth/login/" "Mozilla/5.0 (Windows NT 6.1; WOW64) AppleWebKit/537.36 (KHTML, like Gecko) Chrome/34.0.1847.116 Safari/537.36"
192.168.0.5 - - [21/Apr/2014:16:32:37 +0100] "GET /horizon/admin/ HTTP/1.1" 200 4721 "http://192.168.0.10/horizon/auth/login/" "Mozilla/5.0 (Windows NT 6.1; WOW64) AppleWebKit/537.36 (KHTML, like Gecko) Chrome/34.0.1847.116 Safari/537.36"
192.168.0.5 - - [21/Apr/2014:16:32:38 +0100] "GET /horizon/i18n/js/horizon/ HTTP/1.1" 200 3826 "http://192.168.0.10/horizon/admin/" "Mozilla/5.0 (Windows NT 6.1; WOW64) AppleWebKit/537.36 (KHTML, like Gecko) Chrome/34.0.1847.116 Safari/537.36"
192.168.0.5 - - [21/Apr/2014:16:32:43 +0100] "GET /horizon/admin/hypervisors/ HTTP/1.1" 200 3952 "http://192.168.0.10/horizon/admin/" "Mozilla/5.0 (Windows NT 6.1; WOW64) AppleWebKit/537.36 (KHTML, like Gecko) Chrome/34.0.1847.116 Safari/537.36"
192.168.0.5 - - [21/Apr/2014:16:32:43 +0100] "GET /horizon/i18n/js/horizon/ HTTP/1.1" 200 3826 "http://192.168.0.10/horizon/admin/hypervisors/" "Mozilla/5.0 (Windows NT 6.1; WOW64) AppleWebKit/537.36 (KHTML, like Gecko) Chrome/34.0.1847.116 Safari/537.36"
192.168.0.5 - - [21/Apr/2014:16:32:47 +0100] "GET /horizon/admin/instances/ HTTP/1.1" 200 8391 "http://192.168.0.10/horizon/admin/hypervisors/" "Mozilla/5.0 (Windows NT 6.1; WOW64) AppleWebKit/537.36 (KHTML, like Gecko) Chrome/34.0.1847.116 Safari/537.36"
192.168.0.5 - - [21/Apr/2014:16:32:49 +0100] "GET /horizon/i18n/js/horizon/ HTTP/1.1" 200 3808 "http://192.168.0.10/horizon/admin/instances/" "Mozilla/5.0 (Windows NT 6.1; WOW64) AppleWebKit/537.36 (KHTML, like Gecko) Chrome/34.0.1847.116 Safari/537.36"
192.168.0.4 - - [21/Apr/2014:16:32:52 +0100] "GET /horizon/admin/hypervisors/ HTTP/1.1" 200 3954 "http://192.168.0.10/horizon/admin/hypervisors/" "Mozilla/5.0 (Windows NT 6.1; WOW64; rv:28.0) Gecko/20100101 Firefox/28.0"
192.168.0.4 - - [21/Apr/2014:16:32:52 +0100] "GET /horizon/i18n/js/horizon/ HTTP/1.1" 200 3832 "http://192.168.0.10/horizon/admin/hypervisors/" "Mozilla/5.0 (Windows NT 6.1; WOW64; rv:28.0) Gecko/20100101 Firefox/28.0"
192.168.0.5 - - [21/Apr/2014:16:32:59 +0100] "GET /horizon/admin/hypervisors/ HTTP/1.1" 200 3951 "http://192.168.0.10/horizon/admin/instances/" "Mozilla/5.0 (Windows NT 6.1; WOW64) AppleWebKit/537.36 (KHTML, like Gecko) Chrome/34.0.1847.116 Safari/537.36"
192.168.0.5 - - [21/Apr/2014:16:32:59 +0100] "GET /horizon/i18n/js/horizon/ HTTP/1.1" 200 3825 "http://192.168.0.10/horizon/admin/hypervisors/" "Mozilla/5.0 (Windows NT 6.1; WOW64) AppleWebKit/537.36 (KHTML, like Gecko) Chrome/34.0.1847.116 Safari/537.36"
192.168.0.5 - - [21/Apr/2014:16:33:03 +0100] "GET /horizon/admin/ HTTP/1.1" 200 4721 "http://192.168.0.10/horizon/admin/hypervisors/" "Mozilla/5.0 (Windows NT 6.1; WOW64) AppleWebKit/537.36 (KHTML, like Gecko) Chrome/34.0.1847.116 Safari/537.36"
192.168.0.5 - - [21/Apr/2014:16:33:03 +0100] "GET /horizon/i18n/js/horizon/ HTTP/1.1" 200 3825 "http://192.168.0.10/horizon/admin/" "Mozilla/5.0 (Windows NT 6.1; WOW64) AppleWebKit/537.36 (KHTML, like Gecko) Chrome/34.0.1847.116 Safari/537.36"
192.168.0.4 - - [21/Apr/2014:16:33:07 +0100] "GET /horizon/admin/images/images/ HTTP/1.1" 200 4520 "http://192.168.0.10/horizon/admin/hypervisors/" "Mozilla/5.0 (Windows NT 6.1; WOW64; rv:28.0) Gecko/20100101 Firefox/28.0"
192.168.0.4 - - [21/Apr/2014:16:33:07 +0100] "GET /horizon/i18n/js/horizon/ HTTP/1.1" 200 3830 "http://192.168.0.10/horizon/admin/images/images/" "Mozilla/5.0 (Windows NT 6.1; WOW64; rv:28.0) Gecko/20100101 Firefox/28.0"
192.168.0.4 - - [21/Apr/2014:16:33:42 +0100] "GET /horizon/admin/volumes/ HTTP/1.1" 200 4540 "http://192.168.0.10/horizon/admin/images/images/" "Mozilla/5.0 (Windows NT 6.1; WOW64; rv:28.0) Gecko/20100101 Firefox/28.0"
192.168.0.4 - - [21/Apr/2014:16:33:43 +0100] "GET /horizon/i18n/js/horizon/ HTTP/1.1" 200 3830 "http://192.168.0.10/horizon/admin/volumes/" "Mozilla/5.0 (Windows NT 6.1; WOW64; rv:28.0) Gecko/20100101 Firefox/28.0"
192.168.0.4 - - [21/Apr/2014:16:34:02 +0100] "GET /horizon/auth/logout/ HTTP/1.1" 302 486 "http://192.168.0.10/horizon/admin/volumes/" "Mozilla/5.0 (Windows NT 6.1; WOW64; rv:28.0) Gecko/20100101 Firefox/28.0"
192.168.0.4 - - [21/Apr/2014:16:34:02 +0100] "GET /horizon/auth/login/ HTTP/1.1" 200 2356 "http://192.168.0.10/horizon/admin/volumes/" "Mozilla/5.0 (Windows NT 6.1; WOW64; rv:28.0) Gecko/20100101 Firefox/28.0"
192.168.0.4 - - [21/Apr/2014:16:34:02 +0100] "GET /horizon/i18n/js/horizon/ HTTP/1.1" 200 2649 "http://192.168.0.10/horizon/auth/login/" "Mozilla/5.0 (Windows NT 6.1; WOW64; rv:28.0) Gecko/20100101 Firefox/28.0"
192.168.0.4 - - [21/Apr/2014:16:34:12 +0100] "POST /horizon/auth/login/ HTTP/1.1" 302 1863 "http://192.168.0.10/horizon/auth/login/" "Mozilla/5.0 (Windows NT 6.1; WOW64; rv:28.0) Gecko/20100101 Firefox/28.0"
192.168.0.4 - - [21/Apr/2014:16:34:13 +0100] "GET /horizon HTTP/1.1" 302 1739 "http://192.168.0.10/horizon/auth/login/" "Mozilla/5.0 (Windows NT 6.1; WOW64; rv:28.0) Gecko/20100101 Firefox/28.0"
192.168.0.4 - - [21/Apr/2014:16:34:13 +0100] "GET /horizon/project/ HTTP/1.1" 200 4696 "http://192.168.0.10/horizon/auth/login/" "Mozilla/5.0 (Windows NT 6.1; WOW64; rv:28.0) Gecko/20100101 Firefox/28.0"
192.168.0.4 - - [21/Apr/2014:16:34:14 +0100] "GET /horizon/i18n/js/horizon/ HTTP/1.1" 200 3834 "http://192.168.0.10/horizon/project/" "Mozilla/5.0 (Windows NT 6.1; WOW64; rv:28.0) Gecko/20100101 Firefox/28.0"
192.168.0.4 - - [21/Apr/2014:16:34:18 +0100] "GET /horizon/project/volumes/ HTTP/1.1" 200 4111 "http://192.168.0.10/horizon/project/" "Mozilla/5.0 (Windows NT 6.1; WOW64; rv:28.0) Gecko/20100101 Firefox/28.0"
192.168.0.4 - - [21/Apr/2014:16:34:19 +0100] "GET /horizon/i18n/js/horizon/ HTTP/1.1" 200 3837 "http://192.168.0.10/horizon/project/volumes/" "Mozilla/5.0 (Windows NT 6.1; WOW64; rv:28.0) Gecko/20100101 Firefox/28.0"
192.168.0.4 - - [21/Apr/2014:16:34:22 +0100] "GET /horizon/project/volumes/create/ HTTP/1.1" 200 3054 "http://192.168.0.10/horizon/project/volumes/" "Mozilla/5.0 (Windows NT 6.1; WOW64; rv:28.0) Gecko/20100101 Firefox/28.0"
192.168.0.4 - - [21/Apr/2014:16:35:00 +0100] "POST /horizon/project/volumes/create/? HTTP/1.1" 200 3137 "http://192.168.0.10/horizon/project/volumes/" "Mozilla/5.0 (Windows NT 6.1; WOW64; rv:28.0) Gecko/20100101 Firefox/28.0"
192.168.0.4 - - [21/Apr/2014:16:35:14 +0100] "POST /horizon/project/volumes/create/? HTTP/1.1" 200 1821 "http://192.168.0.10/horizon/project/volumes/" "Mozilla/5.0 (Windows NT 6.1; WOW64; rv:28.0) Gecko/20100101 Firefox/28.0"
192.168.0.4 - - [21/Apr/2014:16:35:14 +0100] "GET /horizon/project/volumes/ HTTP/1.1" 200 4501 "http://192.168.0.10/horizon/project/volumes/" "Mozilla/5.0 (Windows NT 6.1; WOW64; rv:28.0) Gecko/20100101 Firefox/28.0"
192.168.0.4 - - [21/Apr/2014:16:35:16 +0100] "GET /horizon/i18n/js/horizon/ HTTP/1.1" 200 3823 "http://192.168.0.10/horizon/project/volumes/" "Mozilla/5.0 (Windows NT 6.1; WOW64; rv:28.0) Gecko/20100101 Firefox/28.0"
192.168.0.4 - - [21/Apr/2014:16:35:17 +0100] "GET /horizon/project/volumes/?action=row_update&table=volumes&obj_id=3bd47ca2-fcd8-4083-b25e-e20be4b37619 HTTP/1.1" 200 2269 "http://192.168.0.10/horizon/project/volumes/" "Mozilla/5.0 (Windows NT 6.1; WOW64; rv:28.0) Gecko/20100101 Firefox/28.0"
192.168.0.4 - - [21/Apr/2014:16:35:19 +0100] "GET /horizon/project/volumes/create/ HTTP/1.1" 200 3056 "http://192.168.0.10/horizon/project/volumes/" "Mozilla/5.0 (Windows NT 6.1; WOW64; rv:28.0) Gecko/20100101 Firefox/28.0"
192.168.0.5 - - [21/Apr/2014:16:35:30 +0100] "GET /horizon/admin/volumes/ HTTP/1.1" 200 4633 "http://192.168.0.10/horizon/admin/" "Mozilla/5.0 (Windows NT 6.1; WOW64) AppleWebKit/537.36 (KHTML, like Gecko) Chrome/34.0.1847.116 Safari/537.36"
192.168.0.5 - - [21/Apr/2014:16:35:31 +0100] "GET /horizon/i18n/js/horizon/ HTTP/1.1" 200 3828 "http://192.168.0.10/horizon/admin/volumes/" "Mozilla/5.0 (Windows NT 6.1; WOW64) AppleWebKit/537.36 (KHTML, like Gecko) Chrome/34.0.1847.116 Safari/537.36"
192.168.0.5 - - [21/Apr/2014:16:35:58 +0100] "GET /horizon/admin/flavors/ HTTP/1.1" 200 4715 "http://192.168.0.10/horizon/admin/volumes/" "Mozilla/5.0 (Windows NT 6.1; WOW64) AppleWebKit/537.36 (KHTML, like Gecko) Chrome/34.0.1847.116 Safari/537.36"
192.168.0.5 - - [21/Apr/2014:16:35:59 +0100] "GET /horizon/i18n/js/horizon/ HTTP/1.1" 200 3826 "http://192.168.0.10/horizon/admin/flavors/" "Mozilla/5.0 (Windows NT 6.1; WOW64) AppleWebKit/537.36 (KHTML, like Gecko) Chrome/34.0.1847.116 Safari/537.36"
192.168.0.5 - - [21/Apr/2014:16:36:00 +0100] "GET /horizon/admin/images/images/ HTTP/1.1" 200 4515 "http://192.168.0.10/horizon/admin/flavors/" "Mozilla/5.0 (Windows NT 6.1; WOW64) AppleWebKit/537.36 (KHTML, like Gecko) Chrome/34.0.1847.116 Safari/537.36"
192.168.0.5 - - [21/Apr/2014:16:36:00 +0100] "GET /horizon/i18n/js/horizon/ HTTP/1.1" 200 3826 "http://192.168.0.10/horizon/admin/images/images/" "Mozilla/5.0 (Windows NT 6.1; WOW64) AppleWebKit/537.36 (KHTML, like Gecko) Chrome/34.0.1847.116 Safari/537.36"
192.168.0.5 - - [21/Apr/2014:16:36:01 +0100] "GET /horizon/admin/defaults/ HTTP/1.1" 200 4573 "http://192.168.0.10/horizon/admin/images/images/" "Mozilla/5.0 (Windows NT 6.1; WOW64) AppleWebKit/537.36 (KHTML, like Gecko) Chrome/34.0.1847.116 Safari/537.36"
192.168.0.5 - - [21/Apr/2014:16:36:01 +0100] "GET /horizon/i18n/js/horizon/ HTTP/1.1" 200 3828 "http://192.168.0.10/horizon/admin/defaults/" "Mozilla/5.0 (Windows NT 6.1; WOW64) AppleWebKit/537.36 (KHTML, like Gecko) Chrome/34.0.1847.116 Safari/537.36"
192.168.0.5 - - [21/Apr/2014:16:36:03 +0100] "GET /horizon/admin/info/ HTTP/1.1" 200 4863 "http://192.168.0.10/horizon/admin/defaults/" "Mozilla/5.0 (Windows NT 6.1; WOW64) AppleWebKit/537.36 (KHTML, like Gecko) Chrome/34.0.1847.116 Safari/537.36"
192.168.0.5 - - [21/Apr/2014:16:36:03 +0100] "GET /horizon/i18n/js/horizon/ HTTP/1.1" 200 3832 "http://192.168.0.10/horizon/admin/info/" "Mozilla/5.0 (Windows NT 6.1; WOW64) AppleWebKit/537.36 (KHTML, like Gecko) Chrome/34.0.1847.116 Safari/537.36"
192.168.0.5 - - [21/Apr/2014:16:36:12 +0100] "GET /horizon/admin/ HTTP/1.1" 200 4748 "http://192.168.0.10/horizon/admin/info/" "Mozilla/5.0 (Windows NT 6.1; WOW64) AppleWebKit/537.36 (KHTML, like Gecko) Chrome/34.0.1847.116 Safari/537.36"
192.168.0.5 - - [21/Apr/2014:16:36:12 +0100] "GET /horizon/i18n/js/horizon/ HTTP/1.1" 200 3852 "http://192.168.0.10/horizon/admin/" "Mozilla/5.0 (Windows NT 6.1; WOW64) AppleWebKit/537.36 (KHTML, like Gecko) Chrome/34.0.1847.116 Safari/537.36"
192.168.0.5 - - [21/Apr/2014:16:36:15 +0100] "GET /horizon/admin/hypervisors/ HTTP/1.1" 200 3975 "http://192.168.0.10/horizon/admin/" "Mozilla/5.0 (Windows NT 6.1; WOW64) AppleWebKit/537.36 (KHTML, like Gecko) Chrome/34.0.1847.116 Safari/537.36"
192.168.0.5 - - [21/Apr/2014:16:36:15 +0100] "GET /horizon/i18n/js/horizon/ HTTP/1.1" 200 3852 "http://192.168.0.10/horizon/admin/hypervisors/" "Mozilla/5.0 (Windows NT 6.1; WOW64) AppleWebKit/537.36 (KHTML, like Gecko) Chrome/34.0.1847.116 Safari/537.36"
192.168.0.5 - - [21/Apr/2014:16:36:17 +0100] "GET /horizon/admin/instances/ HTTP/1.1" 200 8416 "http://192.168.0.10/horizon/admin/hypervisors/" "Mozilla/5.0 (Windows NT 6.1; WOW64) AppleWebKit/537.36 (KHTML, like Gecko) Chrome/34.0.1847.116 Safari/537.36"
192.168.0.5 - - [21/Apr/2014:16:36:18 +0100] "GET /horizon/admin/instances/ HTTP/1.1" 200 8416 "http://192.168.0.10/horizon/admin/hypervisors/" "Mozilla/5.0 (Windows NT 6.1; WOW64) AppleWebKit/537.36 (KHTML, like Gecko) Chrome/34.0.1847.116 Safari/537.36"
192.168.0.5 - - [21/Apr/2014:16:36:20 +0100] "GET /horizon/admin/instances/ HTTP/1.1" 200 8417 "http://192.168.0.10/horizon/admin/hypervisors/" "Mozilla/5.0 (Windows NT 6.1; WOW64) AppleWebKit/537.36 (KHTML, like Gecko) Chrome/34.0.1847.116 Safari/537.36"
192.168.0.5 - - [21/Apr/2014:16:36:21 +0100] "GET /horizon/admin/instances/ HTTP/1.1" 200 8414 "http://192.168.0.10/horizon/admin/hypervisors/" "Mozilla/5.0 (Windows NT 6.1; WOW64) AppleWebKit/537.36 (KHTML, like Gecko) Chrome/34.0.1847.116 Safari/537.36"
192.168.0.5 - - [21/Apr/2014:16:36:23 +0100] "GET /horizon/i18n/js/horizon/ HTTP/1.1" 200 3852 "http://192.168.0.10/horizon/admin/instances/" "Mozilla/5.0 (Windows NT 6.1; WOW64) AppleWebKit/537.36 (KHTML, like Gecko) Chrome/34.0.1847.116 Safari/537.36"
192.168.0.5 - - [21/Apr/2014:16:36:25 +0100] "GET /horizon/admin/volumes/ HTTP/1.1" 200 4656 "http://192.168.0.10/horizon/admin/instances/" "Mozilla/5.0 (Windows NT 6.1; WOW64) AppleWebKit/537.36 (KHTML, like Gecko) Chrome/34.0.1847.116 Safari/537.36"
192.168.0.5 - - [21/Apr/2014:16:36:25 +0100] "GET /horizon/i18n/js/horizon/ HTTP/1.1" 200 3850 "http://192.168.0.10/horizon/admin/volumes/" "Mozilla/5.0 (Windows NT 6.1; WOW64) AppleWebKit/537.36 (KHTML, like Gecko) Chrome/34.0.1847.116 Safari/537.36"
192.168.0.4 - - [21/Apr/2014:16:39:48 +0100] "POST /horizon/project/volumes/create/? HTTP/1.1" 200 3138 "http://192.168.0.10/horizon/project/volumes/" "Mozilla/5.0 (Windows NT 6.1; WOW64; rv:28.0) Gecko/20100101 Firefox/28.0"
192.168.0.4 - - [21/Apr/2014:16:49:02 +0100] "GET /horizon/auth/logout/ HTTP/1.1" 302 486 "http://192.168.0.10/horizon/project/volumes/" "Mozilla/5.0 (Windows NT 6.1; WOW64; rv:28.0) Gecko/20100101 Firefox/28.0"
192.168.0.4 - - [21/Apr/2014:16:49:02 +0100] "GET /horizon/auth/login/ HTTP/1.1" 200 2356 "http://192.168.0.10/horizon/project/volumes/" "Mozilla/5.0 (Windows NT 6.1; WOW64; rv:28.0) Gecko/20100101 Firefox/28.0"
192.168.0.4 - - [21/Apr/2014:16:49:03 +0100] "GET /horizon/i18n/js/horizon/ HTTP/1.1" 200 2649 "http://192.168.0.10/horizon/auth/login/" "Mozilla/5.0 (Windows NT 6.1; WOW64; rv:28.0) Gecko/20100101 Firefox/28.0"
192.168.0.4 - - [21/Apr/2014:16:49:30 +0100] "POST /horizon/auth/login/ HTTP/1.1" 302 1857 "http://192.168.0.10/horizon/auth/login/" "Mozilla/5.0 (Windows NT 6.1; WOW64; rv:28.0) Gecko/20100101 Firefox/28.0"
192.168.0.4 - - [21/Apr/2014:16:49:30 +0100] "GET /horizon HTTP/1.1" 302 1732 "http://192.168.0.10/horizon/auth/login/" "Mozilla/5.0 (Windows NT 6.1; WOW64; rv:28.0) Gecko/20100101 Firefox/28.0"
192.168.0.4 - - [21/Apr/2014:16:49:30 +0100] "GET /horizon/admin/ HTTP/1.1" 200 4727 "http://192.168.0.10/horizon/auth/login/" "Mozilla/5.0 (Windows NT 6.1; WOW64; rv:28.0) Gecko/20100101 Firefox/28.0"
192.168.0.4 - - [21/Apr/2014:16:49:31 +0100] "GET /horizon/i18n/js/horizon/ HTTP/1.1" 200 3830 "http://192.168.0.10/horizon/admin/" "Mozilla/5.0 (Windows NT 6.1; WOW64; rv:28.0) Gecko/20100101 Firefox/28.0"
192.168.0.4 - - [21/Apr/2014:16:49:37 +0100] "GET /horizon/admin/volumes/ HTTP/1.1" 200 4634 "http://192.168.0.10/horizon/admin/" "Mozilla/5.0 (Windows NT 6.1; WOW64; rv:28.0) Gecko/20100101 Firefox/28.0"
192.168.0.4 - - [21/Apr/2014:16:49:37 +0100] "GET /horizon/i18n/js/horizon/ HTTP/1.1" 200 3830 "http://192.168.0.10/horizon/admin/volumes/" "Mozilla/5.0 (Windows NT 6.1; WOW64; rv:28.0) Gecko/20100101 Firefox/28.0"
192.168.0.4 - - [21/Apr/2014:16:49:47 +0100] "GET /horizon/admin/images/images/ HTTP/1.1" 200 4520 "http://192.168.0.10/horizon/admin/volumes/" "Mozilla/5.0 (Windows NT 6.1; WOW64; rv:28.0) Gecko/20100101 Firefox/28.0"
192.168.0.4 - - [21/Apr/2014:16:49:48 +0100] "GET /horizon/i18n/js/horizon/ HTTP/1.1" 200 3830 "http://192.168.0.10/horizon/admin/images/images/" "Mozilla/5.0 (Windows NT 6.1; WOW64; rv:28.0) Gecko/20100101 Firefox/28.0"
192.168.0.4 - - [21/Apr/2014:16:49:52 +0100] "GET /horizon/project/ HTTP/1.1" 200 4550 "http://192.168.0.10/horizon/admin/images/images/" "Mozilla/5.0 (Windows NT 6.1; WOW64; rv:28.0) Gecko/20100101 Firefox/28.0"
192.168.0.4 - - [21/Apr/2014:16:49:53 +0100] "GET /horizon/i18n/js/horizon/ HTTP/1.1" 200 3830 "http://192.168.0.10/horizon/project/" "Mozilla/5.0 (Windows NT 6.1; WOW64; rv:28.0) Gecko/20100101 Firefox/28.0"
192.168.0.5 - - [21/Apr/2014:16:49:53 +0100] "GET /horizon/admin/volumes/create_type HTTP/1.1" 200 2460 "http://192.168.0.10/horizon/admin/volumes/" "Mozilla/5.0 (Windows NT 6.1; WOW64) AppleWebKit/537.36 (KHTML, like Gecko) Chrome/34.0.1847.116 Safari/537.36"
192.168.0.4 - - [21/Apr/2014:16:49:55 +0100] "GET /horizon/project/volumes/ HTTP/1.1" 200 4613 "http://192.168.0.10/horizon/project/" "Mozilla/5.0 (Windows NT 6.1; WOW64; rv:28.0) Gecko/20100101 Firefox/28.0"
192.168.0.4 - - [21/Apr/2014:16:49:57 +0100] "GET /horizon/i18n/js/horizon/ HTTP/1.1" 200 3832 "http://192.168.0.10/horizon/project/volumes/" "Mozilla/5.0 (Windows NT 6.1; WOW64; rv:28.0) Gecko/20100101 Firefox/28.0"
192.168.0.4 - - [21/Apr/2014:16:50:03 +0100] "GET /horizon/project/volumes/create/ HTTP/1.1" 200 3050 "http://192.168.0.10/horizon/project/volumes/" "Mozilla/5.0 (Windows NT 6.1; WOW64; rv:28.0) Gecko/20100101 Firefox/28.0"
192.168.0.4 - - [21/Apr/2014:16:50:18 +0100] "POST /horizon/project/volumes/create/? HTTP/1.1" 200 3119 "http://192.168.0.10/horizon/project/volumes/" "Mozilla/5.0 (Windows NT 6.1; WOW64; rv:28.0) Gecko/20100101 Firefox/28.0"
192.168.0.4 - - [21/Apr/2014:16:50:32 +0100] "GET /horizon/auth/logout/ HTTP/1.1" 302 486 "http://192.168.0.10/horizon/project/volumes/" "Mozilla/5.0 (Windows NT 6.1; WOW64; rv:28.0) Gecko/20100101 Firefox/28.0"
192.168.0.4 - - [21/Apr/2014:16:50:32 +0100] "GET /horizon/auth/login/ HTTP/1.1" 200 2356 "http://192.168.0.10/horizon/project/volumes/" "Mozilla/5.0 (Windows NT 6.1; WOW64; rv:28.0) Gecko/20100101 Firefox/28.0"
192.168.0.4 - - [21/Apr/2014:16:50:32 +0100] "GET /horizon/i18n/js/horizon/ HTTP/1.1" 200 2631 "http://192.168.0.10/horizon/auth/login/" "Mozilla/5.0 (Windows NT 6.1; WOW64; rv:28.0) Gecko/20100101 Firefox/28.0"
192.168.0.4 - - [21/Apr/2014:16:58:46 +0100] "POST /horizon/auth/login/ HTTP/1.1" 302 1855 "http://192.168.0.10/horizon/auth/login/" "Mozilla/5.0 (Windows NT 6.1; WOW64; rv:28.0) Gecko/20100101 Firefox/28.0"
192.168.0.4 - - [21/Apr/2014:16:58:46 +0100] "GET /horizon HTTP/1.1" 302 1731 "http://192.168.0.10/horizon/auth/login/" "Mozilla/5.0 (Windows NT 6.1; WOW64; rv:28.0) Gecko/20100101 Firefox/28.0"
192.168.0.4 - - [21/Apr/2014:16:58:47 +0100] "GET /horizon/admin/ HTTP/1.1" 200 4727 "http://192.168.0.10/horizon/auth/login/" "Mozilla/5.0 (Windows NT 6.1; WOW64; rv:28.0) Gecko/20100101 Firefox/28.0"
192.168.0.4 - - [21/Apr/2014:16:58:47 +0100] "GET /horizon/i18n/js/horizon/ HTTP/1.1" 200 3829 "http://192.168.0.10/horizon/admin/" "Mozilla/5.0 (Windows NT 6.1; WOW64; rv:28.0) Gecko/20100101 Firefox/28.0"
192.168.0.4 - - [21/Apr/2014:16:58:51 +0100] "GET /horizon/admin/hypervisors/ HTTP/1.1" 200 3954 "http://192.168.0.10/horizon/admin/" "Mozilla/5.0 (Windows NT 6.1; WOW64; rv:28.0) Gecko/20100101 Firefox/28.0"
192.168.0.4 - - [21/Apr/2014:16:58:52 +0100] "GET /horizon/i18n/js/horizon/ HTTP/1.1" 200 3832 "http://192.168.0.10/horizon/admin/hypervisors/" "Mozilla/5.0 (Windows NT 6.1; WOW64; rv:28.0) Gecko/20100101 Firefox/28.0"
192.168.0.4 - - [21/Apr/2014:16:58:57 +0100] "GET /horizon/admin/instances/ HTTP/1.1" 200 8367 "http://192.168.0.10/horizon/admin/hypervisors/" "Mozilla/5.0 (Windows NT 6.1; WOW64; rv:28.0) Gecko/20100101 Firefox/28.0"
192.168.0.4 - - [21/Apr/2014:16:58:59 +0100] "GET /horizon/i18n/js/horizon/ HTTP/1.1" 200 3830 "http://192.168.0.10/horizon/admin/instances/" "Mozilla/5.0 (Windows NT 6.1; WOW64; rv:28.0) Gecko/20100101 Firefox/28.0"
192.168.0.4 - - [21/Apr/2014:17:01:06 +0100] "GET /horizon/project/ HTTP/1.1" 200 4576 "http://192.168.0.10/horizon/admin/instances/" "Mozilla/5.0 (Windows NT 6.1; WOW64; rv:28.0) Gecko/20100101 Firefox/28.0"
192.168.0.4 - - [21/Apr/2014:17:01:08 +0100] "GET /horizon/i18n/js/horizon/ HTTP/1.1" 200 3815 "http://192.168.0.10/horizon/project/" "Mozilla/5.0 (Windows NT 6.1; WOW64; rv:28.0) Gecko/20100101 Firefox/28.0"
192.168.0.4 - - [21/Apr/2014:17:01:09 +0100] "GET /horizon/project/volumes/ HTTP/1.1" 200 4615 "http://192.168.0.10/horizon/project/" "Mozilla/5.0 (Windows NT 6.1; WOW64; rv:28.0) Gecko/20100101 Firefox/28.0"
192.168.0.4 - - [21/Apr/2014:17:01:11 +0100] "GET /horizon/i18n/js/horizon/ HTTP/1.1" 200 3833 "http://192.168.0.10/horizon/project/volumes/" "Mozilla/5.0 (Windows NT 6.1; WOW64; rv:28.0) Gecko/20100101 Firefox/28.0"
192.168.0.4 - - [21/Apr/2014:17:01:16 +0100] "GET /horizon/auth/logout/ HTTP/1.1" 302 486 "http://192.168.0.10/horizon/project/volumes/" "Mozilla/5.0 (Windows NT 6.1; WOW64; rv:28.0) Gecko/20100101 Firefox/28.0"
192.168.0.4 - - [21/Apr/2014:17:01:16 +0100] "GET /horizon/auth/login/ HTTP/1.1" 200 2356 "http://192.168.0.10/horizon/project/volumes/" "Mozilla/5.0 (Windows NT 6.1; WOW64; rv:28.0) Gecko/20100101 Firefox/28.0"
192.168.0.4 - - [21/Apr/2014:17:01:16 +0100] "GET /horizon/i18n/js/horizon/ HTTP/1.1" 200 2649 "http://192.168.0.10/horizon/auth/login/" "Mozilla/5.0 (Windows NT 6.1; WOW64; rv:28.0) Gecko/20100101 Firefox/28.0"
192.168.0.5 - - [21/Apr/2014:17:01:19 +0100] "GET /horizon/project/ HTTP/1.1" 200 4596 "http://192.168.0.10/horizon/admin/volumes/" "Mozilla/5.0 (Windows NT 6.1; WOW64) AppleWebKit/537.36 (KHTML, like Gecko) Chrome/34.0.1847.116 Safari/537.36"
192.168.0.5 - - [21/Apr/2014:17:01:20 +0100] "GET /horizon/i18n/js/horizon/ HTTP/1.1" 200 3853 "http://192.168.0.10/horizon/project/" "Mozilla/5.0 (Windows NT 6.1; WOW64) AppleWebKit/537.36 (KHTML, like Gecko) Chrome/34.0.1847.116 Safari/537.36"
192.168.0.5 - - [21/Apr/2014:17:01:20 +0100] "GET /static/dashboard/img/drop_arrow.png HTTP/1.1" 200 411 "http://192.168.0.10/horizon/project/" "Mozilla/5.0 (Windows NT 6.1; WOW64) AppleWebKit/537.36 (KHTML, like Gecko) Chrome/34.0.1847.116 Safari/537.36"
192.168.0.5 - - [21/Apr/2014:17:01:21 +0100] "GET /horizon/project/volumes/ HTTP/1.1" 200 4633 "http://192.168.0.10/horizon/project/" "Mozilla/5.0 (Windows NT 6.1; WOW64) AppleWebKit/537.36 (KHTML, like Gecko) Chrome/34.0.1847.116 Safari/537.36"
192.168.0.5 - - [21/Apr/2014:17:01:22 +0100] "GET /horizon/i18n/js/horizon/ HTTP/1.1" 200 3854 "http://192.168.0.10/horizon/project/volumes/" "Mozilla/5.0 (Windows NT 6.1; WOW64) AppleWebKit/537.36 (KHTML, like Gecko) Chrome/34.0.1847.116 Safari/537.36"
192.168.0.4 - - [21/Apr/2014:17:01:22 +0100] "POST /horizon/auth/login/ HTTP/1.1" 302 1870 "http://192.168.0.10/horizon/auth/login/" "Mozilla/5.0 (Windows NT 6.1; WOW64; rv:28.0) Gecko/20100101 Firefox/28.0"
192.168.0.4 - - [21/Apr/2014:17:01:22 +0100] "GET /horizon HTTP/1.1" 302 1745 "http://192.168.0.10/horizon/auth/login/" "Mozilla/5.0 (Windows NT 6.1; WOW64; rv:28.0) Gecko/20100101 Firefox/28.0"
192.168.0.4 - - [21/Apr/2014:17:01:22 +0100] "GET /horizon/project/ HTTP/1.1" 200 4703 "http://192.168.0.10/horizon/auth/login/" "Mozilla/5.0 (Windows NT 6.1; WOW64; rv:28.0) Gecko/20100101 Firefox/28.0"
192.168.0.4 - - [21/Apr/2014:17:01:23 +0100] "GET /horizon/i18n/js/horizon/ HTTP/1.1" 200 3820 "http://192.168.0.10/horizon/project/" "Mozilla/5.0 (Windows NT 6.1; WOW64; rv:28.0) Gecko/20100101 Firefox/28.0"
192.168.0.5 - - [21/Apr/2014:17:01:24 +0100] "GET /horizon/project/images_and_snapshots/ HTTP/1.1" 200 5100 "http://192.168.0.10/horizon/project/volumes/" "Mozilla/5.0 (Windows NT 6.1; WOW64) AppleWebKit/537.36 (KHTML, like Gecko) Chrome/34.0.1847.116 Safari/537.36"
192.168.0.5 - - [21/Apr/2014:17:01:24 +0100] "GET /horizon/i18n/js/horizon/ HTTP/1.1" 200 3852 "http://192.168.0.10/horizon/project/images_and_snapshots/" "Mozilla/5.0 (Windows NT 6.1; WOW64) AppleWebKit/537.36 (KHTML, like Gecko) Chrome/34.0.1847.116 Safari/537.36"
192.168.0.4 - - [21/Apr/2014:17:01:25 +0100] "GET /horizon/project/volumes/ HTTP/1.1" 200 4512 "http://192.168.0.10/horizon/project/" "Mozilla/5.0 (Windows NT 6.1; WOW64; rv:28.0) Gecko/20100101 Firefox/28.0"
192.168.0.4 - - [21/Apr/2014:17:01:26 +0100] "GET /horizon/i18n/js/horizon/ HTTP/1.1" 200 3840 "http://192.168.0.10/horizon/project/volumes/" "Mozilla/5.0 (Windows NT 6.1; WOW64; rv:28.0) Gecko/20100101 Firefox/28.0"
192.168.0.4 - - [21/Apr/2014:17:01:31 +0100] "GET /horizon/project/volumes/create/ HTTP/1.1" 200 3056 "http://192.168.0.10/horizon/project/volumes/" "Mozilla/5.0 (Windows NT 6.1; WOW64; rv:28.0) Gecko/20100101 Firefox/28.0"
192.168.0.4 - - [21/Apr/2014:17:01:46 +0100] "POST /horizon/project/volumes/create/? HTTP/1.1" 200 1822 "http://192.168.0.10/horizon/project/volumes/" "Mozilla/5.0 (Windows NT 6.1; WOW64; rv:28.0) Gecko/20100101 Firefox/28.0"
192.168.0.4 - - [21/Apr/2014:17:01:47 +0100] "GET /horizon/project/volumes/ HTTP/1.1" 200 4743 "http://192.168.0.10/horizon/project/volumes/" "Mozilla/5.0 (Windows NT 6.1; WOW64; rv:28.0) Gecko/20100101 Firefox/28.0"
192.168.0.4 - - [21/Apr/2014:17:01:48 +0100] "GET /horizon/i18n/js/horizon/ HTTP/1.1" 200 3841 "http://192.168.0.10/horizon/project/volumes/" "Mozilla/5.0 (Windows NT 6.1; WOW64; rv:28.0) Gecko/20100101 Firefox/28.0"
192.168.0.4 - - [21/Apr/2014:17:01:49 +0100] "GET /horizon/project/volumes/?action=row_update&table=volumes&obj_id=1a523dbb-8f5b-493e-be80-41a1d5b8afdc HTTP/1.1" 200 2262 "http://192.168.0.10/horizon/project/volumes/" "Mozilla/5.0 (Windows NT 6.1; WOW64; rv:28.0) Gecko/20100101 Firefox/28.0"
192.168.0.4 - - [21/Apr/2014:17:02:02 +0100] "GET /horizon/project/instances/ HTTP/1.1" 200 5764 "http://192.168.0.10/horizon/project/volumes/" "Mozilla/5.0 (Windows NT 6.1; WOW64; rv:28.0) Gecko/20100101 Firefox/28.0"
192.168.0.4 - - [21/Apr/2014:17:02:03 +0100] "GET /horizon/i18n/js/horizon/ HTTP/1.1" 200 3822 "http://192.168.0.10/horizon/project/instances/" "Mozilla/5.0 (Windows NT 6.1; WOW64; rv:28.0) Gecko/20100101 Firefox/28.0"
192.168.0.5 - - [21/Apr/2014:17:02:13 +0100] "GET /horizon/project/instances/launch?source_id=9dab2048-b759-4a3c-bb49-0c1f0b90b919&source_type=image_id HTTP/1.1" 200 4793 "http://192.168.0.10/horizon/project/images_and_snapshots/" "Mozilla/5.0 (Windows NT 6.1; WOW64) AppleWebKit/537.36 (KHTML, like Gecko) Chrome/34.0.1847.116 Safari/537.36"
192.168.0.4 - - [21/Apr/2014:17:02:16 +0100] "GET /horizon/project/instances/91dfa9e2-cc98-453d-9505-2462d3569b02/update?step=instance_info HTTP/1.1" 200 3116 "http://192.168.0.10/horizon/project/instances/" "Mozilla/5.0 (Windows NT 6.1; WOW64; rv:28.0) Gecko/20100101 Firefox/28.0"
192.168.0.5 - - [21/Apr/2014:17:02:21 +0100] "GET /horizon/admin/ HTTP/1.1" 200 4747 "http://192.168.0.10/horizon/project/images_and_snapshots/" "Mozilla/5.0 (Windows NT 6.1; WOW64) AppleWebKit/537.36 (KHTML, like Gecko) Chrome/34.0.1847.116 Safari/537.36"
192.168.0.5 - - [21/Apr/2014:17:02:22 +0100] "GET /horizon/i18n/js/horizon/ HTTP/1.1" 200 3850 "http://192.168.0.10/horizon/admin/" "Mozilla/5.0 (Windows NT 6.1; WOW64) AppleWebKit/537.36 (KHTML, like Gecko) Chrome/34.0.1847.116 Safari/537.36"
192.168.0.4 - - [21/Apr/2014:17:02:25 +0100] "GET /horizon/project/volumes/ HTTP/1.1" 200 4627 "http://192.168.0.10/horizon/project/instances/" "Mozilla/5.0 (Windows NT 6.1; WOW64; rv:28.0) Gecko/20100101 Firefox/28.0"
192.168.0.4 - - [21/Apr/2014:17:02:26 +0100] "GET /horizon/i18n/js/horizon/ HTTP/1.1" 200 3834 "http://192.168.0.10/horizon/project/volumes/" "Mozilla/5.0 (Windows NT 6.1; WOW64; rv:28.0) Gecko/20100101 Firefox/28.0"
192.168.0.4 - - [21/Apr/2014:17:02:33 +0100] "GET /horizon/project/volumes/1a523dbb-8f5b-493e-be80-41a1d5b8afdc/attach/ HTTP/1.1" 200 2935 "http://192.168.0.10/horizon/project/volumes/" "Mozilla/5.0 (Windows NT 6.1; WOW64; rv:28.0) Gecko/20100101 Firefox/28.0"
192.168.0.4 - - [21/Apr/2014:17:02:50 +0100] "POST /horizon/project/volumes/1a523dbb-8f5b-493e-be80-41a1d5b8afdc/attach/ HTTP/1.1" 200 1814 "http://192.168.0.10/horizon/project/volumes/" "Mozilla/5.0 (Windows NT 6.1; WOW64; rv:28.0) Gecko/20100101 Firefox/28.0"
192.168.0.4 - - [21/Apr/2014:17:02:51 +0100] "GET /horizon/project/volumes/ HTTP/1.1" 200 4761 "http://192.168.0.10/horizon/project/volumes/" "Mozilla/5.0 (Windows NT 6.1; WOW64; rv:28.0) Gecko/20100101 Firefox/28.0"
192.168.0.4 - - [21/Apr/2014:17:02:52 +0100] "GET /horizon/i18n/js/horizon/ HTTP/1.1" 200 3836 "http://192.168.0.10/horizon/project/volumes/" "Mozilla/5.0 (Windows NT 6.1; WOW64; rv:28.0) Gecko/20100101 Firefox/28.0"
192.168.0.4 - - [21/Apr/2014:17:02:59 +0100] "GET /horizon/project/volumes/1a523dbb-8f5b-493e-be80-41a1d5b8afdc/attach/ HTTP/1.1" 200 2934 "http://192.168.0.10/horizon/project/volumes/" "Mozilla/5.0 (Windows NT 6.1; WOW64; rv:28.0) Gecko/20100101 Firefox/28.0"
192.168.0.4 - - [21/Apr/2014:17:03:11 +0100] "POST /horizon/project/volumes/1a523dbb-8f5b-493e-be80-41a1d5b8afdc/attach/ HTTP/1.1" 200 1840 "http://192.168.0.10/horizon/project/volumes/" "Mozilla/5.0 (Windows NT 6.1; WOW64; rv:28.0) Gecko/20100101 Firefox/28.0"
192.168.0.4 - - [21/Apr/2014:17:03:12 +0100] "GET /horizon/project/volumes/ HTTP/1.1" 200 4754 "http://192.168.0.10/horizon/project/volumes/" "Mozilla/5.0 (Windows NT 6.1; WOW64; rv:28.0) Gecko/20100101 Firefox/28.0"
192.168.0.4 - - [21/Apr/2014:17:03:13 +0100] "GET /horizon/i18n/js/horizon/ HTTP/1.1" 200 3836 "http://192.168.0.10/horizon/project/volumes/" "Mozilla/5.0 (Windows NT 6.1; WOW64; rv:28.0) Gecko/20100101 Firefox/28.0"
192.168.0.4 - - [21/Apr/2014:17:03:14 +0100] "GET /horizon/project/volumes/?action=row_update&table=volumes&obj_id=1a523dbb-8f5b-493e-be80-41a1d5b8afdc HTTP/1.1" 200 2015 "http://192.168.0.10/horizon/project/volumes/" "Mozilla/5.0 (Windows NT 6.1; WOW64; rv:28.0) Gecko/20100101 Firefox/28.0"
192.168.0.4 - - [21/Apr/2014:17:03:17 +0100] "GET /horizon/project/volumes/?action=row_update&table=volumes&obj_id=1a523dbb-8f5b-493e-be80-41a1d5b8afdc HTTP/1.1" 200 2130 "http://192.168.0.10/horizon/project/volumes/" "Mozilla/5.0 (Windows NT 6.1; WOW64; rv:28.0) Gecko/20100101 Firefox/28.0"
192.168.0.4 - - [21/Apr/2014:17:03:21 +0100] "GET /horizon/project/instances/ HTTP/1.1" 200 5762 "http://192.168.0.10/horizon/project/volumes/" "Mozilla/5.0 (Windows NT 6.1; WOW64; rv:28.0) Gecko/20100101 Firefox/28.0"
192.168.0.4 - - [21/Apr/2014:17:03:22 +0100] "GET /horizon/i18n/js/horizon/ HTTP/1.1" 200 3836 "http://192.168.0.10/horizon/project/instances/" "Mozilla/5.0 (Windows NT 6.1; WOW64; rv:28.0) Gecko/20100101 Firefox/28.0"
192.168.0.5 - - [21/Apr/2014:17:03:26 +0100] "GET /horizon/admin/instances/ HTTP/1.1" 200 8376 "http://192.168.0.10/horizon/admin/" "Mozilla/5.0 (Windows NT 6.1; WOW64) AppleWebKit/537.36 (KHTML, like Gecko) Chrome/34.0.1847.116 Safari/537.36"
192.168.0.4 - - [21/Apr/2014:17:03:28 +0100] "GET /horizon/project/instances/0bdea007-9fe0-4ba1-bac0-4575b06db24f/ HTTP/1.1" 200 4178 "http://192.168.0.10/horizon/project/instances/" "Mozilla/5.0 (Windows NT 6.1; WOW64; rv:28.0) Gecko/20100101 Firefox/28.0"
192.168.0.4 - - [21/Apr/2014:17:03:30 +0100] "GET /horizon/i18n/js/horizon/ HTTP/1.1" 200 3837 "http://192.168.0.10/horizon/project/instances/0bdea007-9fe0-4ba1-bac0-4575b06db24f/" "Mozilla/5.0 (Windows NT 6.1; WOW64; rv:28.0) Gecko/20100101 Firefox/28.0"
192.168.0.5 - - [21/Apr/2014:17:03:28 +0100] "GET /horizon/admin/instances/ HTTP/1.1" 200 8380 "http://192.168.0.10/horizon/admin/" "Mozilla/5.0 (Windows NT 6.1; WOW64) AppleWebKit/537.36 (KHTML, like Gecko) Chrome/34.0.1847.116 Safari/537.36"
192.168.0.5 - - [21/Apr/2014:17:03:28 +0100] "GET /horizon/admin/instances/ HTTP/1.1" 200 8380 "http://192.168.0.10/horizon/admin/" "Mozilla/5.0 (Windows NT 6.1; WOW64) AppleWebKit/537.36 (KHTML, like Gecko) Chrome/34.0.1847.116 Safari/537.36"
192.168.0.5 - - [21/Apr/2014:17:03:30 +0100] "GET /horizon/i18n/js/horizon/ HTTP/1.1" 200 3849 "http://192.168.0.10/horizon/admin/instances/" "Mozilla/5.0 (Windows NT 6.1; WOW64) AppleWebKit/537.36 (KHTML, like Gecko) Chrome/34.0.1847.116 Safari/537.36"
192.168.0.4 - - [21/Apr/2014:17:03:48 +0100] "GET /horizon/project/instances/ HTTP/1.1" 200 5773 "http://192.168.0.10/horizon/project/instances/0bdea007-9fe0-4ba1-bac0-4575b06db24f/" "Mozilla/5.0 (Windows NT 6.1; WOW64; rv:28.0) Gecko/20100101 Firefox/28.0"
192.168.0.4 - - [21/Apr/2014:17:03:49 +0100] "GET /horizon/i18n/js/horizon/ HTTP/1.1" 200 3816 "http://192.168.0.10/horizon/project/instances/" "Mozilla/5.0 (Windows NT 6.1; WOW64; rv:28.0) Gecko/20100101 Firefox/28.0"
192.168.0.5 - - [21/Apr/2014:17:03:54 +0100] "GET /horizon/admin/volumes/ HTTP/1.1" 200 4787 "http://192.168.0.10/horizon/admin/instances/" "Mozilla/5.0 (Windows NT 6.1; WOW64) AppleWebKit/537.36 (KHTML, like Gecko) Chrome/34.0.1847.116 Safari/537.36"
192.168.0.5 - - [21/Apr/2014:17:03:55 +0100] "GET /horizon/i18n/js/horizon/ HTTP/1.1" 200 3850 "http://192.168.0.10/horizon/admin/volumes/" "Mozilla/5.0 (Windows NT 6.1; WOW64) AppleWebKit/537.36 (KHTML, like Gecko) Chrome/34.0.1847.116 Safari/537.36"
192.168.0.5 - - [21/Apr/2014:17:03:57 +0100] "GET /horizon/admin/flavors/ HTTP/1.1" 200 4736 "http://192.168.0.10/horizon/admin/volumes/" "Mozilla/5.0 (Windows NT 6.1; WOW64) AppleWebKit/537.36 (KHTML, like Gecko) Chrome/34.0.1847.116 Safari/537.36"
192.168.0.5 - - [21/Apr/2014:17:03:58 +0100] "GET /horizon/i18n/js/horizon/ HTTP/1.1" 200 3849 "http://192.168.0.10/horizon/admin/flavors/" "Mozilla/5.0 (Windows NT 6.1; WOW64) AppleWebKit/537.36 (KHTML, like Gecko) Chrome/34.0.1847.116 Safari/537.36"
192.168.0.5 - - [21/Apr/2014:17:03:59 +0100] "GET /horizon/admin/hypervisors/ HTTP/1.1" 200 3971 "http://192.168.0.10/horizon/admin/flavors/" "Mozilla/5.0 (Windows NT 6.1; WOW64) AppleWebKit/537.36 (KHTML, like Gecko) Chrome/34.0.1847.116 Safari/537.36"
192.168.0.5 - - [21/Apr/2014:17:03:59 +0100] "GET /horizon/i18n/js/horizon/ HTTP/1.1" 200 3850 "http://192.168.0.10/horizon/admin/hypervisors/" "Mozilla/5.0 (Windows NT 6.1; WOW64) AppleWebKit/537.36 (KHTML, like Gecko) Chrome/34.0.1847.116 Safari/537.36"
192.168.0.5 - - [21/Apr/2014:17:04:01 +0100] "GET /horizon/admin/ HTTP/1.1" 200 4745 "http://192.168.0.10/horizon/admin/hypervisors/" "Mozilla/5.0 (Windows NT 6.1; WOW64) AppleWebKit/537.36 (KHTML, like Gecko) Chrome/34.0.1847.116 Safari/537.36"
192.168.0.5 - - [21/Apr/2014:17:04:01 +0100] "GET /horizon/i18n/js/horizon/ HTTP/1.1" 200 3849 "http://192.168.0.10/horizon/admin/" "Mozilla/5.0 (Windows NT 6.1; WOW64) AppleWebKit/537.36 (KHTML, like Gecko) Chrome/34.0.1847.116 Safari/537.36"
192.168.0.5 - - [21/Apr/2014:17:04:31 +0100] "GET /horizon/auth/logout/ HTTP/1.1" 302 486 "http://192.168.0.10/horizon/admin/" "Mozilla/5.0 (Windows NT 6.1; WOW64) AppleWebKit/537.36 (KHTML, like Gecko) Chrome/34.0.1847.116 Safari/537.36"
