192.168.0.4 - - [21/Apr/2014:16:22:12 +0100] "GET /horizon/i18n/js/horizon/ HTTP/1.1" 200 3842 "http://192.168.0.10/horizon/project/instances/" "Mozilla/5.0 (Windows NT 6.1; WOW64; rv:28.0) Gecko/20100101 Firefox/28.0"
192.168.0.4 - - [21/Apr/2014:16:22:13 +0100] "GET /horizon/project/instances/?action=row_update&table=instances&obj_id=98c98252-bf94-43cd-92c7-1be677fdd3d7 HTTP/1.1" 200 2375 "http://192.168.0.10/horizon/project/instances/" "Mozilla/5.0 (Windows NT 6.1; WOW64; rv:28.0) Gecko/20100101 Firefox/28.0"
192.168.0.5 - - [21/Apr/2014:16:22:13 +0100] "GET /horizon/project/instances/?action=row_update&table=instances&obj_id=3ad2ac1d-4ac7-4fc4-8732-23bee0f814d9 HTTP/1.1" 200 2379 "http://192.168.0.10/horizon/project/instances/" "Mozilla/5.0 (Windows NT 6.1; WOW64) AppleWebKit/537.36 (KHTML, like Gecko) Chrome/34.0.1847.116 Safari/537.36"
192.168.0.4 - - [21/Apr/2014:16:22:15 +0100] "GET /horizon/project/instances/?action=row_update&table=instances&obj_id=98c98252-bf94-43cd-92c7-1be677fdd3d7 HTTP/1.1" 200 2376 "http://192.168.0.10/horizon/project/instances/" "Mozilla/5.0 (Windows NT 6.1; WOW64; rv:28.0) Gecko/20100101 Firefox/28.0"
192.168.0.4 - - [21/Apr/2014:16:22:17 +0100] "GET /horizon/project/instances/?action=row_update&table=instances&obj_id=98c98252-bf94-43cd-92c7-1be677fdd3d7 HTTP/1.1" 200 2377 "http://192.168.0.10/horizon/project/instances/" "Mozilla/5.0 (Windows NT 6.1; WOW64; rv:28.0) Gecko/20100101 Firefox/28.0"
192.168.0.4 - - [21/Apr/2014:16:22:18 +0100] "GET /horizon/auth/logout/ HTTP/1.1" 302 486 "http://192.168.0.10/horizon/project/instances/" "Mozilla/5.0 (Windows NT 6.1; WOW64; rv:28.0) Gecko/20100101 Firefox/28.0"
192.168.0.4 - - [21/Apr/2014:16:22:18 +0100] "GET /horizon/auth/login/ HTTP/1.1" 200 2356 "http://192.168.0.10/horizon/project/instances/" "Mozilla/5.0 (Windows NT 6.1; WOW64; rv:28.0) Gecko/20100101 Firefox/28.0"
192.168.0.4 - - [21/Apr/2014:16:22:18 +0100] "GET /horizon/i18n/js/horizon/ HTTP/1.1" 200 2649 "http://192.168.0.10/horizon/auth/login/" "Mozilla/5.0 (Windows NT 6.1; WOW64; rv:28.0) Gecko/20100101 Firefox/28.0"
192.168.0.5 - - [21/Apr/2014:16:22:23 +0100] "GET /horizon/project/instances/?action=row_update&table=instances&obj_id=3ad2ac1d-4ac7-4fc4-8732-23bee0f814d9 HTTP/1.1" 200 2701 "http://192.168.0.10/horizon/project/instances/" "Mozilla/5.0 (Windows NT 6.1; WOW64) AppleWebKit/537.36 (KHTML, like Gecko) Chrome/34.0.1847.116 Safari/537.36"
192.168.0.5 - - [21/Apr/2014:16:22:26 +0100] "POST /horizon/project/instances/launch HTTP/1.1" 200 1842 "http://192.168.0.10/horizon/project/instances/" "Mozilla/5.0 (Windows NT 6.1; WOW64) AppleWebKit/537.36 (KHTML, like Gecko) Chrome/34.0.1847.116 Safari/537.36"
192.168.0.5 - - [21/Apr/2014:16:22:27 +0100] "GET /horizon/project/instances/ HTTP/1.1" 200 5606 "http://192.168.0.10/horizon/project/instances/" "Mozilla/5.0 (Windows NT 6.1; WOW64) AppleWebKit/537.36 (KHTML, like Gecko) Chrome/34.0.1847.116 Safari/537.36"
192.168.0.5 - - [21/Apr/2014:16:22:28 +0100] "GET /horizon/i18n/js/horizon/ HTTP/1.1" 200 3846 "http://192.168.0.10/horizon/project/instances/" "Mozilla/5.0 (Windows NT 6.1; WOW64) AppleWebKit/537.36 (KHTML, like Gecko) Chrome/34.0.1847.116 Safari/537.36"
192.168.0.4 - - [21/Apr/2014:16:22:28 +0100] "POST /horizon/auth/login/ HTTP/1.1" 302 1861 "http://192.168.0.10/horizon/auth/login/" "Mozilla/5.0 (Windows NT 6.1; WOW64; rv:28.0) Gecko/20100101 Firefox/28.0"
192.168.0.4 - - [21/Apr/2014:16:22:28 +0100] "GET /horizon HTTP/1.1" 302 1735 "http://192.168.0.10/horizon/auth/login/" "Mozilla/5.0 (Windows NT 6.1; WOW64; rv:28.0) Gecko/20100101 Firefox/28.0"
192.168.0.5 - - [21/Apr/2014:16:22:28 +0100] "GET /horizon/project/instances/?action=row_update&table=instances&obj_id=a4735b00-af3f-42ea-aec8-493a4e37e96c HTTP/1.1" 200 2382 "http://192.168.0.10/horizon/project/instances/" "Mozilla/5.0 (Windows NT 6.1; WOW64) AppleWebKit/537.36 (KHTML, like Gecko) Chrome/34.0.1847.116 Safari/537.36"
192.168.0.4 - - [21/Apr/2014:16:22:28 +0100] "GET /horizon/admin/ HTTP/1.1" 200 4670 "http://192.168.0.10/horizon/auth/login/" "Mozilla/5.0 (Windows NT 6.1; WOW64; rv:28.0) Gecko/20100101 Firefox/28.0"
192.168.0.4 - - [21/Apr/2014:16:22:29 +0100] "GET /horizon/i18n/js/horizon/ HTTP/1.1" 200 3832 "http://192.168.0.10/horizon/admin/" "Mozilla/5.0 (Windows NT 6.1; WOW64; rv:28.0) Gecko/20100101 Firefox/28.0"
192.168.0.5 - - [21/Apr/2014:16:22:30 +0100] "GET /horizon/project/instances/?action=row_update&table=instances&obj_id=a4735b00-af3f-42ea-aec8-493a4e37e96c HTTP/1.1" 200 2381 "http://192.168.0.10/horizon/project/instances/" "Mozilla/5.0 (Windows NT 6.1; WOW64) AppleWebKit/537.36 (KHTML, like Gecko) Chrome/34.0.1847.116 Safari/537.36"
192.168.0.5 - - [21/Apr/2014:16:22:34 +0100] "GET /horizon/project/instances/?action=row_update&table=instances&obj_id=a4735b00-af3f-42ea-aec8-493a4e37e96c HTTP/1.1" 200 2385 "http://192.168.0.10/horizon/project/instances/" "Mozilla/5.0 (Windows NT 6.1; WOW64) AppleWebKit/537.36 (KHTML, like Gecko) Chrome/34.0.1847.116 Safari/537.36"
192.168.0.5 - - [21/Apr/2014:16:22:37 +0100] "GET /horizon/project/instances/?action=row_update&table=instances&obj_id=a4735b00-af3f-42ea-aec8-493a4e37e96c HTTP/1.1" 200 2382 "http://192.168.0.10/horizon/project/instances/" "Mozilla/5.0 (Windows NT 6.1; WOW64) AppleWebKit/537.36 (KHTML, like Gecko) Chrome/34.0.1847.116 Safari/537.36"
192.168.0.5 - - [21/Apr/2014:16:22:43 +0100] "GET /horizon/project/instances/?action=row_update&table=instances&obj_id=a4735b00-af3f-42ea-aec8-493a4e37e96c HTTP/1.1" 200 2383 "http://192.168.0.10/horizon/project/instances/" "Mozilla/5.0 (Windows NT 6.1; WOW64) AppleWebKit/537.36 (KHTML, like Gecko) Chrome/34.0.1847.116 Safari/537.36"
192.168.0.4 - - [21/Apr/2014:16:22:43 +0100] "GET /horizon/admin/instances/ HTTP/1.1" 200 7853 "http://192.168.0.10/horizon/admin/" "Mozilla/5.0 (Windows NT 6.1; WOW64; rv:28.0) Gecko/20100101 Firefox/28.0"
192.168.0.4 - - [21/Apr/2014:16:22:45 +0100] "GET /horizon/i18n/js/horizon/ HTTP/1.1" 200 3832 "http://192.168.0.10/horizon/admin/instances/" "Mozilla/5.0 (Windows NT 6.1; WOW64; rv:28.0) Gecko/20100101 Firefox/28.0"
192.168.0.4 - - [21/Apr/2014:16:22:46 +0100] "GET /horizon/admin/instances/?action=row_update&table=instances&obj_id=a4735b00-af3f-42ea-aec8-493a4e37e96c HTTP/1.1" 200 2353 "http://192.168.0.10/horizon/admin/instances/" "Mozilla/5.0 (Windows NT 6.1; WOW64; rv:28.0) Gecko/20100101 Firefox/28.0"
192.168.0.4 - - [21/Apr/2014:16:22:48 +0100] "GET /horizon/admin/instances/?action=row_update&table=instances&obj_id=a4735b00-af3f-42ea-aec8-493a4e37e96c HTTP/1.1" 200 2351 "http://192.168.0.10/horizon/admin/instances/" "Mozilla/5.0 (Windows NT 6.1; WOW64; rv:28.0) Gecko/20100101 Firefox/28.0"
192.168.0.5 - - [21/Apr/2014:16:22:51 +0100] "GET /horizon/project/instances/?action=row_update&table=instances&obj_id=a4735b00-af3f-42ea-aec8-493a4e37e96c HTTP/1.1" 200 2704 "http://192.168.0.10/horizon/project/instances/" "Mozilla/5.0 (Windows NT 6.1; WOW64) AppleWebKit/537.36 (KHTML, like Gecko) Chrome/34.0.1847.116 Safari/537.36"
192.168.0.4 - - [21/Apr/2014:16:22:51 +0100] "GET /horizon/admin/instances/?action=row_update&table=instances&obj_id=a4735b00-af3f-42ea-aec8-493a4e37e96c HTTP/1.1" 200 2563 "http://192.168.0.10/horizon/admin/instances/" "Mozilla/5.0 (Windows NT 6.1; WOW64; rv:28.0) Gecko/20100101 Firefox/28.0"
192.168.0.4 - - [21/Apr/2014:16:22:57 +0100] "GET /horizon/admin/hypervisors/ HTTP/1.1" 200 3953 "http://192.168.0.10/horizon/admin/instances/" "Mozilla/5.0 (Windows NT 6.1; WOW64; rv:28.0) Gecko/20100101 Firefox/28.0"
192.168.0.4 - - [21/Apr/2014:16:22:57 +0100] "GET /horizon/i18n/js/horizon/ HTTP/1.1" 200 3815 "http://192.168.0.10/horizon/admin/hypervisors/" "Mozilla/5.0 (Windows NT 6.1; WOW64; rv:28.0) Gecko/20100101 Firefox/28.0"
192.168.0.5 - - [21/Apr/2014:16:23:08 +0100] "GET /horizon/auth/logout/ HTTP/1.1" 302 486 "http://192.168.0.10/horizon/project/instances/" "Mozilla/5.0 (Windows NT 6.1; WOW64) AppleWebKit/537.36 (KHTML, like Gecko) Chrome/34.0.1847.116 Safari/537.36"
192.168.0.5 - - [21/Apr/2014:16:23:08 +0100] "GET /horizon/auth/login/ HTTP/1.1" 200 2354 "http://192.168.0.10/horizon/project/instances/" "Mozilla/5.0 (Windows NT 6.1; WOW64) AppleWebKit/537.36 (KHTML, like Gecko) Chrome/34.0.1847.116 Safari/537.36"
192.168.0.5 - - [21/Apr/2014:16:23:08 +0100] "GET /horizon/i18n/js/horizon/ HTTP/1.1" 200 2649 "http://192.168.0.10/horizon/auth/login/" "Mozilla/5.0 (Windows NT 6.1; WOW64) AppleWebKit/537.36 (KHTML, like Gecko) Chrome/34.0.1847.116 Safari/537.36"
192.168.0.5 - - [21/Apr/2014:16:23:18 +0100] "POST /horizon/auth/login/ HTTP/1.1" 302 1866 "http://192.168.0.10/horizon/auth/login/" "Mozilla/5.0 (Windows NT 6.1; WOW64) AppleWebKit/537.36 (KHTML, like Gecko) Chrome/34.0.1847.116 Safari/537.36"
192.168.0.5 - - [21/Apr/2014:16:23:19 +0100] "GET /horizon HTTP/1.1" 302 1743 "http://192.168.0.10/horizon/auth/login/" "Mozilla/5.0 (Windows NT 6.1; WOW64) AppleWebKit/537.36 (KHTML, like Gecko) Chrome/34.0.1847.116 Safari/537.36"
192.168.0.5 - - [21/Apr/2014:16:23:19 +0100] "GET /horizon/project/ HTTP/1.1" 200 4435 "http://192.168.0.10/horizon/auth/login/" "Mozilla/5.0 (Windows NT 6.1; WOW64) AppleWebKit/537.36 (KHTML, like Gecko) Chrome/34.0.1847.116 Safari/537.36"
192.168.0.5 - - [21/Apr/2014:16:23:19 +0100] "GET /horizon/i18n/js/horizon/ HTTP/1.1" 200 3836 "http://192.168.0.10/horizon/project/" "Mozilla/5.0 (Windows NT 6.1; WOW64) AppleWebKit/537.36 (KHTML, like Gecko) Chrome/34.0.1847.116 Safari/537.36"
192.168.0.5 - - [21/Apr/2014:16:23:33 +0100] "GET /horizon/project/instances/ HTTP/1.1" 200 4147 "http://192.168.0.10/horizon/project/" "Mozilla/5.0 (Windows NT 6.1; WOW64) AppleWebKit/537.36 (KHTML, like Gecko) Chrome/34.0.1847.116 Safari/537.36"
192.168.0.5 - - [21/Apr/2014:16:23:33 +0100] "GET /horizon/i18n/js/horizon/ HTTP/1.1" 200 3838 "http://192.168.0.10/horizon/project/instances/" "Mozilla/5.0 (Windows NT 6.1; WOW64) AppleWebKit/537.36 (KHTML, like Gecko) Chrome/34.0.1847.116 Safari/537.36"
192.168.0.5 - - [21/Apr/2014:16:23:36 +0100] "GET /horizon/project/instances/launch HTTP/1.1" 200 4695 "http://192.168.0.10/horizon/project/instances/" "Mozilla/5.0 (Windows NT 6.1; WOW64) AppleWebKit/537.36 (KHTML, like Gecko) Chrome/34.0.1847.116 Safari/537.36"
192.168.0.5 - - [21/Apr/2014:16:23:51 +0100] "POST /horizon/project/instances/launch HTTP/1.1" 200 1827 "http://192.168.0.10/horizon/project/instances/" "Mozilla/5.0 (Windows NT 6.1; WOW64) AppleWebKit/537.36 (KHTML, like Gecko) Chrome/34.0.1847.116 Safari/537.36"
192.168.0.5 - - [21/Apr/2014:16:23:52 +0100] "GET /horizon/project/instances/ HTTP/1.1" 200 4850 "http://192.168.0.10/horizon/project/instances/" "Mozilla/5.0 (Windows NT 6.1; WOW64) AppleWebKit/537.36 (KHTML, like Gecko) Chrome/34.0.1847.116 Safari/537.36"
192.168.0.5 - - [21/Apr/2014:16:23:53 +0100] "GET /horizon/i18n/js/horizon/ HTTP/1.1" 200 3836 "http://192.168.0.10/horizon/project/instances/" "Mozilla/5.0 (Windows NT 6.1; WOW64) AppleWebKit/537.36 (KHTML, like Gecko) Chrome/34.0.1847.116 Safari/537.36"
192.168.0.5 - - [21/Apr/2014:16:23:53 +0100] "GET /horizon/project/instances/?action=row_update&table=instances&obj_id=e9043aa1-f00a-4b1a-9f71-31c682206e50 HTTP/1.1" 200 2366 "http://192.168.0.10/horizon/project/instances/" "Mozilla/5.0 (Windows NT 6.1; WOW64) AppleWebKit/537.36 (KHTML, like Gecko) Chrome/34.0.1847.116 Safari/537.36"
192.168.0.5 - - [21/Apr/2014:16:23:55 +0100] "GET /horizon/project/instances/launch HTTP/1.1" 200 4693 "http://192.168.0.10/horizon/project/instances/" "Mozilla/5.0 (Windows NT 6.1; WOW64) AppleWebKit/537.36 (KHTML, like Gecko) Chrome/34.0.1847.116 Safari/537.36"
192.168.0.5 - - [21/Apr/2014:16:23:55 +0100] "GET /horizon/project/instances/?action=row_update&table=instances&obj_id=e9043aa1-f00a-4b1a-9f71-31c682206e50 HTTP/1.1" 200 2367 "http://192.168.0.10/horizon/project/instances/" "Mozilla/5.0 (Windows NT 6.1; WOW64) AppleWebKit/537.36 (KHTML, like Gecko) Chrome/34.0.1847.116 Safari/537.36"
192.168.0.5 - - [21/Apr/2014:16:23:58 +0100] "GET /horizon/project/instances/?action=row_update&table=instances&obj_id=e9043aa1-f00a-4b1a-9f71-31c682206e50 HTTP/1.1" 200 2370 "http://192.168.0.10/horizon/project/instances/" "Mozilla/5.0 (Windows NT 6.1; WOW64) AppleWebKit/537.36 (KHTML, like Gecko) Chrome/34.0.1847.116 Safari/537.36"
192.168.0.5 - - [21/Apr/2014:16:24:00 +0100] "GET /horizon/project/instances/?action=row_update&table=instances&obj_id=e9043aa1-f00a-4b1a-9f71-31c682206e50 HTTP/1.1" 200 2370 "http://192.168.0.10/horizon/project/instances/" "Mozilla/5.0 (Windows NT 6.1; WOW64) AppleWebKit/537.36 (KHTML, like Gecko) Chrome/34.0.1847.116 Safari/537.36"
192.168.0.5 - - [21/Apr/2014:16:24:05 +0100] "GET /horizon/project/instances/?action=row_update&table=instances&obj_id=e9043aa1-f00a-4b1a-9f71-31c682206e50 HTTP/1.1" 200 2371 "http://192.168.0.10/horizon/project/instances/" "Mozilla/5.0 (Windows NT 6.1; WOW64) AppleWebKit/537.36 (KHTML, like Gecko) Chrome/34.0.1847.116 Safari/537.36"
192.168.0.5 - - [21/Apr/2014:16:24:13 +0100] "GET /horizon/project/instances/?action=row_update&table=instances&obj_id=e9043aa1-f00a-4b1a-9f71-31c682206e50 HTTP/1.1" 200 2690 "http://192.168.0.10/horizon/project/instances/" "Mozilla/5.0 (Windows NT 6.1; WOW64) AppleWebKit/537.36 (KHTML, like Gecko) Chrome/34.0.1847.116 Safari/537.36"
192.168.0.4 - - [21/Apr/2014:16:24:21 +0100] "GET /horizon/admin/instances/ HTTP/1.1" 200 8064 "http://192.168.0.10/horizon/admin/hypervisors/" "Mozilla/5.0 (Windows NT 6.1; WOW64; rv:28.0) Gecko/20100101 Firefox/28.0"
192.168.0.4 - - [21/Apr/2014:16:24:23 +0100] "GET /horizon/i18n/js/horizon/ HTTP/1.1" 200 3829 "http://192.168.0.10/horizon/admin/instances/" "Mozilla/5.0 (Windows NT 6.1; WOW64; rv:28.0) Gecko/20100101 Firefox/28.0"
192.168.0.5 - - [21/Apr/2014:16:24:22 +0100] "POST /horizon/project/instances/launch HTTP/1.1" 200 1834 "http://192.168.0.10/horizon/project/instances/" "Mozilla/5.0 (Windows NT 6.1; WOW64) AppleWebKit/537.36 (KHTML, like Gecko) Chrome/34.0.1847.116 Safari/537.36"
192.168.0.5 - - [21/Apr/2014:16:24:24 +0100] "GET /horizon/project/instances/ HTTP/1.1" 200 5344 "http://192.168.0.10/horizon/project/instances/" "Mozilla/5.0 (Windows NT 6.1; WOW64) AppleWebKit/537.36 (KHTML, like Gecko) Chrome/34.0.1847.116 Safari/537.36"
192.168.0.5 - - [21/Apr/2014:16:24:24 +0100] "GET /horizon/i18n/js/horizon/ HTTP/1.1" 200 3819 "http://192.168.0.10/horizon/project/instances/" "Mozilla/5.0 (Windows NT 6.1; WOW64) AppleWebKit/537.36 (KHTML, like Gecko) Chrome/34.0.1847.116 Safari/537.36"
192.168.0.5 - - [21/Apr/2014:16:24:24 +0100] "GET /horizon/project/instances/?action=row_update&table=instances&obj_id=60dfcaf6-86be-4c3f-a87b-fd3c4df7cdb3 HTTP/1.1" 200 2367 "http://192.168.0.10/horizon/project/instances/" "Mozilla/5.0 (Windows NT 6.1; WOW64) AppleWebKit/537.36 (KHTML, like Gecko) Chrome/34.0.1847.116 Safari/537.36"
192.168.0.5 - - [21/Apr/2014:16:24:27 +0100] "GET /horizon/project/instances/launch HTTP/1.1" 200 4700 "http://192.168.0.10/horizon/project/instances/" "Mozilla/5.0 (Windows NT 6.1; WOW64) AppleWebKit/537.36 (KHTML, like Gecko) Chrome/34.0.1847.116 Safari/537.36"
192.168.0.5 - - [21/Apr/2014:16:24:27 +0100] "GET /horizon/project/instances/?action=row_update&table=instances&obj_id=60dfcaf6-86be-4c3f-a87b-fd3c4df7cdb3 HTTP/1.1" 200 2373 "http://192.168.0.10/horizon/project/instances/" "Mozilla/5.0 (Windows NT 6.1; WOW64) AppleWebKit/537.36 (KHTML, like Gecko) Chrome/34.0.1847.116 Safari/537.36"
192.168.0.5 - - [21/Apr/2014:16:24:29 +0100] "GET /horizon/project/instances/?action=row_update&table=instances&obj_id=60dfcaf6-86be-4c3f-a87b-fd3c4df7cdb3 HTTP/1.1" 200 2371 "http://192.168.0.10/horizon/project/instances/" "Mozilla/5.0 (Windows NT 6.1; WOW64) AppleWebKit/537.36 (KHTML, like Gecko) Chrome/34.0.1847.116 Safari/537.36"
192.168.0.5 - - [21/Apr/2014:16:24:32 +0100] "GET /horizon/project/instances/?action=row_update&table=instances&obj_id=60dfcaf6-86be-4c3f-a87b-fd3c4df7cdb3 HTTP/1.1" 200 2372 "http://192.168.0.10/horizon/project/instances/" "Mozilla/5.0 (Windows NT 6.1; WOW64) AppleWebKit/537.36 (KHTML, like Gecko) Chrome/34.0.1847.116 Safari/537.36"
192.168.0.5 - - [21/Apr/2014:16:24:37 +0100] "GET /horizon/project/instances/?action=row_update&table=instances&obj_id=60dfcaf6-86be-4c3f-a87b-fd3c4df7cdb3 HTTP/1.1" 200 2370 "http://192.168.0.10/horizon/project/instances/" "Mozilla/5.0 (Windows NT 6.1; WOW64) AppleWebKit/537.36 (KHTML, like Gecko) Chrome/34.0.1847.116 Safari/537.36"
192.168.0.5 - - [21/Apr/2014:16:24:40 +0100] "POST /horizon/project/instances/launch HTTP/1.1" 200 1836 "http://192.168.0.10/horizon/project/instances/" "Mozilla/5.0 (Windows NT 6.1; WOW64) AppleWebKit/537.36 (KHTML, like Gecko) Chrome/34.0.1847.116 Safari/537.36"
192.168.0.5 - - [21/Apr/2014:16:24:41 +0100] "GET /horizon/project/instances/ HTTP/1.1" 200 5455 "http://192.168.0.10/horizon/project/instances/" "Mozilla/5.0 (Windows NT 6.1; WOW64) AppleWebKit/537.36 (KHTML, like Gecko) Chrome/34.0.1847.116 Safari/537.36"
192.168.0.5 - - [21/Apr/2014:16:24:42 +0100] "GET /horizon/i18n/js/horizon/ HTTP/1.1" 200 3837 "http://192.168.0.10/horizon/project/instances/" "Mozilla/5.0 (Windows NT 6.1; WOW64) AppleWebKit/537.36 (KHTML, like Gecko) Chrome/34.0.1847.116 Safari/537.36"
192.168.0.5 - - [21/Apr/2014:16:24:42 +0100] "GET /horizon/project/instances/?action=row_update&table=instances&obj_id=93d6ad51-6679-4a90-abb1-c3e7baf8748c HTTP/1.1" 200 2370 "http://192.168.0.10/horizon/project/instances/" "Mozilla/5.0 (Windows NT 6.1; WOW64) AppleWebKit/537.36 (KHTML, like Gecko) Chrome/34.0.1847.116 Safari/537.36"
192.168.0.5 - - [21/Apr/2014:16:24:42 +0100] "GET /horizon/project/instances/?action=row_update&table=instances&obj_id=60dfcaf6-86be-4c3f-a87b-fd3c4df7cdb3 HTTP/1.1" 200 2693 "http://192.168.0.10/horizon/project/instances/" "Mozilla/5.0 (Windows NT 6.1; WOW64) AppleWebKit/537.36 (KHTML, like Gecko) Chrome/34.0.1847.116 Safari/537.36"
192.168.0.5 - - [21/Apr/2014:16:24:45 +0100] "GET /horizon/project/instances/?action=row_update&table=instances&obj_id=93d6ad51-6679-4a90-abb1-c3e7baf8748c HTTP/1.1" 200 2378 "http://192.168.0.10/horizon/project/instances/" "Mozilla/5.0 (Windows NT 6.1; WOW64) AppleWebKit/537.36 (KHTML, like Gecko) Chrome/34.0.1847.116 Safari/537.36"
192.168.0.5 - - [21/Apr/2014:16:24:47 +0100] "GET /horizon/project/instances/?action=row_update&table=instances&obj_id=93d6ad51-6679-4a90-abb1-c3e7baf8748c HTTP/1.1" 200 2376 "http://192.168.0.10/horizon/project/instances/" "Mozilla/5.0 (Windows NT 6.1; WOW64) AppleWebKit/537.36 (KHTML, like Gecko) Chrome/34.0.1847.116 Safari/537.36"
192.168.0.5 - - [21/Apr/2014:16:24:50 +0100] "GET /horizon/project/instances/?action=row_update&table=instances&obj_id=93d6ad51-6679-4a90-abb1-c3e7baf8748c HTTP/1.1" 200 2376 "http://192.168.0.10/horizon/project/instances/" "Mozilla/5.0 (Windows NT 6.1; WOW64) AppleWebKit/537.36 (KHTML, like Gecko) Chrome/34.0.1847.116 Safari/537.36"
192.168.0.4 - - [21/Apr/2014:16:24:50 +0100] "GET /horizon/admin/hypervisors/ HTTP/1.1" 200 3951 "http://192.168.0.10/horizon/admin/instances/" "Mozilla/5.0 (Windows NT 6.1; WOW64; rv:28.0) Gecko/20100101 Firefox/28.0"
192.168.0.4 - - [21/Apr/2014:16:24:51 +0100] "GET /horizon/i18n/js/horizon/ HTTP/1.1" 200 3830 "http://192.168.0.10/horizon/admin/hypervisors/" "Mozilla/5.0 (Windows NT 6.1; WOW64; rv:28.0) Gecko/20100101 Firefox/28.0"
192.168.0.5 - - [21/Apr/2014:16:24:55 +0100] "GET /horizon/project/instances/?action=row_update&table=instances&obj_id=93d6ad51-6679-4a90-abb1-c3e7baf8748c HTTP/1.1" 200 2376 "http://192.168.0.10/horizon/project/instances/" "Mozilla/5.0 (Windows NT 6.1; WOW64) AppleWebKit/537.36 (KHTML, like Gecko) Chrome/34.0.1847.116 Safari/537.36"
192.168.0.5 - - [21/Apr/2014:16:25:02 +0100] "GET /horizon/project/instances/?action=row_update&table=instances&obj_id=93d6ad51-6679-4a90-abb1-c3e7baf8748c HTTP/1.1" 200 2695 "http://192.168.0.10/horizon/project/instances/" "Mozilla/5.0 (Windows NT 6.1; WOW64) AppleWebKit/537.36 (KHTML, like Gecko) Chrome/34.0.1847.116 Safari/537.36"
192.168.0.5 - - [21/Apr/2014:16:25:11 +0100] "GET /horizon/project/ HTTP/1.1" 200 4601 "http://192.168.0.10/horizon/project/instances/" "Mozilla/5.0 (Windows NT 6.1; WOW64) AppleWebKit/537.36 (KHTML, like Gecko) Chrome/34.0.1847.116 Safari/537.36"
192.168.0.5 - - [21/Apr/2014:16:25:11 +0100] "GET /horizon/i18n/js/horizon/ HTTP/1.1" 200 3837 "http://192.168.0.10/horizon/project/" "Mozilla/5.0 (Windows NT 6.1; WOW64) AppleWebKit/537.36 (KHTML, like Gecko) Chrome/34.0.1847.116 Safari/537.36"
192.168.0.4 - - [21/Apr/2014:16:25:12 +0100] "GET /horizon/admin/instances/ HTTP/1.1" 200 8197 "http://192.168.0.10/horizon/admin/hypervisors/" "Mozilla/5.0 (Windows NT 6.1; WOW64; rv:28.0) Gecko/20100101 Firefox/28.0"
192.168.0.4 - - [21/Apr/2014:16:25:14 +0100] "GET /horizon/i18n/js/horizon/ HTTP/1.1" 200 3830 "http://192.168.0.10/horizon/admin/instances/" "Mozilla/5.0 (Windows NT 6.1; WOW64; rv:28.0) Gecko/20100101 Firefox/28.0"
192.168.0.5 - - [21/Apr/2014:16:25:20 +0100] "GET /horizon/project/images_and_snapshots/ HTTP/1.1" 200 4863 "http://192.168.0.10/horizon/project/" "Mozilla/5.0 (Windows NT 6.1; WOW64) AppleWebKit/537.36 (KHTML, like Gecko) Chrome/34.0.1847.116 Safari/537.36"
192.168.0.5 - - [21/Apr/2014:16:25:21 +0100] "GET /horizon/i18n/js/horizon/ HTTP/1.1" 200 3834 "http://192.168.0.10/horizon/project/images_and_snapshots/" "Mozilla/5.0 (Windows NT 6.1; WOW64) AppleWebKit/537.36 (KHTML, like Gecko) Chrome/34.0.1847.116 Safari/537.36"
192.168.0.5 - - [21/Apr/2014:16:25:27 +0100] "GET /horizon/project/access_and_security/ HTTP/1.1" 200 4936 "http://192.168.0.10/horizon/project/images_and_snapshots/" "Mozilla/5.0 (Windows NT 6.1; WOW64) AppleWebKit/537.36 (KHTML, like Gecko) Chrome/34.0.1847.116 Safari/537.36"
192.168.0.5 - - [21/Apr/2014:16:25:28 +0100] "GET /horizon/i18n/js/horizon/ HTTP/1.1" 200 3862 "http://192.168.0.10/horizon/project/access_and_security/" "Mozilla/5.0 (Windows NT 6.1; WOW64) AppleWebKit/537.36 (KHTML, like Gecko) Chrome/34.0.1847.116 Safari/537.36"
192.168.0.4 - - [21/Apr/2014:16:25:29 +0100] "GET /static/dashboard/img/up_arrow.png HTTP/1.1" 200 405 "http://192.168.0.10/static/dashboard/css/d46048c6478b.css" "Mozilla/5.0 (Windows NT 6.1; WOW64; rv:28.0) Gecko/20100101 Firefox/28.0"
192.168.0.5 - - [21/Apr/2014:16:25:30 +0100] "GET /horizon/project/ HTTP/1.1" 200 4680 "http://192.168.0.10/horizon/project/access_and_security/" "Mozilla/5.0 (Windows NT 6.1; WOW64) AppleWebKit/537.36 (KHTML, like Gecko) Chrome/34.0.1847.116 Safari/537.36"
192.168.0.5 - - [21/Apr/2014:16:25:30 +0100] "GET /horizon/i18n/js/horizon/ HTTP/1.1" 200 3860 "http://192.168.0.10/horizon/project/" "Mozilla/5.0 (Windows NT 6.1; WOW64) AppleWebKit/537.36 (KHTML, like Gecko) Chrome/34.0.1847.116 Safari/537.36"
192.168.0.5 - - [21/Apr/2014:16:25:31 +0100] "GET /horizon/project/instances/ HTTP/1.1" 200 5550 "http://192.168.0.10/horizon/project/" "Mozilla/5.0 (Windows NT 6.1; WOW64) AppleWebKit/537.36 (KHTML, like Gecko) Chrome/34.0.1847.116 Safari/537.36"
192.168.0.5 - - [21/Apr/2014:16:25:32 +0100] "GET /horizon/i18n/js/horizon/ HTTP/1.1" 200 3862 "http://192.168.0.10/horizon/project/instances/" "Mozilla/5.0 (Windows NT 6.1; WOW64) AppleWebKit/537.36 (KHTML, like Gecko) Chrome/34.0.1847.116 Safari/537.36"
192.168.0.5 - - [21/Apr/2014:16:25:38 +0100] "GET /horizon/project/ HTTP/1.1" 200 4683 "http://192.168.0.10/horizon/project/instances/" "Mozilla/5.0 (Windows NT 6.1; WOW64) AppleWebKit/537.36 (KHTML, like Gecko) Chrome/34.0.1847.116 Safari/537.36"
192.168.0.5 - - [21/Apr/2014:16:25:38 +0100] "GET /horizon/i18n/js/horizon/ HTTP/1.1" 200 3861 "http://192.168.0.10/horizon/project/" "Mozilla/5.0 (Windows NT 6.1; WOW64) AppleWebKit/537.36 (KHTML, like Gecko) Chrome/34.0.1847.116 Safari/537.36"
192.168.0.5 - - [21/Apr/2014:16:25:47 +0100] "GET /horizon/auth/logout/ HTTP/1.1" 302 486 "http://192.168.0.10/horizon/project/" "Mozilla/5.0 (Windows NT 6.1; WOW64) AppleWebKit/537.36 (KHTML, like Gecko) Chrome/34.0.1847.116 Safari/537.36"
192.168.0.5 - - [21/Apr/2014:16:25:47 +0100] "GET /horizon/auth/login/ HTTP/1.1" 200 2354 "http://192.168.0.10/horizon/project/" "Mozilla/5.0 (Windows NT 6.1; WOW64) AppleWebKit/537.36 (KHTML, like Gecko) Chrome/34.0.1847.116 Safari/537.36"
192.168.0.5 - - [21/Apr/2014:16:25:47 +0100] "GET /horizon/i18n/js/horizon/ HTTP/1.1" 200 2649 "http://192.168.0.10/horizon/auth/login/" "Mozilla/5.0 (Windows NT 6.1; WOW64) AppleWebKit/537.36 (KHTML, like Gecko) Chrome/34.0.1847.116 Safari/537.36"
192.168.0.5 - - [21/Apr/2014:16:25:52 +0100] "GET /horizon/auth/login/ HTTP/1.1" 200 2349 "-" "Mozilla/5.0 (Windows NT 6.1; WOW64) AppleWebKit/537.36 (KHTML, like Gecko) Chrome/34.0.1847.116 Safari/537.36"
192.168.0.5 - - [21/Apr/2014:16:25:52 +0100] "GET /horizon/i18n/js/horizon/ HTTP/1.1" 200 2649 "http://192.168.0.10/horizon/auth/login/" "Mozilla/5.0 (Windows NT 6.1; WOW64) AppleWebKit/537.36 (KHTML, like Gecko) Chrome/34.0.1847.116 Safari/537.36"
192.168.0.4 - - [21/Apr/2014:16:26:04 +0100] "POST /horizon/admin/instances/ HTTP/1.1" 302 1903 "http://192.168.0.10/horizon/admin/instances/" "Mozilla/5.0 (Windows NT 6.1; WOW64; rv:28.0) Gecko/20100101 Firefox/28.0"
192.168.0.4 - - [21/Apr/2014:16:26:05 +0100] "GET /horizon/admin/instances/ HTTP/1.1" 200 8393 "http://192.168.0.10/horizon/admin/instances/" "Mozilla/5.0 (Windows NT 6.1; WOW64; rv:28.0) Gecko/20100101 Firefox/28.0"
192.168.0.4 - - [21/Apr/2014:16:26:08 +0100] "GET /horizon/i18n/js/horizon/ HTTP/1.1" 200 3814 "http://192.168.0.10/horizon/admin/instances/" "Mozilla/5.0 (Windows NT 6.1; WOW64; rv:28.0) Gecko/20100101 Firefox/28.0"
192.168.0.5 - - [21/Apr/2014:16:26:08 +0100] "POST /horizon/auth/login/ HTTP/1.1" 302 1858 "http://192.168.0.10/horizon/auth/login/" "Mozilla/5.0 (Windows NT 6.1; WOW64) AppleWebKit/537.36 (KHTML, like Gecko) Chrome/34.0.1847.116 Safari/537.36"
192.168.0.5 - - [21/Apr/2014:16:26:08 +0100] "GET /horizon HTTP/1.1" 302 1732 "http://192.168.0.10/horizon/auth/login/" "Mozilla/5.0 (Windows NT 6.1; WOW64) AppleWebKit/537.36 (KHTML, like Gecko) Chrome/34.0.1847.116 Safari/537.36"
192.168.0.5 - - [21/Apr/2014:16:26:08 +0100] "GET /horizon/admin/ HTTP/1.1" 200 4707 "http://192.168.0.10/horizon/auth/login/" "Mozilla/5.0 (Windows NT 6.1; WOW64) AppleWebKit/537.36 (KHTML, like Gecko) Chrome/34.0.1847.116 Safari/537.36"
192.168.0.5 - - [21/Apr/2014:16:26:09 +0100] "GET /horizon/i18n/js/horizon/ HTTP/1.1" 200 3829 "http://192.168.0.10/horizon/admin/" "Mozilla/5.0 (Windows NT 6.1; WOW64) AppleWebKit/537.36 (KHTML, like Gecko) Chrome/34.0.1847.116 Safari/537.36"
192.168.0.5 - - [21/Apr/2014:16:26:16 +0100] "GET /horizon/admin/hypervisors/ HTTP/1.1" 200 3953 "http://192.168.0.10/horizon/admin/" "Mozilla/5.0 (Windows NT 6.1; WOW64) AppleWebKit/537.36 (KHTML, like Gecko) Chrome/34.0.1847.116 Safari/537.36"
192.168.0.5 - - [21/Apr/2014:16:26:16 +0100] "GET /horizon/i18n/js/horizon/ HTTP/1.1" 200 3830 "http://192.168.0.10/horizon/admin/hypervisors/" "Mozilla/5.0 (Windows NT 6.1; WOW64) AppleWebKit/537.36 (KHTML, like Gecko) Chrome/34.0.1847.116 Safari/537.36"
192.168.0.4 - - [21/Apr/2014:16:26:18 +0100] "GET /horizon/admin/instances/ HTTP/1.1" 200 8182 "http://192.168.0.10/horizon/admin/instances/" "Mozilla/5.0 (Windows NT 6.1; WOW64; rv:28.0) Gecko/20100101 Firefox/28.0"
192.168.0.4 - - [21/Apr/2014:16:26:21 +0100] "GET /horizon/i18n/js/horizon/ HTTP/1.1" 200 3832 "http://192.168.0.10/horizon/admin/instances/" "Mozilla/5.0 (Windows NT 6.1; WOW64; rv:28.0) Gecko/20100101 Firefox/28.0"
192.168.0.4 - - [21/Apr/2014:16:26:34 +0100] "POST /horizon/admin/instances/ HTTP/1.1" 302 1916 "http://192.168.0.10/horizon/admin/instances/" "Mozilla/5.0 (Windows NT 6.1; WOW64; rv:28.0) Gecko/20100101 Firefox/28.0"
192.168.0.4 - - [21/Apr/2014:16:26:35 +0100] "GET /horizon/admin/instances/ HTTP/1.1" 200 8374 "http://192.168.0.10/horizon/admin/instances/" "Mozilla/5.0 (Windows NT 6.1; WOW64; rv:28.0) Gecko/20100101 Firefox/28.0"
192.168.0.5 - - [21/Apr/2014:16:26:35 +0100] "GET /horizon/admin/instances/ HTTP/1.1" 200 8252 "http://192.168.0.10/horizon/admin/hypervisors/" "Mozilla/5.0 (Windows NT 6.1; WOW64) AppleWebKit/537.36 (KHTML, like Gecko) Chrome/34.0.1847.116 Safari/537.36"
192.168.0.4 - - [21/Apr/2014:16:26:38 +0100] "GET /horizon/i18n/js/horizon/ HTTP/1.1" 200 3832 "http://192.168.0.10/horizon/admin/instances/" "Mozilla/5.0 (Windows NT 6.1; WOW64; rv:28.0) Gecko/20100101 Firefox/28.0"
192.168.0.5 - - [21/Apr/2014:16:26:37 +0100] "GET /horizon/admin/instances/ HTTP/1.1" 200 8125 "http://192.168.0.10/horizon/admin/hypervisors/" "Mozilla/5.0 (Windows NT 6.1; WOW64) AppleWebKit/537.36 (KHTML, like Gecko) Chrome/34.0.1847.116 Safari/537.36"
192.168.0.5 - - [21/Apr/2014:16:26:38 +0100] "GET /horizon/admin/instances/ HTTP/1.1" 200 8124 "http://192.168.0.10/horizon/admin/hypervisors/" "Mozilla/5.0 (Windows NT 6.1; WOW64) AppleWebKit/537.36 (KHTML, like Gecko) Chrome/34.0.1847.116 Safari/537.36"
192.168.0.5 - - [21/Apr/2014:16:26:39 +0100] "GET /horizon/admin/instances/ HTTP/1.1" 200 8125 "http://192.168.0.10/horizon/admin/hypervisors/" "Mozilla/5.0 (Windows NT 6.1; WOW64) AppleWebKit/537.36 (KHTML, like Gecko) Chrome/34.0.1847.116 Safari/537.36"
192.168.0.5 - - [21/Apr/2014:16:26:41 +0100] "GET /horizon/i18n/js/horizon/ HTTP/1.1" 200 3830 "http://192.168.0.10/horizon/admin/instances/" "Mozilla/5.0 (Windows NT 6.1; WOW64) AppleWebKit/537.36 (KHTML, like Gecko) Chrome/34.0.1847.116 Safari/537.36"
192.168.0.4 - - [21/Apr/2014:16:26:44 +0100] "GET /horizon/admin/instances/ HTTP/1.1" 200 8118 "http://192.168.0.10/horizon/admin/instances/" "Mozilla/5.0 (Windows NT 6.1; WOW64; rv:28.0) Gecko/20100101 Firefox/28.0"
192.168.0.4 - - [21/Apr/2014:16:26:47 +0100] "GET /horizon/i18n/js/horizon/ HTTP/1.1" 200 3833 "http://192.168.0.10/horizon/admin/instances/" "Mozilla/5.0 (Windows NT 6.1; WOW64; rv:28.0) Gecko/20100101 Firefox/28.0"
192.168.0.4 - - [21/Apr/2014:16:27:14 +0100] "POST /horizon/admin/instances/ HTTP/1.1" 302 1889 "http://192.168.0.10/horizon/admin/instances/" "Mozilla/5.0 (Windows NT 6.1; WOW64; rv:28.0) Gecko/20100101 Firefox/28.0"
192.168.0.4 - - [21/Apr/2014:16:27:15 +0100] "GET /horizon/admin/instances/ HTTP/1.1" 200 8311 "http://192.168.0.10/horizon/admin/instances/" "Mozilla/5.0 (Windows NT 6.1; WOW64; rv:28.0) Gecko/20100101 Firefox/28.0"
192.168.0.4 - - [21/Apr/2014:16:27:17 +0100] "GET /horizon/i18n/js/horizon/ HTTP/1.1" 200 3814 "http://192.168.0.10/horizon/admin/instances/" "Mozilla/5.0 (Windows NT 6.1; WOW64; rv:28.0) Gecko/20100101 Firefox/28.0"
192.168.0.4 - - [21/Apr/2014:16:27:19 +0100] "GET /horizon/admin/instances/?action=row_update&table=instances&obj_id=e176c861-131f-469f-82b7-2c3f4ece1d7a HTTP/1.1" 200 2467 "http://192.168.0.10/horizon/admin/instances/" "Mozilla/5.0 (Windows NT 6.1; WOW64; rv:28.0) Gecko/20100101 Firefox/28.0"
192.168.0.4 - - [21/Apr/2014:16:27:21 +0100] "GET /horizon/admin/instances/?action=row_update&table=instances&obj_id=e176c861-131f-469f-82b7-2c3f4ece1d7a HTTP/1.1" 200 2466 "http://192.168.0.10/horizon/admin/instances/" "Mozilla/5.0 (Windows NT 6.1; WOW64; rv:28.0) Gecko/20100101 Firefox/28.0"
192.168.0.4 - - [21/Apr/2014:16:27:23 +0100] "GET /horizon/admin/instances/?action=row_update&table=instances&obj_id=e176c861-131f-469f-82b7-2c3f4ece1d7a HTTP/1.1" 200 2465 "http://192.168.0.10/horizon/admin/instances/" "Mozilla/5.0 (Windows NT 6.1; WOW64; rv:28.0) Gecko/20100101 Firefox/28.0"
192.168.0.4 - - [21/Apr/2014:16:27:28 +0100] "GET /horizon/admin/instances/?action=row_update&table=instances&obj_id=e176c861-131f-469f-82b7-2c3f4ece1d7a HTTP/1.1" 200 2463 "http://192.168.0.10/horizon/admin/instances/" "Mozilla/5.0 (Windows NT 6.1; WOW64; rv:28.0) Gecko/20100101 Firefox/28.0"
192.168.0.4 - - [21/Apr/2014:16:27:36 +0100] "GET /horizon/admin/instances/?action=row_update&table=instances&obj_id=e176c861-131f-469f-82b7-2c3f4ece1d7a HTTP/1.1" 200 2468 "http://192.168.0.10/horizon/admin/instances/" "Mozilla/5.0 (Windows NT 6.1; WOW64; rv:28.0) Gecko/20100101 Firefox/28.0"
192.168.0.4 - - [21/Apr/2014:16:27:46 +0100] "GET /horizon/admin/instances/?action=row_update&table=instances&obj_id=e176c861-131f-469f-82b7-2c3f4ece1d7a HTTP/1.1" 200 2467 "http://192.168.0.10/horizon/admin/instances/" "Mozilla/5.0 (Windows NT 6.1; WOW64; rv:28.0) Gecko/20100101 Firefox/28.0"
192.168.0.4 - - [21/Apr/2014:16:27:45 +0100] "GET /horizon/admin/instances/ HTTP/1.1" 200 8133 "http://192.168.0.10/horizon/admin/instances/" "Mozilla/5.0 (Windows NT 6.1; WOW64; rv:28.0) Gecko/20100101 Firefox/28.0"
192.168.0.4 - - [21/Apr/2014:16:27:48 +0100] "GET /horizon/i18n/js/horizon/ HTTP/1.1" 200 3832 "http://192.168.0.10/horizon/admin/instances/" "Mozilla/5.0 (Windows NT 6.1; WOW64; rv:28.0) Gecko/20100101 Firefox/28.0"
192.168.0.4 - - [21/Apr/2014:16:27:49 +0100] "GET /horizon/admin/instances/?action=row_update&table=instances&obj_id=e176c861-131f-469f-82b7-2c3f4ece1d7a HTTP/1.1" 200 2465 "http://192.168.0.10/horizon/admin/instances/" "Mozilla/5.0 (Windows NT 6.1; WOW64; rv:28.0) Gecko/20100101 Firefox/28.0"
192.168.0.5 - - [21/Apr/2014:16:27:50 +0100] "GET /horizon/admin/volumes/ HTTP/1.1" 200 4537 "http://192.168.0.10/horizon/admin/instances/" "Mozilla/5.0 (Windows NT 6.1; WOW64) AppleWebKit/537.36 (KHTML, like Gecko) Chrome/34.0.1847.116 Safari/537.36"
192.168.0.5 - - [21/Apr/2014:16:27:51 +0100] "GET /horizon/i18n/js/horizon/ HTTP/1.1" 200 3830 "http://192.168.0.10/horizon/admin/volumes/" "Mozilla/5.0 (Windows NT 6.1; WOW64) AppleWebKit/537.36 (KHTML, like Gecko) Chrome/34.0.1847.116 Safari/537.36"
192.168.0.4 - - [21/Apr/2014:16:27:51 +0100] "GET /horizon/admin/instances/?action=row_update&table=instances&obj_id=e176c861-131f-469f-82b7-2c3f4ece1d7a HTTP/1.1" 200 2467 "http://192.168.0.10/horizon/admin/instances/" "Mozilla/5.0 (Windows NT 6.1; WOW64; rv:28.0) Gecko/20100101 Firefox/28.0"
192.168.0.4 - - [21/Apr/2014:16:27:54 +0100] "GET /horizon/admin/instances/?action=row_update&table=instances&obj_id=e176c861-131f-469f-82b7-2c3f4ece1d7a HTTP/1.1" 200 2466 "http://192.168.0.10/horizon/admin/instances/" "Mozilla/5.0 (Windows NT 6.1; WOW64; rv:28.0) Gecko/20100101 Firefox/28.0"
192.168.0.5 - - [21/Apr/2014:16:27:54 +0100] "GET /horizon/admin/flavors/ HTTP/1.1" 200 4716 "http://192.168.0.10/horizon/admin/volumes/" "Mozilla/5.0 (Windows NT 6.1; WOW64) AppleWebKit/537.36 (KHTML, like Gecko) Chrome/34.0.1847.116 Safari/537.36"
192.168.0.5 - - [21/Apr/2014:16:27:55 +0100] "GET /horizon/i18n/js/horizon/ HTTP/1.1" 200 3829 "http://192.168.0.10/horizon/admin/flavors/" "Mozilla/5.0 (Windows NT 6.1; WOW64) AppleWebKit/537.36 (KHTML, like Gecko) Chrome/34.0.1847.116 Safari/537.36"
192.168.0.4 - - [21/Apr/2014:16:27:57 +0100] "GET /horizon/auth/logout/ HTTP/1.1" 302 485 "http://192.168.0.10/horizon/admin/instances/" "Mozilla/5.0 (Windows NT 6.1; WOW64; rv:28.0) Gecko/20100101 Firefox/28.0"
192.168.0.4 - - [21/Apr/2014:16:27:57 +0100] "GET /horizon/auth/login/ HTTP/1.1" 200 2356 "http://192.168.0.10/horizon/admin/instances/" "Mozilla/5.0 (Windows NT 6.1; WOW64; rv:28.0) Gecko/20100101 Firefox/28.0"
192.168.0.4 - - [21/Apr/2014:16:27:57 +0100] "GET /horizon/i18n/js/horizon/ HTTP/1.1" 200 2649 "http://192.168.0.10/horizon/auth/login/" "Mozilla/5.0 (Windows NT 6.1; WOW64; rv:28.0) Gecko/20100101 Firefox/28.0"
192.168.0.5 - - [21/Apr/2014:16:28:01 +0100] "GET /horizon/admin/images/images/ HTTP/1.1" 200 4515 "http://192.168.0.10/horizon/admin/flavors/" "Mozilla/5.0 (Windows NT 6.1; WOW64) AppleWebKit/537.36 (KHTML, like Gecko) Chrome/34.0.1847.116 Safari/537.36"
192.168.0.5 - - [21/Apr/2014:16:28:01 +0100] "GET /horizon/i18n/js/horizon/ HTTP/1.1" 200 3828 "http://192.168.0.10/horizon/admin/images/images/" "Mozilla/5.0 (Windows NT 6.1; WOW64) AppleWebKit/537.36 (KHTML, like Gecko) Chrome/34.0.1847.116 Safari/537.36"
192.168.0.5 - - [21/Apr/2014:16:28:03 +0100] "GET /horizon/admin/defaults/ HTTP/1.1" 200 4571 "http://192.168.0.10/horizon/admin/images/images/" "Mozilla/5.0 (Windows NT 6.1; WOW64) AppleWebKit/537.36 (KHTML, like Gecko) Chrome/34.0.1847.116 Safari/537.36"
192.168.0.5 - - [21/Apr/2014:16:28:03 +0100] "GET /horizon/i18n/js/horizon/ HTTP/1.1" 200 3828 "http://192.168.0.10/horizon/admin/defaults/" "Mozilla/5.0 (Windows NT 6.1; WOW64) AppleWebKit/537.36 (KHTML, like Gecko) Chrome/34.0.1847.116 Safari/537.36"
192.168.0.5 - - [21/Apr/2014:16:28:05 +0100] "GET /horizon/admin/info/ HTTP/1.1" 200 4862 "http://192.168.0.10/horizon/admin/defaults/" "Mozilla/5.0 (Windows NT 6.1; WOW64) AppleWebKit/537.36 (KHTML, like Gecko) Chrome/34.0.1847.116 Safari/537.36"
192.168.0.5 - - [21/Apr/2014:16:28:05 +0100] "GET /horizon/i18n/js/horizon/ HTTP/1.1" 200 3850 "http://192.168.0.10/horizon/admin/info/" "Mozilla/5.0 (Windows NT 6.1; WOW64) AppleWebKit/537.36 (KHTML, like Gecko) Chrome/34.0.1847.116 Safari/537.36"
192.168.0.4 - - [21/Apr/2014:16:28:10 +0100] "POST /horizon/auth/login/ HTTP/1.1" 302 1862 "http://192.168.0.10/horizon/auth/login/" "Mozilla/5.0 (Windows NT 6.1; WOW64; rv:28.0) Gecko/20100101 Firefox/28.0"
192.168.0.4 - - [21/Apr/2014:16:28:10 +0100] "GET /horizon HTTP/1.1" 302 1737 "http://192.168.0.10/horizon/auth/login/" "Mozilla/5.0 (Windows NT 6.1; WOW64; rv:28.0) Gecko/20100101 Firefox/28.0"
192.168.0.4 - - [21/Apr/2014:16:28:10 +0100] "GET /horizon/project/ HTTP/1.1" 200 4646 "http://192.168.0.10/horizon/auth/login/" "Mozilla/5.0 (Windows NT 6.1; WOW64; rv:28.0) Gecko/20100101 Firefox/28.0"
192.168.0.4 - - [21/Apr/2014:16:28:11 +0100] "GET /horizon/i18n/js/horizon/ HTTP/1.1" 200 3833 "http://192.168.0.10/horizon/project/" "Mozilla/5.0 (Windows NT 6.1; WOW64; rv:28.0) Gecko/20100101 Firefox/28.0"
192.168.0.5 - - [21/Apr/2014:16:28:27 +0100] "GET /horizon/auth/logout/ HTTP/1.1" 302 486 "http://192.168.0.10/horizon/admin/info/" "Mozilla/5.0 (Windows NT 6.1; WOW64) AppleWebKit/537.36 (KHTML, like Gecko) Chrome/34.0.1847.116 Safari/537.36"
192.168.0.5 - - [21/Apr/2014:16:28:27 +0100] "GET /horizon/auth/login/ HTTP/1.1" 200 2354 "http://192.168.0.10/horizon/admin/info/" "Mozilla/5.0 (Windows NT 6.1; WOW64) AppleWebKit/537.36 (KHTML, like Gecko) Chrome/34.0.1847.116 Safari/537.36"
192.168.0.5 - - [21/Apr/2014:16:28:27 +0100] "GET /horizon/i18n/js/horizon/ HTTP/1.1" 200 2649 "http://192.168.0.10/horizon/auth/login/" "Mozilla/5.0 (Windows NT 6.1; WOW64) AppleWebKit/537.36 (KHTML, like Gecko) Chrome/34.0.1847.116 Safari/537.36"
192.168.0.4 - - [21/Apr/2014:16:28:31 +0100] "GET /horizon/project/instances/ HTTP/1.1" 200 5508 "http://192.168.0.10/horizon/project/" "Mozilla/5.0 (Windows NT 6.1; WOW64; rv:28.0) Gecko/20100101 Firefox/28.0"
192.168.0.4 - - [21/Apr/2014:16:28:32 +0100] "GET /horizon/i18n/js/horizon/ HTTP/1.1" 200 3832 "http://192.168.0.10/horizon/project/instances/" "Mozilla/5.0 (Windows NT 6.1; WOW64; rv:28.0) Gecko/20100101 Firefox/28.0"
192.168.0.4 - - [21/Apr/2014:16:28:36 +0100] "GET /horizon/project/instances/launch HTTP/1.1" 200 4700 "http://192.168.0.10/horizon/project/instances/" "Mozilla/5.0 (Windows NT 6.1; WOW64; rv:28.0) Gecko/20100101 Firefox/28.0"
192.168.0.5 - - [21/Apr/2014:16:28:39 +0100] "POST /horizon/auth/login/ HTTP/1.1" 302 1863 "http://192.168.0.10/horizon/auth/login/" "Mozilla/5.0 (Windows NT 6.1; WOW64) AppleWebKit/537.36 (KHTML, like Gecko) Chrome/34.0.1847.116 Safari/537.36"
192.168.0.5 - - [21/Apr/2014:16:28:39 +0100] "GET /horizon HTTP/1.1" 302 1741 "http://192.168.0.10/horizon/auth/login/" "Mozilla/5.0 (Windows NT 6.1; WOW64) AppleWebKit/537.36 (KHTML, like Gecko) Chrome/34.0.1847.116 Safari/537.36"
192.168.0.5 - - [21/Apr/2014:16:28:39 +0100] "GET /horizon/project/ HTTP/1.1" 200 4662 "http://192.168.0.10/horizon/auth/login/" "Mozilla/5.0 (Windows NT 6.1; WOW64) AppleWebKit/537.36 (KHTML, like Gecko) Chrome/34.0.1847.116 Safari/537.36"
192.168.0.5 - - [21/Apr/2014:16:28:39 +0100] "GET /horizon/i18n/js/horizon/ HTTP/1.1" 200 3836 "http://192.168.0.10/horizon/project/" "Mozilla/5.0 (Windows NT 6.1; WOW64) AppleWebKit/537.36 (KHTML, like Gecko) Chrome/34.0.1847.116 Safari/537.36"
192.168.0.5 - - [21/Apr/2014:16:28:45 +0100] "GET /horizon/project/instances/ HTTP/1.1" 200 5525 "http://192.168.0.10/horizon/project/" "Mozilla/5.0 (Windows NT 6.1; WOW64) AppleWebKit/537.36 (KHTML, like Gecko) Chrome/34.0.1847.116 Safari/537.36"
192.168.0.5 - - [21/Apr/2014:16:28:45 +0100] "GET /horizon/i18n/js/horizon/ HTTP/1.1" 200 3837 "http://192.168.0.10/horizon/project/instances/" "Mozilla/5.0 (Windows NT 6.1; WOW64) AppleWebKit/537.36 (KHTML, like Gecko) Chrome/34.0.1847.116 Safari/537.36"
192.168.0.5 - - [21/Apr/2014:16:28:48 +0100] "GET /horizon/project/instances/launch HTTP/1.1" 200 4701 "http://192.168.0.10/horizon/project/instances/" "Mozilla/5.0 (Windows NT 6.1; WOW64) AppleWebKit/537.36 (KHTML, like Gecko) Chrome/34.0.1847.116 Safari/537.36"
192.168.0.4 - - [21/Apr/2014:16:28:53 +0100] "POST /horizon/project/instances/launch HTTP/1.1" 200 1824 "http://192.168.0.10/horizon/project/instances/" "Mozilla/5.0 (Windows NT 6.1; WOW64; rv:28.0) Gecko/20100101 Firefox/28.0"
192.168.0.4 - - [21/Apr/2014:16:28:54 +0100] "GET /horizon/project/instances/ HTTP/1.1" 200 5831 "http://192.168.0.10/horizon/project/instances/" "Mozilla/5.0 (Windows NT 6.1; WOW64; rv:28.0) Gecko/20100101 Firefox/28.0"
192.168.0.4 - - [21/Apr/2014:16:28:56 +0100] "GET /horizon/i18n/js/horizon/ HTTP/1.1" 200 3832 "http://192.168.0.10/horizon/project/instances/" "Mozilla/5.0 (Windows NT 6.1; WOW64; rv:28.0) Gecko/20100101 Firefox/28.0"
192.168.0.4 - - [21/Apr/2014:16:28:57 +0100] "GET /horizon/project/instances/?action=row_update&table=instances&obj_id=e9fa734f-7930-48d3-b34d-cadd428ca7f5 HTTP/1.1" 200 2370 "http://192.168.0.10/horizon/project/instances/" "Mozilla/5.0 (Windows NT 6.1; WOW64; rv:28.0) Gecko/20100101 Firefox/28.0"
192.168.0.4 - - [21/Apr/2014:16:28:59 +0100] "GET /horizon/project/instances/?action=row_update&table=instances&obj_id=e9fa734f-7930-48d3-b34d-cadd428ca7f5 HTTP/1.1" 200 2366 "http://192.168.0.10/horizon/project/instances/" "Mozilla/5.0 (Windows NT 6.1; WOW64; rv:28.0) Gecko/20100101 Firefox/28.0"
192.168.0.4 - - [21/Apr/2014:16:29:01 +0100] "GET /horizon/project/instances/?action=row_update&table=instances&obj_id=e9fa734f-7930-48d3-b34d-cadd428ca7f5 HTTP/1.1" 200 2369 "http://192.168.0.10/horizon/project/instances/" "Mozilla/5.0 (Windows NT 6.1; WOW64; rv:28.0) Gecko/20100101 Firefox/28.0"
192.168.0.4 - - [21/Apr/2014:16:29:06 +0100] "GET /horizon/project/instances/?action=row_update&table=instances&obj_id=e9fa734f-7930-48d3-b34d-cadd428ca7f5 HTTP/1.1" 200 2366 "http://192.168.0.10/horizon/project/instances/" "Mozilla/5.0 (Windows NT 6.1; WOW64; rv:28.0) Gecko/20100101 Firefox/28.0"
192.168.0.5 - - [21/Apr/2014:16:29:06 +0100] "POST /horizon/project/instances/launch HTTP/1.1" 200 1832 "http://192.168.0.10/horizon/project/instances/" "Mozilla/5.0 (Windows NT 6.1; WOW64) AppleWebKit/537.36 (KHTML, like Gecko) Chrome/34.0.1847.116 Safari/537.36"
192.168.0.5 - - [21/Apr/2014:16:29:07 +0100] "GET /horizon/project/instances/ HTTP/1.1" 200 5850 "http://192.168.0.10/horizon/project/instances/" "Mozilla/5.0 (Windows NT 6.1; WOW64) AppleWebKit/537.36 (KHTML, like Gecko) Chrome/34.0.1847.116 Safari/537.36"
192.168.0.5 - - [21/Apr/2014:16:29:08 +0100] "GET /horizon/i18n/js/horizon/ HTTP/1.1" 200 3837 "http://192.168.0.10/horizon/project/instances/" "Mozilla/5.0 (Windows NT 6.1; WOW64) AppleWebKit/537.36 (KHTML, like Gecko) Chrome/34.0.1847.116 Safari/537.36"
192.168.0.5 - - [21/Apr/2014:16:29:08 +0100] "GET /horizon/project/instances/?action=row_update&table=instances&obj_id=fcacd76d-5f10-48c1-8d73-ba0e355adeee HTTP/1.1" 200 2367 "http://192.168.0.10/horizon/project/instances/" "Mozilla/5.0 (Windows NT 6.1; WOW64) AppleWebKit/537.36 (KHTML, like Gecko) Chrome/34.0.1847.116 Safari/537.36"
192.168.0.5 - - [21/Apr/2014:16:29:10 +0100] "GET /horizon/project/instances/?action=row_update&table=instances&obj_id=fcacd76d-5f10-48c1-8d73-ba0e355adeee HTTP/1.1" 200 2368 "http://192.168.0.10/horizon/project/instances/" "Mozilla/5.0 (Windows NT 6.1; WOW64) AppleWebKit/537.36 (KHTML, like Gecko) Chrome/34.0.1847.116 Safari/537.36"
192.168.0.4 - - [21/Apr/2014:16:29:12 +0100] "GET /horizon/auth/logout/ HTTP/1.1" 302 486 "http://192.168.0.10/horizon/project/instances/" "Mozilla/5.0 (Windows NT 6.1; WOW64; rv:28.0) Gecko/20100101 Firefox/28.0"
192.168.0.4 - - [21/Apr/2014:16:29:12 +0100] "GET /horizon/auth/login/ HTTP/1.1" 200 2356 "http://192.168.0.10/horizon/project/instances/" "Mozilla/5.0 (Windows NT 6.1; WOW64; rv:28.0) Gecko/20100101 Firefox/28.0"
192.168.0.4 - - [21/Apr/2014:16:29:13 +0100] "GET /horizon/i18n/js/horizon/ HTTP/1.1" 200 2649 "http://192.168.0.10/horizon/auth/login/" "Mozilla/5.0 (Windows NT 6.1; WOW64; rv:28.0) Gecko/20100101 Firefox/28.0"
192.168.0.5 - - [21/Apr/2014:16:29:13 +0100] "GET /horizon/project/instances/?action=row_update&table=instances&obj_id=fcacd76d-5f10-48c1-8d73-ba0e355adeee HTTP/1.1" 200 2368 "http://192.168.0.10/horizon/project/instances/" "Mozilla/5.0 (Windows NT 6.1; WOW64) AppleWebKit/537.36 (KHTML, like Gecko) Chrome/34.0.1847.116 Safari/537.36"
192.168.0.5 - - [21/Apr/2014:16:29:14 +0100] "GET /horizon/project/instances/launch HTTP/1.1" 200 4699 "http://192.168.0.10/horizon/project/instances/" "Mozilla/5.0 (Windows NT 6.1; WOW64) AppleWebKit/537.36 (KHTML, like Gecko) Chrome/34.0.1847.116 Safari/537.36"
192.168.0.5 - - [21/Apr/2014:16:29:15 +0100] "GET /horizon/project/instances/?action=row_update&table=instances&obj_id=fcacd76d-5f10-48c1-8d73-ba0e355adeee HTTP/1.1" 200 2370 "http://192.168.0.10/horizon/project/instances/" "Mozilla/5.0 (Windows NT 6.1; WOW64) AppleWebKit/537.36 (KHTML, like Gecko) Chrome/34.0.1847.116 Safari/537.36"
192.168.0.5 - - [21/Apr/2014:16:29:20 +0100] "GET /horizon/project/instances/?action=row_update&table=instances&obj_id=fcacd76d-5f10-48c1-8d73-ba0e355adeee HTTP/1.1" 200 2368 "http://192.168.0.10/horizon/project/instances/" "Mozilla/5.0 (Windows NT 6.1; WOW64) AppleWebKit/537.36 (KHTML, like Gecko) Chrome/34.0.1847.116 Safari/537.36"
192.168.0.5 - - [21/Apr/2014:16:29:28 +0100] "GET /horizon/project/instances/?action=row_update&table=instances&obj_id=fcacd76d-5f10-48c1-8d73-ba0e355adeee HTTP/1.1" 200 2689 "http://192.168.0.10/horizon/project/instances/" "Mozilla/5.0 (Windows NT 6.1; WOW64) AppleWebKit/537.36 (KHTML, like Gecko) Chrome/34.0.1847.116 Safari/537.36"
192.168.0.4 - - [21/Apr/2014:16:29:30 +0100] "POST /horizon/auth/login/ HTTP/1.1" 200 2388 "http://192.168.0.10/horizon/auth/login/" "Mozilla/5.0 (Windows NT 6.1; WOW64; rv:28.0) Gecko/20100101 Firefox/28.0"
192.168.0.4 - - [21/Apr/2014:16:29:30 +0100] "GET /horizon/i18n/js/horizon/ HTTP/1.1" 200 2652 "http://192.168.0.10/horizon/auth/login/" "Mozilla/5.0 (Windows NT 6.1; WOW64; rv:28.0) Gecko/20100101 Firefox/28.0"
192.168.0.5 - - [21/Apr/2014:16:29:36 +0100] "GET /horizon/auth/logout/ HTTP/1.1" 302 486 "http://192.168.0.10/horizon/project/instances/" "Mozilla/5.0 (Windows NT 6.1; WOW64) AppleWebKit/537.36 (KHTML, like Gecko) Chrome/34.0.1847.116 Safari/537.36"
192.168.0.5 - - [21/Apr/2014:16:29:36 +0100] "GET /horizon/auth/login/ HTTP/1.1" 200 2354 "http://192.168.0.10/horizon/project/instances/" "Mozilla/5.0 (Windows NT 6.1; WOW64) AppleWebKit/537.36 (KHTML, like Gecko) Chrome/34.0.1847.116 Safari/537.36"
192.168.0.5 - - [21/Apr/2014:16:29:36 +0100] "GET /horizon/i18n/js/horizon/ HTTP/1.1" 200 2649 "http://192.168.0.10/horizon/auth/login/" "Mozilla/5.0 (Windows NT 6.1; WOW64) AppleWebKit/537.36 (KHTML, like Gecko) Chrome/34.0.1847.116 Safari/537.36"
192.168.0.4 - - [21/Apr/2014:16:29:46 +0100] "POST /horizon/auth/login/ HTTP/1.1" 200 2388 "http://192.168.0.10/horizon/auth/login/" "Mozilla/5.0 (Windows NT 6.1; WOW64; rv:28.0) Gecko/20100101 Firefox/28.0"
192.168.0.5 - - [21/Apr/2014:16:29:46 +0100] "POST /horizon/auth/login/ HTTP/1.1" 302 1874 "http://192.168.0.10/horizon/auth/login/" "Mozilla/5.0 (Windows NT 6.1; WOW64) AppleWebKit/537.36 (KHTML, like Gecko) Chrome/34.0.1847.116 Safari/537.36"
192.168.0.4 - - [21/Apr/2014:16:29:47 +0100] "GET /horizon/i18n/js/horizon/ HTTP/1.1" 200 2652 "http://192.168.0.10/horizon/auth/login/" "Mozilla/5.0 (Windows NT 6.1; WOW64; rv:28.0) Gecko/20100101 Firefox/28.0"
192.168.0.5 - - [21/Apr/2014:16:29:47 +0100] "GET /horizon HTTP/1.1" 302 1751 "http://192.168.0.10/horizon/auth/login/" "Mozilla/5.0 (Windows NT 6.1; WOW64) AppleWebKit/537.36 (KHTML, like Gecko) Chrome/34.0.1847.116 Safari/537.36"
192.168.0.5 - - [21/Apr/2014:16:29:47 +0100] "GET /horizon/project/ HTTP/1.1" 200 4667 "http://192.168.0.10/horizon/auth/login/" "Mozilla/5.0 (Windows NT 6.1; WOW64) AppleWebKit/537.36 (KHTML, like Gecko) Chrome/34.0.1847.116 Safari/537.36"
192.168.0.5 - - [21/Apr/2014:16:29:47 +0100] "GET /horizon/i18n/js/horizon/ HTTP/1.1" 200 3827 "http://192.168.0.10/horizon/project/" "Mozilla/5.0 (Windows NT 6.1; WOW64) AppleWebKit/537.36 (KHTML, like Gecko) Chrome/34.0.1847.116 Safari/537.36"
192.168.0.5 - - [21/Apr/2014:16:29:53 +0100] "GET /horizon/project/instances/ HTTP/1.1" 200 5539 "http://192.168.0.10/horizon/project/" "Mozilla/5.0 (Windows NT 6.1; WOW64) AppleWebKit/537.36 (KHTML, like Gecko) Chrome/34.0.1847.116 Safari/537.36"
192.168.0.5 - - [21/Apr/2014:16:29:54 +0100] "GET /horizon/i18n/js/horizon/ HTTP/1.1" 200 3846 "http://192.168.0.10/horizon/project/instances/" "Mozilla/5.0 (Windows NT 6.1; WOW64) AppleWebKit/537.36 (KHTML, like Gecko) Chrome/34.0.1847.116 Safari/537.36"
192.168.0.5 - - [21/Apr/2014:16:29:57 +0100] "GET /horizon/project/instances/launch HTTP/1.1" 200 4714 "http://192.168.0.10/horizon/project/instances/" "Mozilla/5.0 (Windows NT 6.1; WOW64) AppleWebKit/537.36 (KHTML, like Gecko) Chrome/34.0.1847.116 Safari/537.36"
192.168.0.4 - - [21/Apr/2014:16:29:58 +0100] "POST /horizon/auth/login/ HTTP/1.1" 302 1855 "http://192.168.0.10/horizon/auth/login/" "Mozilla/5.0 (Windows NT 6.1; WOW64; rv:28.0) Gecko/20100101 Firefox/28.0"
