192.168.0.5 - - [21/Apr/2014:16:14:13 +0100] "GET /horizon HTTP/1.1" 302 1741 "http://192.168.0.10/horizon/auth/login/" "Mozilla/5.0 (Windows NT 6.1; WOW64) AppleWebKit/537.36 (KHTML, like Gecko) Chrome/34.0.1847.116 Safari/537.36"
192.168.0.5 - - [21/Apr/2014:16:14:13 +0100] "GET /horizon/project/ HTTP/1.1" 200 4431 "http://192.168.0.10/horizon/auth/login/" "Mozilla/5.0 (Windows NT 6.1; WOW64) AppleWebKit/537.36 (KHTML, like Gecko) Chrome/34.0.1847.116 Safari/537.36"
192.168.0.5 - - [21/Apr/2014:16:14:13 +0100] "GET /horizon/i18n/js/horizon/ HTTP/1.1" 200 3815 "http://192.168.0.10/horizon/project/" "Mozilla/5.0 (Windows NT 6.1; WOW64) AppleWebKit/537.36 (KHTML, like Gecko) Chrome/34.0.1847.116 Safari/537.36"
192.168.0.4 - - [21/Apr/2014:16:14:18 +0100] "GET /horizon/project/instances/ HTTP/1.1" 200 4151 "http://192.168.0.10/horizon/project/" "Mozilla/5.0 (Windows NT 6.1; WOW64; rv:28.0) Gecko/20100101 Firefox/28.0"
192.168.0.4 - - [21/Apr/2014:16:14:19 +0100] "GET /horizon/i18n/js/horizon/ HTTP/1.1" 200 3842 "http://192.168.0.10/horizon/project/instances/" "Mozilla/5.0 (Windows NT 6.1; WOW64; rv:28.0) Gecko/20100101 Firefox/28.0"
192.168.0.5 - - [21/Apr/2014:16:14:21 +0100] "GET /horizon/project/instances/ HTTP/1.1" 200 4142 "http://192.168.0.10/horizon/project/" "Mozilla/5.0 (Windows NT 6.1; WOW64) AppleWebKit/537.36 (KHTML, like Gecko) Chrome/34.0.1847.116 Safari/537.36"
192.168.0.5 - - [21/Apr/2014:16:14:21 +0100] "GET /horizon/i18n/js/horizon/ HTTP/1.1" 200 3836 "http://192.168.0.10/horizon/project/instances/" "Mozilla/5.0 (Windows NT 6.1; WOW64) AppleWebKit/537.36 (KHTML, like Gecko) Chrome/34.0.1847.116 Safari/537.36"
192.168.0.5 - - [21/Apr/2014:16:14:25 +0100] "GET /horizon/project/instances/launch HTTP/1.1" 200 4694 "http://192.168.0.10/horizon/project/instances/" "Mozilla/5.0 (Windows NT 6.1; WOW64) AppleWebKit/537.36 (KHTML, like Gecko) Chrome/34.0.1847.116 Safari/537.36"
192.168.0.4 - - [21/Apr/2014:16:14:26 +0100] "GET /horizon/project/instances/launch HTTP/1.1" 200 4704 "http://192.168.0.10/horizon/project/instances/" "Mozilla/5.0 (Windows NT 6.1; WOW64; rv:28.0) Gecko/20100101 Firefox/28.0"
192.168.0.4 - - [21/Apr/2014:16:15:26 +0100] "POST /horizon/project/instances/launch HTTP/1.1" 200 1831 "http://192.168.0.10/horizon/project/instances/" "Mozilla/5.0 (Windows NT 6.1; WOW64; rv:28.0) Gecko/20100101 Firefox/28.0"
192.168.0.4 - - [21/Apr/2014:16:15:27 +0100] "GET /horizon/project/instances/ HTTP/1.1" 200 4838 "http://192.168.0.10/horizon/project/instances/" "Mozilla/5.0 (Windows NT 6.1; WOW64; rv:28.0) Gecko/20100101 Firefox/28.0"
192.168.0.4 - - [21/Apr/2014:16:15:28 +0100] "GET /horizon/i18n/js/horizon/ HTTP/1.1" 200 3840 "http://192.168.0.10/horizon/project/instances/" "Mozilla/5.0 (Windows NT 6.1; WOW64; rv:28.0) Gecko/20100101 Firefox/28.0"
192.168.0.4 - - [21/Apr/2014:16:15:29 +0100] "GET /horizon/project/instances/?action=row_update&table=instances&obj_id=deb5681e-477a-4e49-a9c1-ec80a7aa6d79 HTTP/1.1" 200 2363 "http://192.168.0.10/horizon/project/instances/" "Mozilla/5.0 (Windows NT 6.1; WOW64; rv:28.0) Gecko/20100101 Firefox/28.0"
192.168.0.5 - - [21/Apr/2014:16:15:30 +0100] "POST /horizon/project/instances/launch HTTP/1.1" 200 1825 "http://192.168.0.10/horizon/project/instances/" "Mozilla/5.0 (Windows NT 6.1; WOW64) AppleWebKit/537.36 (KHTML, like Gecko) Chrome/34.0.1847.116 Safari/537.36"
192.168.0.4 - - [21/Apr/2014:16:15:31 +0100] "GET /horizon/project/instances/?action=row_update&table=instances&obj_id=deb5681e-477a-4e49-a9c1-ec80a7aa6d79 HTTP/1.1" 200 2361 "http://192.168.0.10/horizon/project/instances/" "Mozilla/5.0 (Windows NT 6.1; WOW64; rv:28.0) Gecko/20100101 Firefox/28.0"
192.168.0.5 - - [21/Apr/2014:16:15:32 +0100] "GET /horizon/project/instances/ HTTP/1.1" 200 4820 "http://192.168.0.10/horizon/project/instances/" "Mozilla/5.0 (Windows NT 6.1; WOW64) AppleWebKit/537.36 (KHTML, like Gecko) Chrome/34.0.1847.116 Safari/537.36"
192.168.0.5 - - [21/Apr/2014:16:15:32 +0100] "GET /horizon/i18n/js/horizon/ HTTP/1.1" 200 3833 "http://192.168.0.10/horizon/project/instances/" "Mozilla/5.0 (Windows NT 6.1; WOW64) AppleWebKit/537.36 (KHTML, like Gecko) Chrome/34.0.1847.116 Safari/537.36"
192.168.0.5 - - [21/Apr/2014:16:15:33 +0100] "GET /horizon/project/instances/?action=row_update&table=instances&obj_id=fe2ecfbe-9cac-4dc5-837b-8b53effe6298 HTTP/1.1" 200 2352 "http://192.168.0.10/horizon/project/instances/" "Mozilla/5.0 (Windows NT 6.1; WOW64) AppleWebKit/537.36 (KHTML, like Gecko) Chrome/34.0.1847.116 Safari/537.36"
192.168.0.5 - - [21/Apr/2014:16:15:33 +0100] "GET /static/dashboard/img/loading.gif HTTP/1.1" 200 3239 "http://192.168.0.10/horizon/project/instances/" "Mozilla/5.0 (Windows NT 6.1; WOW64) AppleWebKit/537.36 (KHTML, like Gecko) Chrome/34.0.1847.116 Safari/537.36"
192.168.0.4 - - [21/Apr/2014:16:15:34 +0100] "GET /horizon/project/instances/?action=row_update&table=instances&obj_id=deb5681e-477a-4e49-a9c1-ec80a7aa6d79 HTTP/1.1" 200 2388 "http://192.168.0.10/horizon/project/instances/" "Mozilla/5.0 (Windows NT 6.1; WOW64; rv:28.0) Gecko/20100101 Firefox/28.0"
192.168.0.5 - - [21/Apr/2014:16:15:35 +0100] "GET /horizon/project/instances/?action=row_update&table=instances&obj_id=fe2ecfbe-9cac-4dc5-837b-8b53effe6298 HTTP/1.1" 200 2353 "http://192.168.0.10/horizon/project/instances/" "Mozilla/5.0 (Windows NT 6.1; WOW64) AppleWebKit/537.36 (KHTML, like Gecko) Chrome/34.0.1847.116 Safari/537.36"
192.168.0.5 - - [21/Apr/2014:16:15:38 +0100] "GET /horizon/project/instances/?action=row_update&table=instances&obj_id=fe2ecfbe-9cac-4dc5-837b-8b53effe6298 HTTP/1.1" 200 2379 "http://192.168.0.10/horizon/project/instances/" "Mozilla/5.0 (Windows NT 6.1; WOW64) AppleWebKit/537.36 (KHTML, like Gecko) Chrome/34.0.1847.116 Safari/537.36"
192.168.0.4 - - [21/Apr/2014:16:15:51 +0100] "GET /horizon/project/instances/launch HTTP/1.1" 200 4703 "http://192.168.0.10/horizon/project/instances/" "Mozilla/5.0 (Windows NT 6.1; WOW64; rv:28.0) Gecko/20100101 Firefox/28.0"
192.168.0.5 - - [21/Apr/2014:16:15:59 +0100] "GET /horizon/project/instances/launch HTTP/1.1" 200 4694 "http://192.168.0.10/horizon/project/instances/" "Mozilla/5.0 (Windows NT 6.1; WOW64) AppleWebKit/537.36 (KHTML, like Gecko) Chrome/34.0.1847.116 Safari/537.36"
192.168.0.4 - - [21/Apr/2014:16:16:07 +0100] "POST /horizon/project/instances/launch HTTP/1.1" 200 1834 "http://192.168.0.10/horizon/project/instances/" "Mozilla/5.0 (Windows NT 6.1; WOW64; rv:28.0) Gecko/20100101 Firefox/28.0"
192.168.0.4 - - [21/Apr/2014:16:16:08 +0100] "GET /horizon/project/instances/ HTTP/1.1" 200 5037 "http://192.168.0.10/horizon/project/instances/" "Mozilla/5.0 (Windows NT 6.1; WOW64; rv:28.0) Gecko/20100101 Firefox/28.0"
192.168.0.4 - - [21/Apr/2014:16:16:09 +0100] "GET /horizon/i18n/js/horizon/ HTTP/1.1" 200 3838 "http://192.168.0.10/horizon/project/instances/" "Mozilla/5.0 (Windows NT 6.1; WOW64; rv:28.0) Gecko/20100101 Firefox/28.0"
192.168.0.4 - - [21/Apr/2014:16:16:10 +0100] "GET /horizon/project/instances/?action=row_update&table=instances&obj_id=c43f8c85-cfdb-4594-b306-211aa05e1838 HTTP/1.1" 200 2372 "http://192.168.0.10/horizon/project/instances/" "Mozilla/5.0 (Windows NT 6.1; WOW64; rv:28.0) Gecko/20100101 Firefox/28.0"
192.168.0.4 - - [21/Apr/2014:16:16:12 +0100] "GET /horizon/project/instances/?action=row_update&table=instances&obj_id=c43f8c85-cfdb-4594-b306-211aa05e1838 HTTP/1.1" 200 2377 "http://192.168.0.10/horizon/project/instances/" "Mozilla/5.0 (Windows NT 6.1; WOW64; rv:28.0) Gecko/20100101 Firefox/28.0"
192.168.0.4 - - [21/Apr/2014:16:16:14 +0100] "GET /horizon/project/instances/?action=row_update&table=instances&obj_id=c43f8c85-cfdb-4594-b306-211aa05e1838 HTTP/1.1" 200 2373 "http://192.168.0.10/horizon/project/instances/" "Mozilla/5.0 (Windows NT 6.1; WOW64; rv:28.0) Gecko/20100101 Firefox/28.0"
192.168.0.4 - - [21/Apr/2014:16:16:19 +0100] "GET /horizon/project/instances/?action=row_update&table=instances&obj_id=c43f8c85-cfdb-4594-b306-211aa05e1838 HTTP/1.1" 200 2372 "http://192.168.0.10/horizon/project/instances/" "Mozilla/5.0 (Windows NT 6.1; WOW64; rv:28.0) Gecko/20100101 Firefox/28.0"
192.168.0.5 - - [21/Apr/2014:16:16:19 +0100] "POST /horizon/project/instances/launch HTTP/1.1" 200 1827 "http://192.168.0.10/horizon/project/instances/" "Mozilla/5.0 (Windows NT 6.1; WOW64) AppleWebKit/537.36 (KHTML, like Gecko) Chrome/34.0.1847.116 Safari/537.36"
192.168.0.5 - - [21/Apr/2014:16:16:21 +0100] "GET /horizon/project/instances/ HTTP/1.1" 200 5008 "http://192.168.0.10/horizon/project/instances/" "Mozilla/5.0 (Windows NT 6.1; WOW64) AppleWebKit/537.36 (KHTML, like Gecko) Chrome/34.0.1847.116 Safari/537.36"
192.168.0.5 - - [21/Apr/2014:16:16:21 +0100] "GET /horizon/i18n/js/horizon/ HTTP/1.1" 200 3833 "http://192.168.0.10/horizon/project/instances/" "Mozilla/5.0 (Windows NT 6.1; WOW64) AppleWebKit/537.36 (KHTML, like Gecko) Chrome/34.0.1847.116 Safari/537.36"
192.168.0.5 - - [21/Apr/2014:16:16:21 +0100] "GET /horizon/project/instances/?action=row_update&table=instances&obj_id=8d09a089-6a23-477f-b5bf-7deb7992c274 HTTP/1.1" 200 2357 "http://192.168.0.10/horizon/project/instances/" "Mozilla/5.0 (Windows NT 6.1; WOW64) AppleWebKit/537.36 (KHTML, like Gecko) Chrome/34.0.1847.116 Safari/537.36"
192.168.0.5 - - [21/Apr/2014:16:16:24 +0100] "GET /horizon/project/instances/?action=row_update&table=instances&obj_id=8d09a089-6a23-477f-b5bf-7deb7992c274 HTTP/1.1" 200 2359 "http://192.168.0.10/horizon/project/instances/" "Mozilla/5.0 (Windows NT 6.1; WOW64) AppleWebKit/537.36 (KHTML, like Gecko) Chrome/34.0.1847.116 Safari/537.36"
192.168.0.5 - - [21/Apr/2014:16:16:26 +0100] "GET /horizon/project/instances/?action=row_update&table=instances&obj_id=8d09a089-6a23-477f-b5bf-7deb7992c274 HTTP/1.1" 200 2378 "http://192.168.0.10/horizon/project/instances/" "Mozilla/5.0 (Windows NT 6.1; WOW64) AppleWebKit/537.36 (KHTML, like Gecko) Chrome/34.0.1847.116 Safari/537.36"
192.168.0.4 - - [21/Apr/2014:16:16:27 +0100] "GET /horizon/project/instances/?action=row_update&table=instances&obj_id=c43f8c85-cfdb-4594-b306-211aa05e1838 HTTP/1.1" 200 2696 "http://192.168.0.10/horizon/project/instances/" "Mozilla/5.0 (Windows NT 6.1; WOW64; rv:28.0) Gecko/20100101 Firefox/28.0"
192.168.0.5 - - [21/Apr/2014:16:16:39 +0100] "GET /horizon/project/instances/fe2ecfbe-9cac-4dc5-837b-8b53effe6298/ HTTP/1.1" 200 4101 "http://192.168.0.10/horizon/project/instances/" "Mozilla/5.0 (Windows NT 6.1; WOW64) AppleWebKit/537.36 (KHTML, like Gecko) Chrome/34.0.1847.116 Safari/537.36"
192.168.0.5 - - [21/Apr/2014:16:16:40 +0100] "GET /horizon/i18n/js/horizon/ HTTP/1.1" 200 3832 "http://192.168.0.10/horizon/project/instances/fe2ecfbe-9cac-4dc5-837b-8b53effe6298/" "Mozilla/5.0 (Windows NT 6.1; WOW64) AppleWebKit/537.36 (KHTML, like Gecko) Chrome/34.0.1847.116 Safari/537.36"
192.168.0.5 - - [21/Apr/2014:16:16:42 +0100] "GET /horizon/project/instances/ HTTP/1.1" 200 4842 "http://192.168.0.10/horizon/project/instances/" "Mozilla/5.0 (Windows NT 6.1; WOW64) AppleWebKit/537.36 (KHTML, like Gecko) Chrome/34.0.1847.116 Safari/537.36"
192.168.0.5 - - [21/Apr/2014:16:16:50 +0100] "GET /horizon/project/instances/launch HTTP/1.1" 200 4696 "http://192.168.0.10/horizon/project/instances/" "Mozilla/5.0 (Windows NT 6.1; WOW64) AppleWebKit/537.36 (KHTML, like Gecko) Chrome/34.0.1847.116 Safari/537.36"
192.168.0.5 - - [21/Apr/2014:16:17:11 +0100] "POST /horizon/project/instances/launch HTTP/1.1" 200 1827 "http://192.168.0.10/horizon/project/instances/" "Mozilla/5.0 (Windows NT 6.1; WOW64) AppleWebKit/537.36 (KHTML, like Gecko) Chrome/34.0.1847.116 Safari/537.36"
192.168.0.5 - - [21/Apr/2014:16:17:12 +0100] "GET /horizon/project/instances/ HTTP/1.1" 200 5129 "http://192.168.0.10/horizon/project/instances/" "Mozilla/5.0 (Windows NT 6.1; WOW64) AppleWebKit/537.36 (KHTML, like Gecko) Chrome/34.0.1847.116 Safari/537.36"
192.168.0.5 - - [21/Apr/2014:16:17:12 +0100] "GET /horizon/i18n/js/horizon/ HTTP/1.1" 200 3834 "http://192.168.0.10/horizon/project/instances/" "Mozilla/5.0 (Windows NT 6.1; WOW64) AppleWebKit/537.36 (KHTML, like Gecko) Chrome/34.0.1847.116 Safari/537.36"
192.168.0.5 - - [21/Apr/2014:16:17:13 +0100] "GET /horizon/project/instances/?action=row_update&table=instances&obj_id=c0f85e4a-f31d-4294-9eb3-b51df273daa8 HTTP/1.1" 200 2361 "http://192.168.0.10/horizon/project/instances/" "Mozilla/5.0 (Windows NT 6.1; WOW64) AppleWebKit/537.36 (KHTML, like Gecko) Chrome/34.0.1847.116 Safari/537.36"
192.168.0.5 - - [21/Apr/2014:16:17:15 +0100] "GET /horizon/project/instances/?action=row_update&table=instances&obj_id=c0f85e4a-f31d-4294-9eb3-b51df273daa8 HTTP/1.1" 200 2363 "http://192.168.0.10/horizon/project/instances/" "Mozilla/5.0 (Windows NT 6.1; WOW64) AppleWebKit/537.36 (KHTML, like Gecko) Chrome/34.0.1847.116 Safari/537.36"
192.168.0.5 - - [21/Apr/2014:16:17:18 +0100] "GET /horizon/project/instances/?action=row_update&table=instances&obj_id=c0f85e4a-f31d-4294-9eb3-b51df273daa8 HTTP/1.1" 200 2366 "http://192.168.0.10/horizon/project/instances/" "Mozilla/5.0 (Windows NT 6.1; WOW64) AppleWebKit/537.36 (KHTML, like Gecko) Chrome/34.0.1847.116 Safari/537.36"
192.168.0.5 - - [21/Apr/2014:16:17:20 +0100] "GET /horizon/project/instances/?action=row_update&table=instances&obj_id=c0f85e4a-f31d-4294-9eb3-b51df273daa8 HTTP/1.1" 200 2366 "http://192.168.0.10/horizon/project/instances/" "Mozilla/5.0 (Windows NT 6.1; WOW64) AppleWebKit/537.36 (KHTML, like Gecko) Chrome/34.0.1847.116 Safari/537.36"
192.168.0.5 - - [21/Apr/2014:16:17:25 +0100] "GET /horizon/project/instances/?action=row_update&table=instances&obj_id=c0f85e4a-f31d-4294-9eb3-b51df273daa8 HTTP/1.1" 200 2363 "http://192.168.0.10/horizon/project/instances/" "Mozilla/5.0 (Windows NT 6.1; WOW64) AppleWebKit/537.36 (KHTML, like Gecko) Chrome/34.0.1847.116 Safari/537.36"
192.168.0.5 - - [21/Apr/2014:16:17:33 +0100] "GET /horizon/project/instances/?action=row_update&table=instances&obj_id=c0f85e4a-f31d-4294-9eb3-b51df273daa8 HTTP/1.1" 200 2686 "http://192.168.0.10/horizon/project/instances/" "Mozilla/5.0 (Windows NT 6.1; WOW64) AppleWebKit/537.36 (KHTML, like Gecko) Chrome/34.0.1847.116 Safari/537.36"
192.168.0.4 - - [21/Apr/2014:16:17:53 +0100] "GET /horizon/project/instances/launch HTTP/1.1" 200 4713 "http://192.168.0.10/horizon/project/instances/" "Mozilla/5.0 (Windows NT 6.1; WOW64; rv:28.0) Gecko/20100101 Firefox/28.0"
192.168.0.5 - - [21/Apr/2014:16:17:55 +0100] "GET /horizon/project/instances/launch HTTP/1.1" 200 4701 "http://192.168.0.10/horizon/project/instances/" "Mozilla/5.0 (Windows NT 6.1; WOW64) AppleWebKit/537.36 (KHTML, like Gecko) Chrome/34.0.1847.116 Safari/537.36"
192.168.0.4 - - [21/Apr/2014:16:18:28 +0100] "POST /horizon/project/instances/launch HTTP/1.1" 200 1841 "http://192.168.0.10/horizon/project/instances/" "Mozilla/5.0 (Windows NT 6.1; WOW64; rv:28.0) Gecko/20100101 Firefox/28.0"
192.168.0.4 - - [21/Apr/2014:16:18:29 +0100] "GET /horizon/project/instances/ HTTP/1.1" 200 5475 "http://192.168.0.10/horizon/project/instances/" "Mozilla/5.0 (Windows NT 6.1; WOW64; rv:28.0) Gecko/20100101 Firefox/28.0"
192.168.0.4 - - [21/Apr/2014:16:18:31 +0100] "GET /horizon/i18n/js/horizon/ HTTP/1.1" 200 3842 "http://192.168.0.10/horizon/project/instances/" "Mozilla/5.0 (Windows NT 6.1; WOW64; rv:28.0) Gecko/20100101 Firefox/28.0"
192.168.0.4 - - [21/Apr/2014:16:18:32 +0100] "GET /horizon/project/instances/?action=row_update&table=instances&obj_id=6974ebce-e4d1-4e37-89b3-6a968c16d3bf HTTP/1.1" 200 2381 "http://192.168.0.10/horizon/project/instances/" "Mozilla/5.0 (Windows NT 6.1; WOW64; rv:28.0) Gecko/20100101 Firefox/28.0"
192.168.0.5 - - [21/Apr/2014:16:18:31 +0100] "POST /horizon/project/instances/launch HTTP/1.1" 200 1834 "http://192.168.0.10/horizon/project/instances/" "Mozilla/5.0 (Windows NT 6.1; WOW64) AppleWebKit/537.36 (KHTML, like Gecko) Chrome/34.0.1847.116 Safari/537.36"
192.168.0.5 - - [21/Apr/2014:16:18:32 +0100] "GET /horizon/project/instances/ HTTP/1.1" 200 5584 "http://192.168.0.10/horizon/project/instances/" "Mozilla/5.0 (Windows NT 6.1; WOW64) AppleWebKit/537.36 (KHTML, like Gecko) Chrome/34.0.1847.116 Safari/537.36"
192.168.0.5 - - [21/Apr/2014:16:18:33 +0100] "GET /horizon/i18n/js/horizon/ HTTP/1.1" 200 3834 "http://192.168.0.10/horizon/project/instances/" "Mozilla/5.0 (Windows NT 6.1; WOW64) AppleWebKit/537.36 (KHTML, like Gecko) Chrome/34.0.1847.116 Safari/537.36"
192.168.0.5 - - [21/Apr/2014:16:18:33 +0100] "GET /horizon/project/instances/?action=row_update&table=instances&obj_id=fbe5f73d-3841-4980-a492-c787600e8fa6 HTTP/1.1" 200 2369 "http://192.168.0.10/horizon/project/instances/" "Mozilla/5.0 (Windows NT 6.1; WOW64) AppleWebKit/537.36 (KHTML, like Gecko) Chrome/34.0.1847.116 Safari/537.36"
192.168.0.4 - - [21/Apr/2014:16:18:33 +0100] "GET /horizon/project/instances/launch HTTP/1.1" 200 4709 "http://192.168.0.10/horizon/project/instances/" "Mozilla/5.0 (Windows NT 6.1; WOW64; rv:28.0) Gecko/20100101 Firefox/28.0"
192.168.0.4 - - [21/Apr/2014:16:18:35 +0100] "GET /horizon/project/instances/?action=row_update&table=instances&obj_id=6974ebce-e4d1-4e37-89b3-6a968c16d3bf HTTP/1.1" 200 2380 "http://192.168.0.10/horizon/project/instances/" "Mozilla/5.0 (Windows NT 6.1; WOW64; rv:28.0) Gecko/20100101 Firefox/28.0"
192.168.0.5 - - [21/Apr/2014:16:18:36 +0100] "GET /horizon/project/instances/?action=row_update&table=instances&obj_id=fbe5f73d-3841-4980-a492-c787600e8fa6 HTTP/1.1" 200 2374 "http://192.168.0.10/horizon/project/instances/" "Mozilla/5.0 (Windows NT 6.1; WOW64) AppleWebKit/537.36 (KHTML, like Gecko) Chrome/34.0.1847.116 Safari/537.36"
192.168.0.4 - - [21/Apr/2014:16:18:36 +0100] "GET /horizon/project/instances/?action=row_update&table=instances&obj_id=6974ebce-e4d1-4e37-89b3-6a968c16d3bf HTTP/1.1" 200 2381 "http://192.168.0.10/horizon/project/instances/" "Mozilla/5.0 (Windows NT 6.1; WOW64; rv:28.0) Gecko/20100101 Firefox/28.0"
192.168.0.5 - - [21/Apr/2014:16:18:38 +0100] "GET /horizon/project/instances/?action=row_update&table=instances&obj_id=fbe5f73d-3841-4980-a492-c787600e8fa6 HTTP/1.1" 200 2370 "http://192.168.0.10/horizon/project/instances/" "Mozilla/5.0 (Windows NT 6.1; WOW64) AppleWebKit/537.36 (KHTML, like Gecko) Chrome/34.0.1847.116 Safari/537.36"
192.168.0.5 - - [21/Apr/2014:16:18:41 +0100] "GET /horizon/project/instances/?action=row_update&table=instances&obj_id=fbe5f73d-3841-4980-a492-c787600e8fa6 HTTP/1.1" 200 2370 "http://192.168.0.10/horizon/project/instances/" "Mozilla/5.0 (Windows NT 6.1; WOW64) AppleWebKit/537.36 (KHTML, like Gecko) Chrome/34.0.1847.116 Safari/537.36"
192.168.0.4 - - [21/Apr/2014:16:18:41 +0100] "GET /horizon/project/instances/?action=row_update&table=instances&obj_id=6974ebce-e4d1-4e37-89b3-6a968c16d3bf HTTP/1.1" 200 2379 "http://192.168.0.10/horizon/project/instances/" "Mozilla/5.0 (Windows NT 6.1; WOW64; rv:28.0) Gecko/20100101 Firefox/28.0"
192.168.0.5 - - [21/Apr/2014:16:18:46 +0100] "GET /horizon/project/instances/?action=row_update&table=instances&obj_id=fbe5f73d-3841-4980-a492-c787600e8fa6 HTTP/1.1" 200 2371 "http://192.168.0.10/horizon/project/instances/" "Mozilla/5.0 (Windows NT 6.1; WOW64) AppleWebKit/537.36 (KHTML, like Gecko) Chrome/34.0.1847.116 Safari/537.36"
192.168.0.4 - - [21/Apr/2014:16:18:49 +0100] "GET /horizon/project/instances/?action=row_update&table=instances&obj_id=6974ebce-e4d1-4e37-89b3-6a968c16d3bf HTTP/1.1" 200 2704 "http://192.168.0.10/horizon/project/instances/" "Mozilla/5.0 (Windows NT 6.1; WOW64; rv:28.0) Gecko/20100101 Firefox/28.0"
192.168.0.5 - - [21/Apr/2014:16:18:53 +0100] "GET /horizon/project/instances/?action=row_update&table=instances&obj_id=fbe5f73d-3841-4980-a492-c787600e8fa6 HTTP/1.1" 200 2371 "http://192.168.0.10/horizon/project/instances/" "Mozilla/5.0 (Windows NT 6.1; WOW64) AppleWebKit/537.36 (KHTML, like Gecko) Chrome/34.0.1847.116 Safari/537.36"
192.168.0.4 - - [21/Apr/2014:16:18:56 +0100] "POST /horizon/project/instances/launch HTTP/1.1" 200 1836 "http://192.168.0.10/horizon/project/instances/" "Mozilla/5.0 (Windows NT 6.1; WOW64; rv:28.0) Gecko/20100101 Firefox/28.0"
192.168.0.4 - - [21/Apr/2014:16:18:57 +0100] "GET /horizon/project/instances/ HTTP/1.1" 200 5733 "http://192.168.0.10/horizon/project/instances/" "Mozilla/5.0 (Windows NT 6.1; WOW64; rv:28.0) Gecko/20100101 Firefox/28.0"
192.168.0.4 - - [21/Apr/2014:16:18:58 +0100] "GET /horizon/i18n/js/horizon/ HTTP/1.1" 200 3842 "http://192.168.0.10/horizon/project/instances/" "Mozilla/5.0 (Windows NT 6.1; WOW64; rv:28.0) Gecko/20100101 Firefox/28.0"
192.168.0.4 - - [21/Apr/2014:16:18:59 +0100] "GET /horizon/project/instances/?action=row_update&table=instances&obj_id=aae535a2-444d-40ba-bfef-eb446be986b9 HTTP/1.1" 200 2388 "http://192.168.0.10/horizon/project/instances/" "Mozilla/5.0 (Windows NT 6.1; WOW64; rv:28.0) Gecko/20100101 Firefox/28.0"
192.168.0.4 - - [21/Apr/2014:16:19:01 +0100] "GET /horizon/project/instances/?action=row_update&table=instances&obj_id=aae535a2-444d-40ba-bfef-eb446be986b9 HTTP/1.1" 200 2375 "http://192.168.0.10/horizon/project/instances/" "Mozilla/5.0 (Windows NT 6.1; WOW64; rv:28.0) Gecko/20100101 Firefox/28.0"
192.168.0.5 - - [21/Apr/2014:16:19:03 +0100] "GET /horizon/project/instances/?action=row_update&table=instances&obj_id=fbe5f73d-3841-4980-a492-c787600e8fa6 HTTP/1.1" 200 2690 "http://192.168.0.10/horizon/project/instances/" "Mozilla/5.0 (Windows NT 6.1; WOW64) AppleWebKit/537.36 (KHTML, like Gecko) Chrome/34.0.1847.116 Safari/537.36"
192.168.0.4 - - [21/Apr/2014:16:19:04 +0100] "GET /horizon/project/instances/?action=row_update&table=instances&obj_id=aae535a2-444d-40ba-bfef-eb446be986b9 HTTP/1.1" 200 2377 "http://192.168.0.10/horizon/project/instances/" "Mozilla/5.0 (Windows NT 6.1; WOW64; rv:28.0) Gecko/20100101 Firefox/28.0"
192.168.0.4 - - [21/Apr/2014:16:19:06 +0100] "GET /horizon/project/instances/?action=row_update&table=instances&obj_id=aae535a2-444d-40ba-bfef-eb446be986b9 HTTP/1.1" 200 2377 "http://192.168.0.10/horizon/project/instances/" "Mozilla/5.0 (Windows NT 6.1; WOW64; rv:28.0) Gecko/20100101 Firefox/28.0"
192.168.0.4 - - [21/Apr/2014:16:19:11 +0100] "GET /horizon/project/instances/?action=row_update&table=instances&obj_id=aae535a2-444d-40ba-bfef-eb446be986b9 HTTP/1.1" 200 2379 "http://192.168.0.10/horizon/project/instances/" "Mozilla/5.0 (Windows NT 6.1; WOW64; rv:28.0) Gecko/20100101 Firefox/28.0"
192.168.0.5 - - [21/Apr/2014:16:19:12 +0100] "GET /horizon/project/instances/launch HTTP/1.1" 200 4699 "http://192.168.0.10/horizon/project/instances/" "Mozilla/5.0 (Windows NT 6.1; WOW64) AppleWebKit/537.36 (KHTML, like Gecko) Chrome/34.0.1847.116 Safari/537.36"
192.168.0.4 - - [21/Apr/2014:16:19:19 +0100] "GET /horizon/project/instances/?action=row_update&table=instances&obj_id=aae535a2-444d-40ba-bfef-eb446be986b9 HTTP/1.1" 200 2700 "http://192.168.0.10/horizon/project/instances/" "Mozilla/5.0 (Windows NT 6.1; WOW64; rv:28.0) Gecko/20100101 Firefox/28.0"
192.168.0.4 - - [21/Apr/2014:16:19:23 +0100] "GET /horizon/auth/logout/ HTTP/1.1" 302 485 "http://192.168.0.10/horizon/project/instances/" "Mozilla/5.0 (Windows NT 6.1; WOW64; rv:28.0) Gecko/20100101 Firefox/28.0"
192.168.0.4 - - [21/Apr/2014:16:19:23 +0100] "GET /horizon/auth/login/ HTTP/1.1" 200 2356 "http://192.168.0.10/horizon/project/instances/" "Mozilla/5.0 (Windows NT 6.1; WOW64; rv:28.0) Gecko/20100101 Firefox/28.0"
192.168.0.4 - - [21/Apr/2014:16:19:23 +0100] "GET /horizon/i18n/js/horizon/ HTTP/1.1" 200 2649 "http://192.168.0.10/horizon/auth/login/" "Mozilla/5.0 (Windows NT 6.1; WOW64; rv:28.0) Gecko/20100101 Firefox/28.0"
192.168.0.4 - - [21/Apr/2014:16:19:31 +0100] "POST /horizon/auth/login/ HTTP/1.1" 302 1862 "http://192.168.0.10/horizon/auth/login/" "Mozilla/5.0 (Windows NT 6.1; WOW64; rv:28.0) Gecko/20100101 Firefox/28.0"
192.168.0.4 - - [21/Apr/2014:16:19:31 +0100] "GET /horizon HTTP/1.1" 302 1738 "http://192.168.0.10/horizon/auth/login/" "Mozilla/5.0 (Windows NT 6.1; WOW64; rv:28.0) Gecko/20100101 Firefox/28.0"
192.168.0.4 - - [21/Apr/2014:16:19:31 +0100] "GET /horizon/project/ HTTP/1.1" 200 4430 "http://192.168.0.10/horizon/auth/login/" "Mozilla/5.0 (Windows NT 6.1; WOW64; rv:28.0) Gecko/20100101 Firefox/28.0"
192.168.0.4 - - [21/Apr/2014:16:19:32 +0100] "GET /horizon/i18n/js/horizon/ HTTP/1.1" 200 3832 "http://192.168.0.10/horizon/project/" "Mozilla/5.0 (Windows NT 6.1; WOW64; rv:28.0) Gecko/20100101 Firefox/28.0"
192.168.0.4 - - [21/Apr/2014:16:19:35 +0100] "GET /horizon/project/instances/ HTTP/1.1" 200 4136 "http://192.168.0.10/horizon/project/" "Mozilla/5.0 (Windows NT 6.1; WOW64; rv:28.0) Gecko/20100101 Firefox/28.0"
192.168.0.4 - - [21/Apr/2014:16:19:36 +0100] "GET /horizon/i18n/js/horizon/ HTTP/1.1" 200 3834 "http://192.168.0.10/horizon/project/instances/" "Mozilla/5.0 (Windows NT 6.1; WOW64; rv:28.0) Gecko/20100101 Firefox/28.0"
192.168.0.4 - - [21/Apr/2014:16:19:39 +0100] "GET /horizon/project/instances/launch HTTP/1.1" 200 4692 "http://192.168.0.10/horizon/project/instances/" "Mozilla/5.0 (Windows NT 6.1; WOW64; rv:28.0) Gecko/20100101 Firefox/28.0"
192.168.0.5 - - [21/Apr/2014:16:19:39 +0100] "POST /horizon/project/instances/launch HTTP/1.1" 200 1831 "http://192.168.0.10/horizon/project/instances/" "Mozilla/5.0 (Windows NT 6.1; WOW64) AppleWebKit/537.36 (KHTML, like Gecko) Chrome/34.0.1847.116 Safari/537.36"
192.168.0.5 - - [21/Apr/2014:16:19:40 +0100] "GET /horizon/project/instances/ HTTP/1.1" 200 5846 "http://192.168.0.10/horizon/project/instances/" "Mozilla/5.0 (Windows NT 6.1; WOW64) AppleWebKit/537.36 (KHTML, like Gecko) Chrome/34.0.1847.116 Safari/537.36"
192.168.0.5 - - [21/Apr/2014:16:19:41 +0100] "GET /horizon/i18n/js/horizon/ HTTP/1.1" 200 3832 "http://192.168.0.10/horizon/project/instances/" "Mozilla/5.0 (Windows NT 6.1; WOW64) AppleWebKit/537.36 (KHTML, like Gecko) Chrome/34.0.1847.116 Safari/537.36"
192.168.0.5 - - [21/Apr/2014:16:19:41 +0100] "GET /horizon/project/instances/?action=row_update&table=instances&obj_id=539aa875-8cc5-4fdd-a375-f5e72ad82bf0 HTTP/1.1" 200 2362 "http://192.168.0.10/horizon/project/instances/" "Mozilla/5.0 (Windows NT 6.1; WOW64) AppleWebKit/537.36 (KHTML, like Gecko) Chrome/34.0.1847.116 Safari/537.36"
192.168.0.5 - - [21/Apr/2014:16:19:43 +0100] "GET /horizon/project/instances/?action=row_update&table=instances&obj_id=539aa875-8cc5-4fdd-a375-f5e72ad82bf0 HTTP/1.1" 200 2365 "http://192.168.0.10/horizon/project/instances/" "Mozilla/5.0 (Windows NT 6.1; WOW64) AppleWebKit/537.36 (KHTML, like Gecko) Chrome/34.0.1847.116 Safari/537.36"
192.168.0.5 - - [21/Apr/2014:16:19:46 +0100] "GET /horizon/project/instances/?action=row_update&table=instances&obj_id=539aa875-8cc5-4fdd-a375-f5e72ad82bf0 HTTP/1.1" 200 2367 "http://192.168.0.10/horizon/project/instances/" "Mozilla/5.0 (Windows NT 6.1; WOW64) AppleWebKit/537.36 (KHTML, like Gecko) Chrome/34.0.1847.116 Safari/537.36"
192.168.0.5 - - [21/Apr/2014:16:19:48 +0100] "GET /horizon/project/instances/?action=row_update&table=instances&obj_id=539aa875-8cc5-4fdd-a375-f5e72ad82bf0 HTTP/1.1" 200 2364 "http://192.168.0.10/horizon/project/instances/" "Mozilla/5.0 (Windows NT 6.1; WOW64) AppleWebKit/537.36 (KHTML, like Gecko) Chrome/34.0.1847.116 Safari/537.36"
192.168.0.5 - - [21/Apr/2014:16:19:53 +0100] "GET /horizon/project/instances/?action=row_update&table=instances&obj_id=539aa875-8cc5-4fdd-a375-f5e72ad82bf0 HTTP/1.1" 200 2365 "http://192.168.0.10/horizon/project/instances/" "Mozilla/5.0 (Windows NT 6.1; WOW64) AppleWebKit/537.36 (KHTML, like Gecko) Chrome/34.0.1847.116 Safari/537.36"
192.168.0.4 - - [21/Apr/2014:16:19:54 +0100] "POST /horizon/project/instances/launch HTTP/1.1" 200 1825 "http://192.168.0.10/horizon/project/instances/" "Mozilla/5.0 (Windows NT 6.1; WOW64; rv:28.0) Gecko/20100101 Firefox/28.0"
192.168.0.4 - - [21/Apr/2014:16:19:56 +0100] "GET /horizon/project/instances/ HTTP/1.1" 200 4832 "http://192.168.0.10/horizon/project/instances/" "Mozilla/5.0 (Windows NT 6.1; WOW64; rv:28.0) Gecko/20100101 Firefox/28.0"
192.168.0.4 - - [21/Apr/2014:16:19:57 +0100] "GET /horizon/i18n/js/horizon/ HTTP/1.1" 200 3836 "http://192.168.0.10/horizon/project/instances/" "Mozilla/5.0 (Windows NT 6.1; WOW64; rv:28.0) Gecko/20100101 Firefox/28.0"
192.168.0.4 - - [21/Apr/2014:16:19:57 +0100] "GET /horizon/project/instances/?action=row_update&table=instances&obj_id=093cf5f0-ffed-4669-a087-4a938ec9ccb0 HTTP/1.1" 200 2375 "http://192.168.0.10/horizon/project/instances/" "Mozilla/5.0 (Windows NT 6.1; WOW64; rv:28.0) Gecko/20100101 Firefox/28.0"
192.168.0.4 - - [21/Apr/2014:16:20:00 +0100] "GET /horizon/project/instances/?action=row_update&table=instances&obj_id=093cf5f0-ffed-4669-a087-4a938ec9ccb0 HTTP/1.1" 200 2364 "http://192.168.0.10/horizon/project/instances/" "Mozilla/5.0 (Windows NT 6.1; WOW64; rv:28.0) Gecko/20100101 Firefox/28.0"
192.168.0.4 - - [21/Apr/2014:16:20:00 +0100] "GET /horizon/project/instances/launch HTTP/1.1" 200 4691 "http://192.168.0.10/horizon/project/instances/" "Mozilla/5.0 (Windows NT 6.1; WOW64; rv:28.0) Gecko/20100101 Firefox/28.0"
192.168.0.5 - - [21/Apr/2014:16:20:01 +0100] "GET /horizon/project/instances/?action=row_update&table=instances&obj_id=539aa875-8cc5-4fdd-a375-f5e72ad82bf0 HTTP/1.1" 200 2691 "http://192.168.0.10/horizon/project/instances/" "Mozilla/5.0 (Windows NT 6.1; WOW64) AppleWebKit/537.36 (KHTML, like Gecko) Chrome/34.0.1847.116 Safari/537.36"
192.168.0.4 - - [21/Apr/2014:16:20:02 +0100] "GET /horizon/project/instances/?action=row_update&table=instances&obj_id=093cf5f0-ffed-4669-a087-4a938ec9ccb0 HTTP/1.1" 200 2366 "http://192.168.0.10/horizon/project/instances/" "Mozilla/5.0 (Windows NT 6.1; WOW64; rv:28.0) Gecko/20100101 Firefox/28.0"
192.168.0.4 - - [21/Apr/2014:16:20:05 +0100] "GET /horizon/project/instances/?action=row_update&table=instances&obj_id=093cf5f0-ffed-4669-a087-4a938ec9ccb0 HTTP/1.1" 200 2366 "http://192.168.0.10/horizon/project/instances/" "Mozilla/5.0 (Windows NT 6.1; WOW64; rv:28.0) Gecko/20100101 Firefox/28.0"
192.168.0.5 - - [21/Apr/2014:16:20:10 +0100] "GET /horizon/auth/logout/ HTTP/1.1" 302 486 "http://192.168.0.10/horizon/project/instances/" "Mozilla/5.0 (Windows NT 6.1; WOW64) AppleWebKit/537.36 (KHTML, like Gecko) Chrome/34.0.1847.116 Safari/537.36"
192.168.0.4 - - [21/Apr/2014:16:20:10 +0100] "GET /horizon/project/instances/?action=row_update&table=instances&obj_id=093cf5f0-ffed-4669-a087-4a938ec9ccb0 HTTP/1.1" 200 2367 "http://192.168.0.10/horizon/project/instances/" "Mozilla/5.0 (Windows NT 6.1; WOW64; rv:28.0) Gecko/20100101 Firefox/28.0"
192.168.0.5 - - [21/Apr/2014:16:20:10 +0100] "GET /horizon/auth/login/ HTTP/1.1" 200 2354 "http://192.168.0.10/horizon/project/instances/" "Mozilla/5.0 (Windows NT 6.1; WOW64) AppleWebKit/537.36 (KHTML, like Gecko) Chrome/34.0.1847.116 Safari/537.36"
192.168.0.5 - - [21/Apr/2014:16:20:10 +0100] "GET /horizon/i18n/js/horizon/ HTTP/1.1" 200 2649 "http://192.168.0.10/horizon/auth/login/" "Mozilla/5.0 (Windows NT 6.1; WOW64) AppleWebKit/537.36 (KHTML, like Gecko) Chrome/34.0.1847.116 Safari/537.36"
192.168.0.4 - - [21/Apr/2014:16:20:17 +0100] "GET /horizon/project/instances/?action=row_update&table=instances&obj_id=093cf5f0-ffed-4669-a087-4a938ec9ccb0 HTTP/1.1" 200 2684 "http://192.168.0.10/horizon/project/instances/" "Mozilla/5.0 (Windows NT 6.1; WOW64; rv:28.0) Gecko/20100101 Firefox/28.0"
192.168.0.4 - - [21/Apr/2014:16:20:19 +0100] "POST /horizon/project/instances/launch HTTP/1.1" 200 1824 "http://192.168.0.10/horizon/project/instances/" "Mozilla/5.0 (Windows NT 6.1; WOW64; rv:28.0) Gecko/20100101 Firefox/28.0"
192.168.0.4 - - [21/Apr/2014:16:20:20 +0100] "GET /horizon/project/instances/ HTTP/1.1" 200 5310 "http://192.168.0.10/horizon/project/instances/" "Mozilla/5.0 (Windows NT 6.1; WOW64; rv:28.0) Gecko/20100101 Firefox/28.0"
192.168.0.4 - - [21/Apr/2014:16:20:21 +0100] "GET /horizon/i18n/js/horizon/ HTTP/1.1" 200 3836 "http://192.168.0.10/horizon/project/instances/" "Mozilla/5.0 (Windows NT 6.1; WOW64; rv:28.0) Gecko/20100101 Firefox/28.0"
192.168.0.4 - - [21/Apr/2014:16:20:22 +0100] "GET /horizon/project/instances/?action=row_update&table=instances&obj_id=0bdea007-9fe0-4ba1-bac0-4575b06db24f HTTP/1.1" 200 2362 "http://192.168.0.10/horizon/project/instances/" "Mozilla/5.0 (Windows NT 6.1; WOW64; rv:28.0) Gecko/20100101 Firefox/28.0"
192.168.0.4 - - [21/Apr/2014:16:20:24 +0100] "GET /horizon/project/instances/launch HTTP/1.1" 200 4695 "http://192.168.0.10/horizon/project/instances/" "Mozilla/5.0 (Windows NT 6.1; WOW64; rv:28.0) Gecko/20100101 Firefox/28.0"
192.168.0.4 - - [21/Apr/2014:16:20:24 +0100] "GET /horizon/project/instances/?action=row_update&table=instances&obj_id=0bdea007-9fe0-4ba1-bac0-4575b06db24f HTTP/1.1" 200 2363 "http://192.168.0.10/horizon/project/instances/" "Mozilla/5.0 (Windows NT 6.1; WOW64; rv:28.0) Gecko/20100101 Firefox/28.0"
192.168.0.4 - - [21/Apr/2014:16:20:27 +0100] "GET /horizon/project/instances/?action=row_update&table=instances&obj_id=0bdea007-9fe0-4ba1-bac0-4575b06db24f HTTP/1.1" 200 2367 "http://192.168.0.10/horizon/project/instances/" "Mozilla/5.0 (Windows NT 6.1; WOW64; rv:28.0) Gecko/20100101 Firefox/28.0"
192.168.0.4 - - [21/Apr/2014:16:20:32 +0100] "GET /horizon/project/instances/?action=row_update&table=instances&obj_id=0bdea007-9fe0-4ba1-bac0-4575b06db24f HTTP/1.1" 200 2367 "http://192.168.0.10/horizon/project/instances/" "Mozilla/5.0 (Windows NT 6.1; WOW64; rv:28.0) Gecko/20100101 Firefox/28.0"
192.168.0.5 - - [21/Apr/2014:16:20:34 +0100] "POST /horizon/auth/login/ HTTP/1.1" 302 1874 "http://192.168.0.10/horizon/auth/login/" "Mozilla/5.0 (Windows NT 6.1; WOW64) AppleWebKit/537.36 (KHTML, like Gecko) Chrome/34.0.1847.116 Safari/537.36"
192.168.0.5 - - [21/Apr/2014:16:20:35 +0100] "GET /horizon HTTP/1.1" 302 1749 "http://192.168.0.10/horizon/auth/login/" "Mozilla/5.0 (Windows NT 6.1; WOW64) AppleWebKit/537.36 (KHTML, like Gecko) Chrome/34.0.1847.116 Safari/537.36"
192.168.0.5 - - [21/Apr/2014:16:20:35 +0100] "GET /horizon/project/ HTTP/1.1" 200 4445 "http://192.168.0.10/horizon/auth/login/" "Mozilla/5.0 (Windows NT 6.1; WOW64) AppleWebKit/537.36 (KHTML, like Gecko) Chrome/34.0.1847.116 Safari/537.36"
192.168.0.5 - - [21/Apr/2014:16:20:35 +0100] "GET /horizon/i18n/js/horizon/ HTTP/1.1" 200 3844 "http://192.168.0.10/horizon/project/" "Mozilla/5.0 (Windows NT 6.1; WOW64) AppleWebKit/537.36 (KHTML, like Gecko) Chrome/34.0.1847.116 Safari/537.36"
192.168.0.5 - - [21/Apr/2014:16:20:39 +0100] "GET /horizon/project/instances/ HTTP/1.1" 200 4157 "http://192.168.0.10/horizon/project/" "Mozilla/5.0 (Windows NT 6.1; WOW64) AppleWebKit/537.36 (KHTML, like Gecko) Chrome/34.0.1847.116 Safari/537.36"
192.168.0.5 - - [21/Apr/2014:16:20:39 +0100] "GET /horizon/i18n/js/horizon/ HTTP/1.1" 200 3846 "http://192.168.0.10/horizon/project/instances/" "Mozilla/5.0 (Windows NT 6.1; WOW64) AppleWebKit/537.36 (KHTML, like Gecko) Chrome/34.0.1847.116 Safari/537.36"
192.168.0.4 - - [21/Apr/2014:16:20:39 +0100] "GET /horizon/project/instances/?action=row_update&table=instances&obj_id=0bdea007-9fe0-4ba1-bac0-4575b06db24f HTTP/1.1" 200 2687 "http://192.168.0.10/horizon/project/instances/" "Mozilla/5.0 (Windows NT 6.1; WOW64; rv:28.0) Gecko/20100101 Firefox/28.0"
192.168.0.5 - - [21/Apr/2014:16:20:42 +0100] "GET /horizon/project/instances/launch HTTP/1.1" 200 4703 "http://192.168.0.10/horizon/project/instances/" "Mozilla/5.0 (Windows NT 6.1; WOW64) AppleWebKit/537.36 (KHTML, like Gecko) Chrome/34.0.1847.116 Safari/537.36"
192.168.0.4 - - [21/Apr/2014:16:20:46 +0100] "POST /horizon/project/instances/launch HTTP/1.1" 200 1821 "http://192.168.0.10/horizon/project/instances/" "Mozilla/5.0 (Windows NT 6.1; WOW64; rv:28.0) Gecko/20100101 Firefox/28.0"
192.168.0.4 - - [21/Apr/2014:16:20:48 +0100] "GET /horizon/project/instances/ HTTP/1.1" 200 5574 "http://192.168.0.10/horizon/project/instances/" "Mozilla/5.0 (Windows NT 6.1; WOW64; rv:28.0) Gecko/20100101 Firefox/28.0"
192.168.0.4 - - [21/Apr/2014:16:20:49 +0100] "GET /horizon/i18n/js/horizon/ HTTP/1.1" 200 3836 "http://192.168.0.10/horizon/project/instances/" "Mozilla/5.0 (Windows NT 6.1; WOW64; rv:28.0) Gecko/20100101 Firefox/28.0"
192.168.0.4 - - [21/Apr/2014:16:20:50 +0100] "GET /horizon/project/instances/?action=row_update&table=instances&obj_id=91dfa9e2-cc98-453d-9505-2462d3569b02 HTTP/1.1" 200 2366 "http://192.168.0.10/horizon/project/instances/" "Mozilla/5.0 (Windows NT 6.1; WOW64; rv:28.0) Gecko/20100101 Firefox/28.0"
192.168.0.4 - - [21/Apr/2014:16:20:52 +0100] "GET /horizon/project/instances/?action=row_update&table=instances&obj_id=91dfa9e2-cc98-453d-9505-2462d3569b02 HTTP/1.1" 200 2366 "http://192.168.0.10/horizon/project/instances/" "Mozilla/5.0 (Windows NT 6.1; WOW64; rv:28.0) Gecko/20100101 Firefox/28.0"
192.168.0.4 - - [21/Apr/2014:16:20:53 +0100] "GET /horizon/auth/logout/ HTTP/1.1" 302 485 "http://192.168.0.10/horizon/project/instances/" "Mozilla/5.0 (Windows NT 6.1; WOW64; rv:28.0) Gecko/20100101 Firefox/28.0"
192.168.0.4 - - [21/Apr/2014:16:20:54 +0100] "GET /horizon/auth/login/ HTTP/1.1" 200 2356 "http://192.168.0.10/horizon/project/instances/" "Mozilla/5.0 (Windows NT 6.1; WOW64; rv:28.0) Gecko/20100101 Firefox/28.0"
192.168.0.4 - - [21/Apr/2014:16:20:54 +0100] "GET /horizon/i18n/js/horizon/ HTTP/1.1" 200 2649 "http://192.168.0.10/horizon/auth/login/" "Mozilla/5.0 (Windows NT 6.1; WOW64; rv:28.0) Gecko/20100101 Firefox/28.0"
192.168.0.5 - - [21/Apr/2014:16:21:04 +0100] "POST /horizon/project/instances/launch HTTP/1.1" 200 1837 "http://192.168.0.10/horizon/project/instances/" "Mozilla/5.0 (Windows NT 6.1; WOW64) AppleWebKit/537.36 (KHTML, like Gecko) Chrome/34.0.1847.116 Safari/537.36"
192.168.0.5 - - [21/Apr/2014:16:21:05 +0100] "GET /horizon/project/instances/ HTTP/1.1" 200 4860 "http://192.168.0.10/horizon/project/instances/" "Mozilla/5.0 (Windows NT 6.1; WOW64) AppleWebKit/537.36 (KHTML, like Gecko) Chrome/34.0.1847.116 Safari/537.36"
192.168.0.5 - - [21/Apr/2014:16:21:05 +0100] "GET /horizon/i18n/js/horizon/ HTTP/1.1" 200 3842 "http://192.168.0.10/horizon/project/instances/" "Mozilla/5.0 (Windows NT 6.1; WOW64) AppleWebKit/537.36 (KHTML, like Gecko) Chrome/34.0.1847.116 Safari/537.36"
192.168.0.5 - - [21/Apr/2014:16:21:05 +0100] "GET /horizon/project/instances/?action=row_update&table=instances&obj_id=0af66cc6-ea41-4c13-b640-c5073ec61d66 HTTP/1.1" 200 2374 "http://192.168.0.10/horizon/project/instances/" "Mozilla/5.0 (Windows NT 6.1; WOW64) AppleWebKit/537.36 (KHTML, like Gecko) Chrome/34.0.1847.116 Safari/537.36"
192.168.0.4 - - [21/Apr/2014:16:21:08 +0100] "POST /horizon/auth/login/ HTTP/1.1" 302 1867 "http://192.168.0.10/horizon/auth/login/" "Mozilla/5.0 (Windows NT 6.1; WOW64; rv:28.0) Gecko/20100101 Firefox/28.0"
192.168.0.4 - - [21/Apr/2014:16:21:08 +0100] "GET /horizon HTTP/1.1" 302 1743 "http://192.168.0.10/horizon/auth/login/" "Mozilla/5.0 (Windows NT 6.1; WOW64; rv:28.0) Gecko/20100101 Firefox/28.0"
192.168.0.5 - - [21/Apr/2014:16:21:08 +0100] "GET /horizon/project/instances/?action=row_update&table=instances&obj_id=0af66cc6-ea41-4c13-b640-c5073ec61d66 HTTP/1.1" 200 2376 "http://192.168.0.10/horizon/project/instances/" "Mozilla/5.0 (Windows NT 6.1; WOW64) AppleWebKit/537.36 (KHTML, like Gecko) Chrome/34.0.1847.116 Safari/537.36"
192.168.0.4 - - [21/Apr/2014:16:21:08 +0100] "GET /horizon/project/ HTTP/1.1" 200 4443 "http://192.168.0.10/horizon/auth/login/" "Mozilla/5.0 (Windows NT 6.1; WOW64; rv:28.0) Gecko/20100101 Firefox/28.0"
192.168.0.4 - - [21/Apr/2014:16:21:09 +0100] "GET /horizon/i18n/js/horizon/ HTTP/1.1" 200 3838 "http://192.168.0.10/horizon/project/" "Mozilla/5.0 (Windows NT 6.1; WOW64; rv:28.0) Gecko/20100101 Firefox/28.0"
192.168.0.5 - - [21/Apr/2014:16:21:11 +0100] "GET /horizon/project/instances/?action=row_update&table=instances&obj_id=0af66cc6-ea41-4c13-b640-c5073ec61d66 HTTP/1.1" 200 2376 "http://192.168.0.10/horizon/project/instances/" "Mozilla/5.0 (Windows NT 6.1; WOW64) AppleWebKit/537.36 (KHTML, like Gecko) Chrome/34.0.1847.116 Safari/537.36"
192.168.0.4 - - [21/Apr/2014:16:21:12 +0100] "GET /horizon/project/instances/ HTTP/1.1" 200 4151 "http://192.168.0.10/horizon/project/" "Mozilla/5.0 (Windows NT 6.1; WOW64; rv:28.0) Gecko/20100101 Firefox/28.0"
192.168.0.4 - - [21/Apr/2014:16:21:12 +0100] "GET /horizon/i18n/js/horizon/ HTTP/1.1" 200 3840 "http://192.168.0.10/horizon/project/instances/" "Mozilla/5.0 (Windows NT 6.1; WOW64; rv:28.0) Gecko/20100101 Firefox/28.0"
192.168.0.5 - - [21/Apr/2014:16:21:13 +0100] "GET /horizon/project/instances/?action=row_update&table=instances&obj_id=0af66cc6-ea41-4c13-b640-c5073ec61d66 HTTP/1.1" 200 2374 "http://192.168.0.10/horizon/project/instances/" "Mozilla/5.0 (Windows NT 6.1; WOW64) AppleWebKit/537.36 (KHTML, like Gecko) Chrome/34.0.1847.116 Safari/537.36"
192.168.0.4 - - [21/Apr/2014:16:21:15 +0100] "GET /horizon/project/instances/launch HTTP/1.1" 200 4699 "http://192.168.0.10/horizon/project/instances/" "Mozilla/5.0 (Windows NT 6.1; WOW64; rv:28.0) Gecko/20100101 Firefox/28.0"
192.168.0.5 - - [21/Apr/2014:16:21:19 +0100] "GET /horizon/project/instances/?action=row_update&table=instances&obj_id=0af66cc6-ea41-4c13-b640-c5073ec61d66 HTTP/1.1" 200 2377 "http://192.168.0.10/horizon/project/instances/" "Mozilla/5.0 (Windows NT 6.1; WOW64) AppleWebKit/537.36 (KHTML, like Gecko) Chrome/34.0.1847.116 Safari/537.36"
192.168.0.5 - - [21/Apr/2014:16:21:27 +0100] "GET /horizon/project/instances/?action=row_update&table=instances&obj_id=0af66cc6-ea41-4c13-b640-c5073ec61d66 HTTP/1.1" 200 2697 "http://192.168.0.10/horizon/project/instances/" "Mozilla/5.0 (Windows NT 6.1; WOW64) AppleWebKit/537.36 (KHTML, like Gecko) Chrome/34.0.1847.116 Safari/537.36"
192.168.0.4 - - [21/Apr/2014:16:21:31 +0100] "POST /horizon/project/instances/launch HTTP/1.1" 200 1830 "http://192.168.0.10/horizon/project/instances/" "Mozilla/5.0 (Windows NT 6.1; WOW64; rv:28.0) Gecko/20100101 Firefox/28.0"
192.168.0.4 - - [21/Apr/2014:16:21:32 +0100] "GET /horizon/project/instances/ HTTP/1.1" 200 4862 "http://192.168.0.10/horizon/project/instances/" "Mozilla/5.0 (Windows NT 6.1; WOW64; rv:28.0) Gecko/20100101 Firefox/28.0"
192.168.0.4 - - [21/Apr/2014:16:21:33 +0100] "GET /horizon/i18n/js/horizon/ HTTP/1.1" 200 3840 "http://192.168.0.10/horizon/project/instances/" "Mozilla/5.0 (Windows NT 6.1; WOW64; rv:28.0) Gecko/20100101 Firefox/28.0"
192.168.0.5 - - [21/Apr/2014:16:21:32 +0100] "GET /horizon/project/instances/launch HTTP/1.1" 200 4707 "http://192.168.0.10/horizon/project/instances/" "Mozilla/5.0 (Windows NT 6.1; WOW64) AppleWebKit/537.36 (KHTML, like Gecko) Chrome/34.0.1847.116 Safari/537.36"
192.168.0.4 - - [21/Apr/2014:16:21:34 +0100] "GET /horizon/project/instances/?action=row_update&table=instances&obj_id=9826c2f6-4859-4319-8b69-5e95b0362a49 HTTP/1.1" 200 2373 "http://192.168.0.10/horizon/project/instances/" "Mozilla/5.0 (Windows NT 6.1; WOW64; rv:28.0) Gecko/20100101 Firefox/28.0"
192.168.0.4 - - [21/Apr/2014:16:21:36 +0100] "GET /horizon/project/instances/launch HTTP/1.1" 200 4699 "http://192.168.0.10/horizon/project/instances/" "Mozilla/5.0 (Windows NT 6.1; WOW64; rv:28.0) Gecko/20100101 Firefox/28.0"
192.168.0.4 - - [21/Apr/2014:16:21:36 +0100] "GET /horizon/project/instances/?action=row_update&table=instances&obj_id=9826c2f6-4859-4319-8b69-5e95b0362a49 HTTP/1.1" 200 2372 "http://192.168.0.10/horizon/project/instances/" "Mozilla/5.0 (Windows NT 6.1; WOW64; rv:28.0) Gecko/20100101 Firefox/28.0"
192.168.0.4 - - [21/Apr/2014:16:21:39 +0100] "GET /horizon/project/instances/?action=row_update&table=instances&obj_id=9826c2f6-4859-4319-8b69-5e95b0362a49 HTTP/1.1" 200 2373 "http://192.168.0.10/horizon/project/instances/" "Mozilla/5.0 (Windows NT 6.1; WOW64; rv:28.0) Gecko/20100101 Firefox/28.0"
192.168.0.4 - - [21/Apr/2014:16:21:44 +0100] "GET /horizon/project/instances/?action=row_update&table=instances&obj_id=9826c2f6-4859-4319-8b69-5e95b0362a49 HTTP/1.1" 200 2373 "http://192.168.0.10/horizon/project/instances/" "Mozilla/5.0 (Windows NT 6.1; WOW64; rv:28.0) Gecko/20100101 Firefox/28.0"
192.168.0.4 - - [21/Apr/2014:16:21:50 +0100] "POST /horizon/project/instances/launch HTTP/1.1" 200 1840 "http://192.168.0.10/horizon/project/instances/" "Mozilla/5.0 (Windows NT 6.1; WOW64; rv:28.0) Gecko/20100101 Firefox/28.0"
192.168.0.4 - - [21/Apr/2014:16:21:51 +0100] "GET /horizon/project/instances/ HTTP/1.1" 200 5283 "http://192.168.0.10/horizon/project/instances/" "Mozilla/5.0 (Windows NT 6.1; WOW64; rv:28.0) Gecko/20100101 Firefox/28.0"
192.168.0.4 - - [21/Apr/2014:16:21:51 +0100] "GET /horizon/project/instances/?action=row_update&table=instances&obj_id=9826c2f6-4859-4319-8b69-5e95b0362a49 HTTP/1.1" 200 2695 "http://192.168.0.10/horizon/project/instances/" "Mozilla/5.0 (Windows NT 6.1; WOW64; rv:28.0) Gecko/20100101 Firefox/28.0"
192.168.0.4 - - [21/Apr/2014:16:21:52 +0100] "GET /horizon/i18n/js/horizon/ HTTP/1.1" 200 3842 "http://192.168.0.10/horizon/project/instances/" "Mozilla/5.0 (Windows NT 6.1; WOW64; rv:28.0) Gecko/20100101 Firefox/28.0"
192.168.0.5 - - [21/Apr/2014:16:21:51 +0100] "POST /horizon/project/instances/launch HTTP/1.1" 200 1839 "http://192.168.0.10/horizon/project/instances/" "Mozilla/5.0 (Windows NT 6.1; WOW64) AppleWebKit/537.36 (KHTML, like Gecko) Chrome/34.0.1847.116 Safari/537.36"
192.168.0.5 - - [21/Apr/2014:16:21:52 +0100] "GET /horizon/project/instances/ HTTP/1.1" 200 5335 "http://192.168.0.10/horizon/project/instances/" "Mozilla/5.0 (Windows NT 6.1; WOW64) AppleWebKit/537.36 (KHTML, like Gecko) Chrome/34.0.1847.116 Safari/537.36"
192.168.0.5 - - [21/Apr/2014:16:21:53 +0100] "GET /horizon/i18n/js/horizon/ HTTP/1.1" 200 3845 "http://192.168.0.10/horizon/project/instances/" "Mozilla/5.0 (Windows NT 6.1; WOW64) AppleWebKit/537.36 (KHTML, like Gecko) Chrome/34.0.1847.116 Safari/537.36"
192.168.0.4 - - [21/Apr/2014:16:21:53 +0100] "GET /horizon/project/instances/?action=row_update&table=instances&obj_id=fcded2cf-aa5c-4768-bbaf-5ca51186ec51 HTTP/1.1" 200 2375 "http://192.168.0.10/horizon/project/instances/" "Mozilla/5.0 (Windows NT 6.1; WOW64; rv:28.0) Gecko/20100101 Firefox/28.0"
192.168.0.5 - - [21/Apr/2014:16:21:53 +0100] "GET /horizon/project/instances/?action=row_update&table=instances&obj_id=3ad2ac1d-4ac7-4fc4-8732-23bee0f814d9 HTTP/1.1" 200 2376 "http://192.168.0.10/horizon/project/instances/" "Mozilla/5.0 (Windows NT 6.1; WOW64) AppleWebKit/537.36 (KHTML, like Gecko) Chrome/34.0.1847.116 Safari/537.36"
192.168.0.4 - - [21/Apr/2014:16:21:55 +0100] "GET /horizon/project/instances/?action=row_update&table=instances&obj_id=fcded2cf-aa5c-4768-bbaf-5ca51186ec51 HTTP/1.1" 200 2376 "http://192.168.0.10/horizon/project/instances/" "Mozilla/5.0 (Windows NT 6.1; WOW64; rv:28.0) Gecko/20100101 Firefox/28.0"
192.168.0.5 - - [21/Apr/2014:16:21:55 +0100] "GET /horizon/project/instances/?action=row_update&table=instances&obj_id=3ad2ac1d-4ac7-4fc4-8732-23bee0f814d9 HTTP/1.1" 200 2378 "http://192.168.0.10/horizon/project/instances/" "Mozilla/5.0 (Windows NT 6.1; WOW64) AppleWebKit/537.36 (KHTML, like Gecko) Chrome/34.0.1847.116 Safari/537.36"
192.168.0.5 - - [21/Apr/2014:16:21:56 +0100] "GET /horizon/project/instances/launch HTTP/1.1" 200 4712 "http://192.168.0.10/horizon/project/instances/" "Mozilla/5.0 (Windows NT 6.1; WOW64) AppleWebKit/537.36 (KHTML, like Gecko) Chrome/34.0.1847.116 Safari/537.36"
192.168.0.4 - - [21/Apr/2014:16:21:58 +0100] "GET /horizon/project/instances/?action=row_update&table=instances&obj_id=fcded2cf-aa5c-4768-bbaf-5ca51186ec51 HTTP/1.1" 200 2374 "http://192.168.0.10/horizon/project/instances/" "Mozilla/5.0 (Windows NT 6.1; WOW64; rv:28.0) Gecko/20100101 Firefox/28.0"
192.168.0.5 - - [21/Apr/2014:16:21:58 +0100] "GET /horizon/project/instances/?action=row_update&table=instances&obj_id=3ad2ac1d-4ac7-4fc4-8732-23bee0f814d9 HTTP/1.1" 200 2378 "http://192.168.0.10/horizon/project/instances/" "Mozilla/5.0 (Windows NT 6.1; WOW64) AppleWebKit/537.36 (KHTML, like Gecko) Chrome/34.0.1847.116 Safari/537.36"
192.168.0.4 - - [21/Apr/2014:16:21:58 +0100] "GET /horizon/project/instances/launch HTTP/1.1" 200 4707 "http://192.168.0.10/horizon/project/instances/" "Mozilla/5.0 (Windows NT 6.1; WOW64; rv:28.0) Gecko/20100101 Firefox/28.0"
192.168.0.5 - - [21/Apr/2014:16:22:00 +0100] "GET /horizon/project/instances/?action=row_update&table=instances&obj_id=3ad2ac1d-4ac7-4fc4-8732-23bee0f814d9 HTTP/1.1" 200 2379 "http://192.168.0.10/horizon/project/instances/" "Mozilla/5.0 (Windows NT 6.1; WOW64) AppleWebKit/537.36 (KHTML, like Gecko) Chrome/34.0.1847.116 Safari/537.36"
192.168.0.5 - - [21/Apr/2014:16:22:01 +0100] "GET /horizon/project/instances/launch HTTP/1.1" 200 4712 "http://192.168.0.10/horizon/project/instances/" "Mozilla/5.0 (Windows NT 6.1; WOW64) AppleWebKit/537.36 (KHTML, like Gecko) Chrome/34.0.1847.116 Safari/537.36"
192.168.0.4 - - [21/Apr/2014:16:22:03 +0100] "GET /horizon/project/instances/?action=row_update&table=instances&obj_id=fcded2cf-aa5c-4768-bbaf-5ca51186ec51 HTTP/1.1" 200 2374 "http://192.168.0.10/horizon/project/instances/" "Mozilla/5.0 (Windows NT 6.1; WOW64; rv:28.0) Gecko/20100101 Firefox/28.0"
192.168.0.5 - - [21/Apr/2014:16:22:05 +0100] "GET /horizon/project/instances/?action=row_update&table=instances&obj_id=3ad2ac1d-4ac7-4fc4-8732-23bee0f814d9 HTTP/1.1" 200 2382 "http://192.168.0.10/horizon/project/instances/" "Mozilla/5.0 (Windows NT 6.1; WOW64) AppleWebKit/537.36 (KHTML, like Gecko) Chrome/34.0.1847.116 Safari/537.36"
192.168.0.4 - - [21/Apr/2014:16:22:09 +0100] "POST /horizon/project/instances/launch HTTP/1.1" 200 1837 "http://192.168.0.10/horizon/project/instances/" "Mozilla/5.0 (Windows NT 6.1; WOW64; rv:28.0) Gecko/20100101 Firefox/28.0"
192.168.0.4 - - [21/Apr/2014:16:22:10 +0100] "GET /horizon/project/instances/?action=row_update&table=instances&obj_id=fcded2cf-aa5c-4768-bbaf-5ca51186ec51 HTTP/1.1" 200 2698 "http://192.168.0.10/horizon/project/instances/" "Mozilla/5.0 (Windows NT 6.1; WOW64; rv:28.0) Gecko/20100101 Firefox/28.0"
192.168.0.4 - - [21/Apr/2014:16:22:10 +0100] "GET /horizon/project/instances/ HTTP/1.1" 200 5597 "http://192.168.0.10/horizon/project/instances/" "Mozilla/5.0 (Windows NT 6.1; WOW64; rv:28.0) Gecko/20100101 Firefox/28.0"
